16:47:45.611 [JavaFX Application Thread] INFO  com.stickpoint.ddmusic.App - === 应用启动调试信息 ===
16:47:45.622 [JavaFX Application Thread] INFO  com.stickpoint.ddmusic.App - Java 版本: 21.0.8
16:47:45.623 [JavaFX Application Thread] INFO  com.stickpoint.ddmusic.App - JavaFX 版本: 21.0.7
16:47:45.623 [JavaFX Application Thread] INFO  com.stickpoint.ddmusic.App - 工作目录: E:\codeData\javaProject\javafx-ddmusic\ddmuisc2
16:47:45.624 [JavaFX Application Thread] INFO  com.stickpoint.ddmusic.App - 1. 开始创建 HomePage
16:47:52.270 [JavaFX Application Thread] INFO  c.s.d.p.n.MusicPlayDetailContainer - 旋转角度: 60.0
16:47:52.275 [JavaFX Application Thread] INFO  com.stickpoint.ddmusic.App - 2. HomePage 创建成功
16:47:52.276 [JavaFX Application Thread] INFO  com.stickpoint.ddmusic.App - 3. 开始创建场景
16:47:52.370 [JavaFX Application Thread] INFO  com.stickpoint.ddmusic.App - 4. 场景创建成功
16:47:52.370 [JavaFX Application Thread] INFO  com.stickpoint.ddmusic.App - 5. 设置舞台属性
16:47:52.372 [JavaFX Application Thread] INFO  com.stickpoint.ddmusic.App - 6. 舞台属性设置完成
16:47:52.372 [JavaFX Application Thread] INFO  com.stickpoint.ddmusic.App - 7. 加载图标
16:47:52.372 [JavaFX Application Thread] INFO  com.stickpoint.ddmusic.App - 图标URL: file:/E:/codeData/javaProject/javafx-ddmusic/ddmuisc2/target/classes/img/logo.svg
16:47:52.412 [JavaFX Application Thread] INFO  com.stickpoint.ddmusic.App - 8. 图标加载成功
16:47:52.412 [JavaFX Application Thread] INFO  com.stickpoint.ddmusic.App - 9. 显示舞台
16:47:52.895 [JavaFX Application Thread] INFO  com.stickpoint.ddmusic.App - 10. 添加窗口缩放支持
16:47:52.897 [JavaFX Application Thread] INFO  com.stickpoint.ddmusic.App - 11. 居中显示
16:47:52.898 [JavaFX Application Thread] INFO  com.stickpoint.ddmusic.App - 12. 应用启动完成
16:48:02.216 [JavaFX Application Thread] INFO  c.s.d.p.n.MusicPlayDetailContainer - 当前旋转角度: 暂停--95.0
16:48:02.600 [JavaFX Application Thread] INFO  c.s.d.p.n.MusicPlayDetailContainer - 暂停旋转
16:48:02.601 [JavaFX Application Thread] INFO  c.s.d.p.n.MusicPlayDetailContainer - 当前播放状态: PAUSED
16:48:02.604 [JavaFX Application Thread] INFO  c.s.d.p.n.MusicPlayDetailContainer - 当前旋转角度: 播放--95.0
16:48:03.345 [JavaFX Application Thread] INFO  c.s.d.p.n.MusicPlayDetailContainer - 当前旋转角度: 暂停--95.0
16:48:14.879 [JavaFX Application Thread] INFO  c.s.d.p.n.MusicPlayDetailContainer - 暂停旋转
16:48:14.880 [JavaFX Application Thread] INFO  c.s.d.p.n.MusicPlayDetailContainer - 当前播放状态: STOPPED
16:48:14.884 [JavaFX Application Thread] INFO  c.s.d.p.n.MusicPlayDetailContainer - 当前旋转角度: 播放--95.0
16:48:16.965 [JavaFX Application Thread] INFO  c.s.d.p.n.MusicPlayDetailContainer - 当前旋转角度: 暂停--95.0
16:48:21.424 [JavaFX Application Thread] INFO  c.s.d.p.n.MusicPlayDetailContainer - 暂停旋转
16:48:21.424 [JavaFX Application Thread] INFO  c.s.d.p.n.MusicPlayDetailContainer - 当前播放状态: PAUSED
16:48:21.425 [JavaFX Application Thread] INFO  c.s.d.p.n.MusicPlayDetailContainer - 当前旋转角度: 播放--95.0
16:50:36.824 [JavaFX Application Thread] INFO  c.s.d.p.node.HomePageMenuItemPanel - === ToggleGroup 监听器被触发 ===
16:50:36.825 [JavaFX Application Thread] INFO  c.s.d.p.node.HomePageMenuItemPanel - oldToggle: null
16:50:36.825 [JavaFX Application Thread] INFO  c.s.d.p.node.HomePageMenuItemPanel - newToggle: myMusic
16:50:36.826 [JavaFX Application Thread] INFO  c.s.d.p.node.HomePageMenuItemPanel - 当前选中的菜单项：myMusic
16:50:36.826 [JavaFX Application Thread] INFO  c.s.d.p.node.HomePageMenuItemPanel - ================================
16:52:26.677 [JavaFX Application Thread] INFO  com.stickpoint.ddmusic.App - === 应用启动调试信息 ===
16:52:26.678 [JavaFX Application Thread] INFO  com.stickpoint.ddmusic.App - Java 版本: 21.0.8
16:52:26.679 [JavaFX Application Thread] INFO  com.stickpoint.ddmusic.App - JavaFX 版本: 21.0.7
16:52:26.679 [JavaFX Application Thread] INFO  com.stickpoint.ddmusic.App - 工作目录: E:\codeData\javaProject\javafx-ddmusic\ddmuisc2
16:52:26.680 [JavaFX Application Thread] INFO  com.stickpoint.ddmusic.App - 1. 开始创建 HomePage
16:52:27.455 [JavaFX Application Thread] INFO  c.s.d.p.n.MusicPlayDetailContainer - 旋转角度: 60.0
16:52:27.462 [JavaFX Application Thread] INFO  com.stickpoint.ddmusic.App - 2. HomePage 创建成功
16:52:27.463 [JavaFX Application Thread] INFO  com.stickpoint.ddmusic.App - 3. 开始创建场景
16:52:27.525 [JavaFX Application Thread] INFO  com.stickpoint.ddmusic.App - 4. 场景创建成功
16:52:27.526 [JavaFX Application Thread] INFO  com.stickpoint.ddmusic.App - 5. 设置舞台属性
16:52:27.527 [JavaFX Application Thread] INFO  com.stickpoint.ddmusic.App - 6. 舞台属性设置完成
16:52:27.527 [JavaFX Application Thread] INFO  com.stickpoint.ddmusic.App - 7. 加载图标
16:52:27.528 [JavaFX Application Thread] INFO  com.stickpoint.ddmusic.App - 图标URL: file:/E:/codeData/javaProject/javafx-ddmusic/ddmuisc2/target/classes/img/logo.svg
16:52:27.530 [JavaFX Application Thread] INFO  com.stickpoint.ddmusic.App - 8. 图标加载成功
16:52:27.531 [JavaFX Application Thread] INFO  com.stickpoint.ddmusic.App - 9. 显示舞台
16:52:27.969 [JavaFX Application Thread] INFO  com.stickpoint.ddmusic.App - 10. 添加窗口缩放支持
16:52:27.974 [JavaFX Application Thread] INFO  com.stickpoint.ddmusic.App - 11. 居中显示
16:52:27.975 [JavaFX Application Thread] INFO  com.stickpoint.ddmusic.App - 12. 应用启动完成
16:52:40.903 [JavaFX Application Thread] INFO  com.stickpoint.ddmusic.App - === 应用启动调试信息 ===
16:52:40.906 [JavaFX Application Thread] INFO  com.stickpoint.ddmusic.App - Java 版本: 21.0.8
16:52:40.906 [JavaFX Application Thread] INFO  com.stickpoint.ddmusic.App - JavaFX 版本: 21.0.7
16:52:40.907 [JavaFX Application Thread] INFO  com.stickpoint.ddmusic.App - 工作目录: E:\codeData\javaProject\javafx-ddmusic\ddmuisc2
16:52:40.907 [JavaFX Application Thread] INFO  com.stickpoint.ddmusic.App - 1. 开始创建 HomePage
16:52:42.073 [JavaFX Application Thread] INFO  c.s.d.p.n.MusicPlayDetailContainer - 旋转角度: 60.0
16:52:42.083 [JavaFX Application Thread] INFO  com.stickpoint.ddmusic.App - 2. HomePage 创建成功
16:52:42.084 [JavaFX Application Thread] INFO  com.stickpoint.ddmusic.App - 3. 开始创建场景
16:52:42.148 [JavaFX Application Thread] INFO  com.stickpoint.ddmusic.App - 4. 场景创建成功
16:52:42.149 [JavaFX Application Thread] INFO  com.stickpoint.ddmusic.App - 5. 设置舞台属性
16:52:42.150 [JavaFX Application Thread] INFO  com.stickpoint.ddmusic.App - 6. 舞台属性设置完成
16:52:42.150 [JavaFX Application Thread] INFO  com.stickpoint.ddmusic.App - 7. 加载图标
16:52:42.151 [JavaFX Application Thread] INFO  com.stickpoint.ddmusic.App - 图标URL: file:/E:/codeData/javaProject/javafx-ddmusic/ddmuisc2/target/classes/img/logo.svg
16:52:42.153 [JavaFX Application Thread] INFO  com.stickpoint.ddmusic.App - 8. 图标加载成功
16:52:42.154 [JavaFX Application Thread] INFO  com.stickpoint.ddmusic.App - 9. 显示舞台
16:52:42.541 [JavaFX Application Thread] INFO  com.stickpoint.ddmusic.App - 10. 添加窗口缩放支持
16:52:42.545 [JavaFX Application Thread] INFO  com.stickpoint.ddmusic.App - 11. 居中显示
16:52:42.546 [JavaFX Application Thread] INFO  com.stickpoint.ddmusic.App - 12. 应用启动完成
17:17:10.230 [JavaFX Application Thread] INFO  com.stickpoint.ddmusic.App - === 应用启动调试信息 ===
17:17:10.233 [JavaFX Application Thread] INFO  com.stickpoint.ddmusic.App - Java 版本: 21.0.8
17:17:10.233 [JavaFX Application Thread] INFO  com.stickpoint.ddmusic.App - JavaFX 版本: 21.0.7
17:17:10.234 [JavaFX Application Thread] INFO  com.stickpoint.ddmusic.App - 工作目录: E:\codeData\javaProject\javafx-ddmusic\ddmuisc2
17:17:10.234 [JavaFX Application Thread] INFO  com.stickpoint.ddmusic.App - 1. 开始创建 HomePage
17:17:11.534 [JavaFX Application Thread] INFO  c.s.d.p.n.MusicPlayDetailContainer - 旋转角度: 60.0
17:17:11.541 [JavaFX Application Thread] INFO  com.stickpoint.ddmusic.App - 2. HomePage 创建成功
17:17:11.542 [JavaFX Application Thread] INFO  com.stickpoint.ddmusic.App - 3. 开始创建场景
17:17:11.624 [JavaFX Application Thread] INFO  com.stickpoint.ddmusic.App - 4. 场景创建成功
17:17:11.625 [JavaFX Application Thread] INFO  com.stickpoint.ddmusic.App - 5. 设置舞台属性
17:17:11.626 [JavaFX Application Thread] INFO  com.stickpoint.ddmusic.App - 6. 舞台属性设置完成
17:17:11.627 [JavaFX Application Thread] INFO  com.stickpoint.ddmusic.App - 7. 加载图标
17:17:11.628 [JavaFX Application Thread] INFO  com.stickpoint.ddmusic.App - 图标URL: file:/E:/codeData/javaProject/javafx-ddmusic/ddmuisc2/target/classes/img/logo.svg
17:17:11.631 [JavaFX Application Thread] INFO  com.stickpoint.ddmusic.App - 8. 图标加载成功
17:17:11.631 [JavaFX Application Thread] INFO  com.stickpoint.ddmusic.App - 9. 显示舞台
17:17:12.036 [JavaFX Application Thread] INFO  com.stickpoint.ddmusic.App - 10. 添加窗口缩放支持
17:17:12.040 [JavaFX Application Thread] INFO  com.stickpoint.ddmusic.App - 11. 居中显示
17:17:12.041 [JavaFX Application Thread] INFO  com.stickpoint.ddmusic.App - 12. 应用启动完成
17:17:15.447 [JavaFX Application Thread] INFO  c.s.d.p.node.HomePageMenuItemPanel - === ToggleGroup 监听器被触发 ===
17:17:15.448 [JavaFX Application Thread] INFO  c.s.d.p.node.HomePageMenuItemPanel - oldToggle: null
17:17:15.448 [JavaFX Application Thread] INFO  c.s.d.p.node.HomePageMenuItemPanel - newToggle: myMusic
17:17:15.449 [JavaFX Application Thread] INFO  c.s.d.p.node.HomePageMenuItemPanel - 当前选中的菜单项：myMusic
17:17:15.450 [JavaFX Application Thread] INFO  c.s.d.p.node.HomePageMenuItemPanel - ================================
17:17:17.351 [JavaFX Application Thread] INFO  c.s.d.p.node.HomePageMenuItemPanel - === ToggleGroup 监听器被触发 ===
17:17:17.352 [JavaFX Application Thread] INFO  c.s.d.p.node.HomePageMenuItemPanel - oldToggle: myMusic
17:17:17.353 [JavaFX Application Thread] INFO  c.s.d.p.node.HomePageMenuItemPanel - newToggle: recent
17:17:17.353 [JavaFX Application Thread] INFO  c.s.d.p.node.HomePageMenuItemPanel - 当前选中的菜单项：recent
17:17:17.354 [JavaFX Application Thread] INFO  c.s.d.p.node.HomePageMenuItemPanel - 上一个被选中的菜单项：myMusic
17:17:17.355 [JavaFX Application Thread] INFO  c.s.d.p.node.HomePageMenuItemPanel - ================================
17:17:18.142 [JavaFX Application Thread] INFO  c.s.d.p.node.HomePageMenuItemPanel - === ToggleGroup 监听器被触发 ===
17:17:18.143 [JavaFX Application Thread] INFO  c.s.d.p.node.HomePageMenuItemPanel - oldToggle: recent
17:17:18.144 [JavaFX Application Thread] INFO  c.s.d.p.node.HomePageMenuItemPanel - newToggle: roam
17:17:18.144 [JavaFX Application Thread] INFO  c.s.d.p.node.HomePageMenuItemPanel - 当前选中的菜单项：roam
17:17:18.144 [JavaFX Application Thread] INFO  c.s.d.p.node.HomePageMenuItemPanel - 上一个被选中的菜单项：recent
17:17:18.145 [JavaFX Application Thread] INFO  c.s.d.p.node.HomePageMenuItemPanel - ================================
17:17:18.610 [JavaFX Application Thread] INFO  c.s.d.p.node.HomePageMenuItemPanel - === ToggleGroup 监听器被触发 ===
17:17:18.611 [JavaFX Application Thread] INFO  c.s.d.p.node.HomePageMenuItemPanel - oldToggle: roam
17:17:18.611 [JavaFX Application Thread] INFO  c.s.d.p.node.HomePageMenuItemPanel - newToggle: myPlaylist
17:17:18.612 [JavaFX Application Thread] INFO  c.s.d.p.node.HomePageMenuItemPanel - 当前选中的菜单项：myPlaylist
17:17:18.612 [JavaFX Application Thread] INFO  c.s.d.p.node.HomePageMenuItemPanel - 上一个被选中的菜单项：roam
17:17:18.613 [JavaFX Application Thread] INFO  c.s.d.p.node.HomePageMenuItemPanel - ================================
17:17:19.559 [JavaFX Application Thread] INFO  c.s.d.p.node.HomePageMenuItemPanel - === ToggleGroup 监听器被触发 ===
17:17:19.559 [JavaFX Application Thread] INFO  c.s.d.p.node.HomePageMenuItemPanel - oldToggle: myPlaylist
17:17:19.560 [JavaFX Application Thread] INFO  c.s.d.p.node.HomePageMenuItemPanel - newToggle: podcast
17:17:19.560 [JavaFX Application Thread] INFO  c.s.d.p.node.HomePageMenuItemPanel - 当前选中的菜单项：podcast
17:17:19.561 [JavaFX Application Thread] INFO  c.s.d.p.node.HomePageMenuItemPanel - 上一个被选中的菜单项：myPlaylist
17:17:19.561 [JavaFX Application Thread] INFO  c.s.d.p.node.HomePageMenuItemPanel - ================================
17:17:19.879 [JavaFX Application Thread] INFO  c.s.d.p.node.HomePageMenuItemPanel - === ToggleGroup 监听器被触发 ===
17:17:19.880 [JavaFX Application Thread] INFO  c.s.d.p.node.HomePageMenuItemPanel - oldToggle: podcast
17:17:19.881 [JavaFX Application Thread] INFO  c.s.d.p.node.HomePageMenuItemPanel - newToggle: jingxuan
17:17:19.881 [JavaFX Application Thread] INFO  c.s.d.p.node.HomePageMenuItemPanel - 当前选中的菜单项：jingxuan
17:17:19.882 [JavaFX Application Thread] INFO  c.s.d.p.node.HomePageMenuItemPanel - 上一个被选中的菜单项：podcast
17:17:19.882 [JavaFX Application Thread] INFO  c.s.d.p.node.HomePageMenuItemPanel - ================================
17:17:20.184 [JavaFX Application Thread] INFO  c.s.d.p.node.HomePageMenuItemPanel - === ToggleGroup 监听器被触发 ===
17:17:20.185 [JavaFX Application Thread] INFO  c.s.d.p.node.HomePageMenuItemPanel - oldToggle: jingxuan
17:17:20.185 [JavaFX Application Thread] INFO  c.s.d.p.node.HomePageMenuItemPanel - newToggle: recommend
17:17:20.186 [JavaFX Application Thread] INFO  c.s.d.p.node.HomePageMenuItemPanel - 当前选中的菜单项：recommend
17:17:20.186 [JavaFX Application Thread] INFO  c.s.d.p.node.HomePageMenuItemPanel - 上一个被选中的菜单项：jingxuan
17:17:20.187 [JavaFX Application Thread] INFO  c.s.d.p.node.HomePageMenuItemPanel - ================================
17:17:22.403 [JavaFX Application Thread] INFO  c.s.d.p.n.MusicPlayDetailContainer - 当前旋转角度: 暂停--95.0
17:18:30.158 [JavaFX Application Thread] INFO  c.s.d.p.node.HomePageMenuItemPanel - === ToggleGroup 监听器被触发 ===
17:18:30.159 [JavaFX Application Thread] INFO  c.s.d.p.node.HomePageMenuItemPanel - oldToggle: recommend
17:18:30.160 [JavaFX Application Thread] INFO  c.s.d.p.node.HomePageMenuItemPanel - newToggle: myMusic
17:18:30.161 [JavaFX Application Thread] INFO  c.s.d.p.node.HomePageMenuItemPanel - 当前选中的菜单项：myMusic
17:18:30.161 [JavaFX Application Thread] INFO  c.s.d.p.node.HomePageMenuItemPanel - 上一个被选中的菜单项：recommend
17:18:30.161 [JavaFX Application Thread] INFO  c.s.d.p.node.HomePageMenuItemPanel - ================================
17:18:35.711 [JavaFX Application Thread] INFO  c.s.d.p.n.MusicPlayDetailContainer - 暂停旋转
17:18:35.712 [JavaFX Application Thread] INFO  c.s.d.p.n.MusicPlayDetailContainer - 当前播放状态: PAUSED
17:18:35.713 [JavaFX Application Thread] INFO  c.s.d.p.n.MusicPlayDetailContainer - 当前旋转角度: 播放--95.0
17:22:08.124 [JavaFX Application Thread] INFO  com.stickpoint.ddmusic.App - === 应用启动调试信息 ===
17:22:08.127 [JavaFX Application Thread] INFO  com.stickpoint.ddmusic.App - Java 版本: 21.0.8
17:22:08.127 [JavaFX Application Thread] INFO  com.stickpoint.ddmusic.App - JavaFX 版本: 21.0.7
17:22:08.127 [JavaFX Application Thread] INFO  com.stickpoint.ddmusic.App - 工作目录: E:\codeData\javaProject\javafx-ddmusic\ddmuisc2
17:22:08.128 [JavaFX Application Thread] INFO  com.stickpoint.ddmusic.App - 1. 开始创建 HomePage
17:22:09.631 [JavaFX Application Thread] INFO  c.s.d.p.n.MusicPlayDetailContainer - 旋转角度: 60.0
17:22:09.747 [JavaFX Application Thread] INFO  com.stickpoint.ddmusic.App - 2. HomePage 创建成功
17:22:09.748 [JavaFX Application Thread] INFO  com.stickpoint.ddmusic.App - 3. 开始创建场景
17:22:09.807 [JavaFX Application Thread] INFO  com.stickpoint.ddmusic.App - 4. 场景创建成功
17:22:09.807 [JavaFX Application Thread] INFO  com.stickpoint.ddmusic.App - 5. 设置舞台属性
17:22:09.808 [JavaFX Application Thread] INFO  com.stickpoint.ddmusic.App - 6. 舞台属性设置完成
17:22:09.809 [JavaFX Application Thread] INFO  com.stickpoint.ddmusic.App - 7. 加载图标
17:22:09.810 [JavaFX Application Thread] INFO  com.stickpoint.ddmusic.App - 图标URL: file:/E:/codeData/javaProject/javafx-ddmusic/ddmuisc2/target/classes/img/logo.svg
17:22:09.812 [JavaFX Application Thread] INFO  com.stickpoint.ddmusic.App - 8. 图标加载成功
17:22:09.813 [JavaFX Application Thread] INFO  com.stickpoint.ddmusic.App - 9. 显示舞台
17:22:10.244 [JavaFX Application Thread] INFO  com.stickpoint.ddmusic.App - 10. 添加窗口缩放支持
17:22:10.248 [JavaFX Application Thread] INFO  com.stickpoint.ddmusic.App - 11. 居中显示
17:22:10.249 [JavaFX Application Thread] INFO  com.stickpoint.ddmusic.App - 12. 应用启动完成
17:23:11.535 [JavaFX Application Thread] INFO  c.s.d.p.node.HomePageMenuItemPanel - === ToggleGroup 监听器被触发 ===
17:23:11.536 [JavaFX Application Thread] INFO  c.s.d.p.node.HomePageMenuItemPanel - oldToggle: null
17:23:11.536 [JavaFX Application Thread] INFO  c.s.d.p.node.HomePageMenuItemPanel - newToggle: myMusic
17:23:11.537 [JavaFX Application Thread] INFO  c.s.d.p.node.HomePageMenuItemPanel - 当前选中的菜单项：myMusic
17:23:11.537 [JavaFX Application Thread] INFO  c.s.d.p.node.HomePageMenuItemPanel - ================================
17:23:17.240 [JavaFX Application Thread] INFO  c.s.d.p.node.HomePageMenuItemPanel - === ToggleGroup 监听器被触发 ===
17:23:17.240 [JavaFX Application Thread] INFO  c.s.d.p.node.HomePageMenuItemPanel - oldToggle: myMusic
17:23:17.240 [JavaFX Application Thread] INFO  c.s.d.p.node.HomePageMenuItemPanel - newToggle: recent
17:23:17.240 [JavaFX Application Thread] INFO  c.s.d.p.node.HomePageMenuItemPanel - 当前选中的菜单项：recent
17:23:17.240 [JavaFX Application Thread] INFO  c.s.d.p.node.HomePageMenuItemPanel - 上一个被选中的菜单项：myMusic
17:23:17.241 [JavaFX Application Thread] INFO  c.s.d.p.node.HomePageMenuItemPanel - ================================
17:23:18.439 [JavaFX Application Thread] INFO  c.s.d.p.node.HomePageMenuItemPanel - === ToggleGroup 监听器被触发 ===
17:23:18.439 [JavaFX Application Thread] INFO  c.s.d.p.node.HomePageMenuItemPanel - oldToggle: recent
17:23:18.439 [JavaFX Application Thread] INFO  c.s.d.p.node.HomePageMenuItemPanel - newToggle: myMusic
17:23:18.439 [JavaFX Application Thread] INFO  c.s.d.p.node.HomePageMenuItemPanel - 当前选中的菜单项：myMusic
17:23:18.440 [JavaFX Application Thread] INFO  c.s.d.p.node.HomePageMenuItemPanel - 上一个被选中的菜单项：recent
17:23:18.440 [JavaFX Application Thread] INFO  c.s.d.p.node.HomePageMenuItemPanel - ================================
17:23:20.287 [JavaFX Application Thread] INFO  c.s.d.p.node.HomePageMenuItemPanel - === ToggleGroup 监听器被触发 ===
17:23:20.288 [JavaFX Application Thread] INFO  c.s.d.p.node.HomePageMenuItemPanel - oldToggle: myMusic
17:23:20.288 [JavaFX Application Thread] INFO  c.s.d.p.node.HomePageMenuItemPanel - newToggle: recent
17:23:20.288 [JavaFX Application Thread] INFO  c.s.d.p.node.HomePageMenuItemPanel - 当前选中的菜单项：recent
17:23:20.288 [JavaFX Application Thread] INFO  c.s.d.p.node.HomePageMenuItemPanel - 上一个被选中的菜单项：myMusic
17:23:20.288 [JavaFX Application Thread] INFO  c.s.d.p.node.HomePageMenuItemPanel - ================================
17:23:20.719 [JavaFX Application Thread] INFO  c.s.d.p.node.HomePageMenuItemPanel - === ToggleGroup 监听器被触发 ===
17:23:20.719 [JavaFX Application Thread] INFO  c.s.d.p.node.HomePageMenuItemPanel - oldToggle: recent
17:23:20.720 [JavaFX Application Thread] INFO  c.s.d.p.node.HomePageMenuItemPanel - newToggle: myPlaylist
17:23:20.720 [JavaFX Application Thread] INFO  c.s.d.p.node.HomePageMenuItemPanel - 当前选中的菜单项：myPlaylist
17:23:20.720 [JavaFX Application Thread] INFO  c.s.d.p.node.HomePageMenuItemPanel - 上一个被选中的菜单项：recent
17:23:20.721 [JavaFX Application Thread] INFO  c.s.d.p.node.HomePageMenuItemPanel - ================================
17:23:21.807 [JavaFX Application Thread] INFO  c.s.d.p.node.HomePageMenuItemPanel - === ToggleGroup 监听器被触发 ===
17:23:21.807 [JavaFX Application Thread] INFO  c.s.d.p.node.HomePageMenuItemPanel - oldToggle: myPlaylist
17:23:21.808 [JavaFX Application Thread] INFO  c.s.d.p.node.HomePageMenuItemPanel - newToggle: myMusic
17:23:21.808 [JavaFX Application Thread] INFO  c.s.d.p.node.HomePageMenuItemPanel - 当前选中的菜单项：myMusic
17:23:21.808 [JavaFX Application Thread] INFO  c.s.d.p.node.HomePageMenuItemPanel - 上一个被选中的菜单项：myPlaylist
17:23:21.809 [JavaFX Application Thread] INFO  c.s.d.p.node.HomePageMenuItemPanel - ================================
17:23:22.248 [JavaFX Application Thread] INFO  c.s.d.p.node.HomePageMenuItemPanel - === ToggleGroup 监听器被触发 ===
17:23:22.248 [JavaFX Application Thread] INFO  c.s.d.p.node.HomePageMenuItemPanel - oldToggle: myMusic
17:23:22.248 [JavaFX Application Thread] INFO  c.s.d.p.node.HomePageMenuItemPanel - newToggle: podcast
17:23:22.248 [JavaFX Application Thread] INFO  c.s.d.p.node.HomePageMenuItemPanel - 当前选中的菜单项：podcast
17:23:22.248 [JavaFX Application Thread] INFO  c.s.d.p.node.HomePageMenuItemPanel - 上一个被选中的菜单项：myMusic
17:23:22.249 [JavaFX Application Thread] INFO  c.s.d.p.node.HomePageMenuItemPanel - ================================
17:23:22.599 [JavaFX Application Thread] INFO  c.s.d.p.node.HomePageMenuItemPanel - === ToggleGroup 监听器被触发 ===
17:23:22.599 [JavaFX Application Thread] INFO  c.s.d.p.node.HomePageMenuItemPanel - oldToggle: podcast
17:23:22.600 [JavaFX Application Thread] INFO  c.s.d.p.node.HomePageMenuItemPanel - newToggle: recommend
17:23:22.600 [JavaFX Application Thread] INFO  c.s.d.p.node.HomePageMenuItemPanel - 当前选中的菜单项：recommend
17:23:22.600 [JavaFX Application Thread] INFO  c.s.d.p.node.HomePageMenuItemPanel - 上一个被选中的菜单项：podcast
17:23:22.600 [JavaFX Application Thread] INFO  c.s.d.p.node.HomePageMenuItemPanel - ================================
17:23:26.950 [JavaFX Application Thread] INFO  c.s.d.p.node.HomePageMenuItemPanel - === ToggleGroup 监听器被触发 ===
17:23:26.951 [JavaFX Application Thread] INFO  c.s.d.p.node.HomePageMenuItemPanel - oldToggle: recommend
17:23:26.951 [JavaFX Application Thread] INFO  c.s.d.p.node.HomePageMenuItemPanel - newToggle: jingxuan
17:23:26.951 [JavaFX Application Thread] INFO  c.s.d.p.node.HomePageMenuItemPanel - 当前选中的菜单项：jingxuan
17:23:26.952 [JavaFX Application Thread] INFO  c.s.d.p.node.HomePageMenuItemPanel - 上一个被选中的菜单项：recommend
17:23:26.952 [JavaFX Application Thread] INFO  c.s.d.p.node.HomePageMenuItemPanel - ================================
17:23:27.215 [JavaFX Application Thread] INFO  c.s.d.p.node.HomePageMenuItemPanel - === ToggleGroup 监听器被触发 ===
17:23:27.215 [JavaFX Application Thread] INFO  c.s.d.p.node.HomePageMenuItemPanel - oldToggle: jingxuan
17:23:27.215 [JavaFX Application Thread] INFO  c.s.d.p.node.HomePageMenuItemPanel - newToggle: podcast
17:23:27.216 [JavaFX Application Thread] INFO  c.s.d.p.node.HomePageMenuItemPanel - 当前选中的菜单项：podcast
17:23:27.216 [JavaFX Application Thread] INFO  c.s.d.p.node.HomePageMenuItemPanel - 上一个被选中的菜单项：jingxuan
17:23:27.216 [JavaFX Application Thread] INFO  c.s.d.p.node.HomePageMenuItemPanel - ================================
17:23:27.671 [JavaFX Application Thread] INFO  c.s.d.p.node.HomePageMenuItemPanel - === ToggleGroup 监听器被触发 ===
17:23:27.672 [JavaFX Application Thread] INFO  c.s.d.p.node.HomePageMenuItemPanel - oldToggle: podcast
17:23:27.672 [JavaFX Application Thread] INFO  c.s.d.p.node.HomePageMenuItemPanel - newToggle: roam
17:23:27.672 [JavaFX Application Thread] INFO  c.s.d.p.node.HomePageMenuItemPanel - 当前选中的菜单项：roam
17:23:27.672 [JavaFX Application Thread] INFO  c.s.d.p.node.HomePageMenuItemPanel - 上一个被选中的菜单项：podcast
17:23:27.672 [JavaFX Application Thread] INFO  c.s.d.p.node.HomePageMenuItemPanel - ================================
17:23:28.063 [JavaFX Application Thread] INFO  c.s.d.p.node.HomePageMenuItemPanel - === ToggleGroup 监听器被触发 ===
17:23:28.063 [JavaFX Application Thread] INFO  c.s.d.p.node.HomePageMenuItemPanel - oldToggle: roam
17:23:28.063 [JavaFX Application Thread] INFO  c.s.d.p.node.HomePageMenuItemPanel - newToggle: recent
17:23:28.063 [JavaFX Application Thread] INFO  c.s.d.p.node.HomePageMenuItemPanel - 当前选中的菜单项：recent
17:23:28.064 [JavaFX Application Thread] INFO  c.s.d.p.node.HomePageMenuItemPanel - 上一个被选中的菜单项：roam
17:23:28.064 [JavaFX Application Thread] INFO  c.s.d.p.node.HomePageMenuItemPanel - ================================
17:23:28.358 [JavaFX Application Thread] INFO  c.s.d.p.node.HomePageMenuItemPanel - === ToggleGroup 监听器被触发 ===
17:23:28.358 [JavaFX Application Thread] INFO  c.s.d.p.node.HomePageMenuItemPanel - oldToggle: recent
17:23:28.358 [JavaFX Application Thread] INFO  c.s.d.p.node.HomePageMenuItemPanel - newToggle: myMusic
17:23:28.358 [JavaFX Application Thread] INFO  c.s.d.p.node.HomePageMenuItemPanel - 当前选中的菜单项：myMusic
17:23:28.359 [JavaFX Application Thread] INFO  c.s.d.p.node.HomePageMenuItemPanel - 上一个被选中的菜单项：recent
17:23:28.359 [JavaFX Application Thread] INFO  c.s.d.p.node.HomePageMenuItemPanel - ================================
17:32:20.237 [JavaFX Application Thread] INFO  com.stickpoint.ddmusic.App - === 应用启动调试信息 ===
17:32:20.241 [JavaFX Application Thread] INFO  com.stickpoint.ddmusic.App - Java 版本: 21.0.8
17:32:20.241 [JavaFX Application Thread] INFO  com.stickpoint.ddmusic.App - JavaFX 版本: 21.0.7
17:32:20.242 [JavaFX Application Thread] INFO  com.stickpoint.ddmusic.App - 工作目录: E:\codeData\javaProject\javafx-ddmusic\ddmuisc2
17:32:20.242 [JavaFX Application Thread] INFO  com.stickpoint.ddmusic.App - 1. 开始创建 HomePage
17:32:22.308 [JavaFX Application Thread] INFO  c.s.d.p.n.MusicPlayDetailContainer - 旋转角度: 60.0
17:32:22.411 [JavaFX Application Thread] INFO  com.stickpoint.ddmusic.App - 2. HomePage 创建成功
17:32:22.411 [JavaFX Application Thread] INFO  com.stickpoint.ddmusic.App - 3. 开始创建场景
17:32:22.496 [JavaFX Application Thread] INFO  com.stickpoint.ddmusic.App - 4. 场景创建成功
17:32:22.496 [JavaFX Application Thread] INFO  com.stickpoint.ddmusic.App - 5. 设置舞台属性
17:32:22.497 [JavaFX Application Thread] INFO  com.stickpoint.ddmusic.App - 6. 舞台属性设置完成
17:32:22.497 [JavaFX Application Thread] INFO  com.stickpoint.ddmusic.App - 7. 加载图标
17:32:22.498 [JavaFX Application Thread] INFO  com.stickpoint.ddmusic.App - 图标URL: file:/E:/codeData/javaProject/javafx-ddmusic/ddmuisc2/target/classes/img/logo.svg
17:32:22.502 [JavaFX Application Thread] INFO  com.stickpoint.ddmusic.App - 8. 图标加载成功
17:32:22.503 [JavaFX Application Thread] INFO  com.stickpoint.ddmusic.App - 9. 显示舞台
17:32:22.980 [JavaFX Application Thread] INFO  com.stickpoint.ddmusic.App - 10. 添加窗口缩放支持
17:32:22.983 [JavaFX Application Thread] INFO  com.stickpoint.ddmusic.App - 11. 居中显示
17:32:22.984 [JavaFX Application Thread] INFO  com.stickpoint.ddmusic.App - 12. 应用启动完成
17:32:55.990 [JavaFX Application Thread] INFO  c.s.d.p.node.HomePageMenuItemPanel - === ToggleGroup 监听器被触发 ===
17:32:55.991 [JavaFX Application Thread] INFO  c.s.d.p.node.HomePageMenuItemPanel - oldToggle: null
17:32:55.991 [JavaFX Application Thread] INFO  c.s.d.p.node.HomePageMenuItemPanel - newToggle: myMusic
17:32:55.991 [JavaFX Application Thread] INFO  c.s.d.p.node.HomePageMenuItemPanel - 当前选中的菜单项：myMusic
17:32:55.991 [JavaFX Application Thread] INFO  c.s.d.p.node.HomePageMenuItemPanel - ================================
17:35:17.407 [JavaFX Application Thread] INFO  c.s.d.p.node.HomePageMenuItemPanel - === ToggleGroup 监听器被触发 ===
17:35:17.407 [JavaFX Application Thread] INFO  c.s.d.p.node.HomePageMenuItemPanel - oldToggle: myMusic
17:35:17.407 [JavaFX Application Thread] INFO  c.s.d.p.node.HomePageMenuItemPanel - newToggle: recent
17:35:17.408 [JavaFX Application Thread] INFO  c.s.d.p.node.HomePageMenuItemPanel - 当前选中的菜单项：recent
17:35:17.408 [JavaFX Application Thread] INFO  c.s.d.p.node.HomePageMenuItemPanel - 上一个被选中的菜单项：myMusic
17:35:17.408 [JavaFX Application Thread] INFO  c.s.d.p.node.HomePageMenuItemPanel - ================================
17:35:19.149 [JavaFX Application Thread] INFO  c.s.d.p.node.HomePageMenuItemPanel - === ToggleGroup 监听器被触发 ===
17:35:19.150 [JavaFX Application Thread] INFO  c.s.d.p.node.HomePageMenuItemPanel - oldToggle: recent
17:35:19.150 [JavaFX Application Thread] INFO  c.s.d.p.node.HomePageMenuItemPanel - newToggle: myPlaylist
17:35:19.150 [JavaFX Application Thread] INFO  c.s.d.p.node.HomePageMenuItemPanel - 当前选中的菜单项：myPlaylist
17:35:19.150 [JavaFX Application Thread] INFO  c.s.d.p.node.HomePageMenuItemPanel - 上一个被选中的菜单项：recent
17:35:19.150 [JavaFX Application Thread] INFO  c.s.d.p.node.HomePageMenuItemPanel - ================================
17:35:19.662 [JavaFX Application Thread] INFO  c.s.d.p.node.HomePageMenuItemPanel - === ToggleGroup 监听器被触发 ===
17:35:19.663 [JavaFX Application Thread] INFO  c.s.d.p.node.HomePageMenuItemPanel - oldToggle: myPlaylist
17:35:19.663 [JavaFX Application Thread] INFO  c.s.d.p.node.HomePageMenuItemPanel - newToggle: recent
17:35:19.663 [JavaFX Application Thread] INFO  c.s.d.p.node.HomePageMenuItemPanel - 当前选中的菜单项：recent
17:35:19.663 [JavaFX Application Thread] INFO  c.s.d.p.node.HomePageMenuItemPanel - 上一个被选中的菜单项：myPlaylist
17:35:19.663 [JavaFX Application Thread] INFO  c.s.d.p.node.HomePageMenuItemPanel - ================================
17:35:19.998 [JavaFX Application Thread] INFO  c.s.d.p.node.HomePageMenuItemPanel - === ToggleGroup 监听器被触发 ===
17:35:19.999 [JavaFX Application Thread] INFO  c.s.d.p.node.HomePageMenuItemPanel - oldToggle: recent
17:35:19.999 [JavaFX Application Thread] INFO  c.s.d.p.node.HomePageMenuItemPanel - newToggle: myMusic
17:35:19.999 [JavaFX Application Thread] INFO  c.s.d.p.node.HomePageMenuItemPanel - 当前选中的菜单项：myMusic
17:35:19.999 [JavaFX Application Thread] INFO  c.s.d.p.node.HomePageMenuItemPanel - 上一个被选中的菜单项：recent
17:35:19.999 [JavaFX Application Thread] INFO  c.s.d.p.node.HomePageMenuItemPanel - ================================
17:35:20.326 [JavaFX Application Thread] INFO  c.s.d.p.node.HomePageMenuItemPanel - === ToggleGroup 监听器被触发 ===
17:35:20.326 [JavaFX Application Thread] INFO  c.s.d.p.node.HomePageMenuItemPanel - oldToggle: myMusic
17:35:20.327 [JavaFX Application Thread] INFO  c.s.d.p.node.HomePageMenuItemPanel - newToggle: roam
17:35:20.327 [JavaFX Application Thread] INFO  c.s.d.p.node.HomePageMenuItemPanel - 当前选中的菜单项：roam
17:35:20.327 [JavaFX Application Thread] INFO  c.s.d.p.node.HomePageMenuItemPanel - 上一个被选中的菜单项：myMusic
17:35:20.327 [JavaFX Application Thread] INFO  c.s.d.p.node.HomePageMenuItemPanel - ================================
17:35:20.814 [JavaFX Application Thread] INFO  c.s.d.p.node.HomePageMenuItemPanel - === ToggleGroup 监听器被触发 ===
17:35:20.814 [JavaFX Application Thread] INFO  c.s.d.p.node.HomePageMenuItemPanel - oldToggle: roam
17:35:20.814 [JavaFX Application Thread] INFO  c.s.d.p.node.HomePageMenuItemPanel - newToggle: podcast
17:35:20.814 [JavaFX Application Thread] INFO  c.s.d.p.node.HomePageMenuItemPanel - 当前选中的菜单项：podcast
17:35:20.815 [JavaFX Application Thread] INFO  c.s.d.p.node.HomePageMenuItemPanel - 上一个被选中的菜单项：roam
17:35:20.815 [JavaFX Application Thread] INFO  c.s.d.p.node.HomePageMenuItemPanel - ================================
17:35:21.206 [JavaFX Application Thread] INFO  c.s.d.p.node.HomePageMenuItemPanel - === ToggleGroup 监听器被触发 ===
17:35:21.206 [JavaFX Application Thread] INFO  c.s.d.p.node.HomePageMenuItemPanel - oldToggle: podcast
17:35:21.206 [JavaFX Application Thread] INFO  c.s.d.p.node.HomePageMenuItemPanel - newToggle: jingxuan
17:35:21.206 [JavaFX Application Thread] INFO  c.s.d.p.node.HomePageMenuItemPanel - 当前选中的菜单项：jingxuan
17:35:21.206 [JavaFX Application Thread] INFO  c.s.d.p.node.HomePageMenuItemPanel - 上一个被选中的菜单项：podcast
17:35:21.206 [JavaFX Application Thread] INFO  c.s.d.p.node.HomePageMenuItemPanel - ================================
17:35:22.038 [JavaFX Application Thread] INFO  c.s.d.p.node.HomePageMenuItemPanel - === ToggleGroup 监听器被触发 ===
17:35:22.038 [JavaFX Application Thread] INFO  c.s.d.p.node.HomePageMenuItemPanel - oldToggle: jingxuan
17:35:22.038 [JavaFX Application Thread] INFO  c.s.d.p.node.HomePageMenuItemPanel - newToggle: recommend
17:35:22.038 [JavaFX Application Thread] INFO  c.s.d.p.node.HomePageMenuItemPanel - 当前选中的菜单项：recommend
17:35:22.038 [JavaFX Application Thread] INFO  c.s.d.p.node.HomePageMenuItemPanel - 上一个被选中的菜单项：jingxuan
17:35:22.038 [JavaFX Application Thread] INFO  c.s.d.p.node.HomePageMenuItemPanel - ================================
17:35:24.558 [JavaFX Application Thread] INFO  c.s.d.p.node.HomePageMenuItemPanel - === ToggleGroup 监听器被触发 ===
17:35:24.558 [JavaFX Application Thread] INFO  c.s.d.p.node.HomePageMenuItemPanel - oldToggle: recommend
17:35:24.558 [JavaFX Application Thread] INFO  c.s.d.p.node.HomePageMenuItemPanel - newToggle: jingxuan
17:35:24.559 [JavaFX Application Thread] INFO  c.s.d.p.node.HomePageMenuItemPanel - 当前选中的菜单项：jingxuan
17:35:24.560 [JavaFX Application Thread] INFO  c.s.d.p.node.HomePageMenuItemPanel - 上一个被选中的菜单项：recommend
17:35:24.560 [JavaFX Application Thread] INFO  c.s.d.p.node.HomePageMenuItemPanel - ================================
17:35:26.760 [JavaFX Application Thread] INFO  c.s.d.p.n.MusicPlayDetailContainer - 当前旋转角度: 暂停--95.0
17:35:28.990 [JavaFX Application Thread] INFO  c.s.d.p.n.MusicPlayDetailContainer - 暂停旋转
17:35:28.992 [JavaFX Application Thread] INFO  c.s.d.p.n.MusicPlayDetailContainer - 当前播放状态: PAUSED
17:35:28.994 [JavaFX Application Thread] INFO  c.s.d.p.n.MusicPlayDetailContainer - 当前旋转角度: 播放--95.0
17:35:30.703 [JavaFX Application Thread] INFO  c.s.d.p.node.HomePageMenuItemPanel - === ToggleGroup 监听器被触发 ===
17:35:30.703 [JavaFX Application Thread] INFO  c.s.d.p.node.HomePageMenuItemPanel - oldToggle: jingxuan
17:35:30.703 [JavaFX Application Thread] INFO  c.s.d.p.node.HomePageMenuItemPanel - newToggle: recent
17:35:30.704 [JavaFX Application Thread] INFO  c.s.d.p.node.HomePageMenuItemPanel - 当前选中的菜单项：recent
17:35:30.704 [JavaFX Application Thread] INFO  c.s.d.p.node.HomePageMenuItemPanel - 上一个被选中的菜单项：jingxuan
17:35:30.704 [JavaFX Application Thread] INFO  c.s.d.p.node.HomePageMenuItemPanel - ================================
17:35:31.053 [JavaFX Application Thread] INFO  c.s.d.p.node.HomePageMenuItemPanel - === ToggleGroup 监听器被触发 ===
17:35:31.054 [JavaFX Application Thread] INFO  c.s.d.p.node.HomePageMenuItemPanel - oldToggle: recent
17:35:31.054 [JavaFX Application Thread] INFO  c.s.d.p.node.HomePageMenuItemPanel - newToggle: myMusic
17:35:31.054 [JavaFX Application Thread] INFO  c.s.d.p.node.HomePageMenuItemPanel - 当前选中的菜单项：myMusic
17:35:31.054 [JavaFX Application Thread] INFO  c.s.d.p.node.HomePageMenuItemPanel - 上一个被选中的菜单项：recent
17:35:31.055 [JavaFX Application Thread] INFO  c.s.d.p.node.HomePageMenuItemPanel - ================================
