08:44:40.507 [JavaFX-Launcher] INFO  com.stickpoint.ddmusic.App - 开始加载本地系统核心配置参数数据
08:44:40.509 [JavaFX-Launcher] INFO  c.s.d.utils.SystemPropertiesUtil - 正在加载系统核心参数数据
08:44:40.510 [JavaFX-Launcher] INFO  c.s.d.utils.SystemPropertiesUtil - 系统核心参数数据加载成功
08:44:41.443 [JavaFX-Launcher] INFO  com.stickpoint.ddmusic.App - 开始加载加载远程系统配置
09:11:52.240 [JavaFX-Launcher] INFO  com.stickpoint.ddmusic.App - 开始加载本地系统核心配置参数数据
09:11:52.242 [JavaFX-Launcher] INFO  c.s.d.utils.SystemPropertiesUtil - 正在加载系统核心参数数据
09:11:52.243 [JavaFX-Launcher] INFO  c.s.d.utils.SystemPropertiesUtil - 系统核心参数数据加载成功
09:11:52.867 [JavaFX-Launcher] INFO  com.stickpoint.ddmusic.App - 开始加载加载远程系统配置
09:49:17.708 [JavaFX-Launcher] INFO  com.stickpoint.ddmusic.App - 开始加载本地系统核心配置参数数据
09:49:17.709 [JavaFX-Launcher] INFO  c.s.d.c.utils.SystemPropertiesUtil - 正在加载系统核心参数数据
09:49:17.711 [JavaFX-Launcher] INFO  c.s.d.c.utils.SystemPropertiesUtil - 系统核心参数数据加载成功
09:49:18.309 [JavaFX-Launcher] INFO  com.stickpoint.ddmusic.App - 开始加载加载远程系统配置
09:52:59.185 [JavaFX-Launcher] INFO  com.stickpoint.ddmusic.App - 开始加载本地系统核心配置参数数据
09:52:59.187 [JavaFX-Launcher] INFO  c.s.d.c.utils.SystemPropertiesUtil - 正在加载系统核心参数数据
09:52:59.188 [JavaFX-Launcher] INFO  c.s.d.c.utils.SystemPropertiesUtil - 系统核心参数数据加载成功
09:52:59.738 [JavaFX-Launcher] INFO  com.stickpoint.ddmusic.App - 开始加载加载远程系统配置
09:53:12.574 [JavaFX-Launcher] INFO  com.stickpoint.ddmusic.App - 开始加载本地系统核心配置参数数据
09:53:12.575 [JavaFX-Launcher] INFO  c.s.d.c.utils.SystemPropertiesUtil - 正在加载系统核心参数数据
09:53:12.576 [JavaFX-Launcher] INFO  c.s.d.c.utils.SystemPropertiesUtil - 系统核心参数数据加载成功
09:53:13.019 [JavaFX-Launcher] INFO  com.stickpoint.ddmusic.App - 开始加载加载远程系统配置
09:55:37.381 [JavaFX-Launcher] INFO  com.stickpoint.ddmusic.App - 开始加载本地系统核心配置参数数据
09:55:37.382 [JavaFX-Launcher] INFO  c.s.d.c.utils.SystemPropertiesUtil - 正在加载系统核心参数数据
09:55:37.384 [JavaFX-Launcher] INFO  c.s.d.c.utils.SystemPropertiesUtil - 系统核心参数数据加载成功
09:55:37.985 [JavaFX-Launcher] INFO  com.stickpoint.ddmusic.App - 开始加载加载远程系统配置
09:56:07.399 [JavaFX-Launcher] INFO  com.stickpoint.ddmusic.App - 开始加载本地系统核心配置参数数据
09:56:07.401 [JavaFX-Launcher] INFO  c.s.d.c.utils.SystemPropertiesUtil - 正在加载系统核心参数数据
09:56:07.402 [JavaFX-Launcher] INFO  c.s.d.c.utils.SystemPropertiesUtil - 系统核心参数数据加载成功
09:56:07.852 [JavaFX-Launcher] INFO  com.stickpoint.ddmusic.App - 开始加载加载远程系统配置
09:59:09.634 [JavaFX-Launcher] INFO  com.stickpoint.ddmusic.App - 开始加载本地系统核心配置参数数据
09:59:09.636 [JavaFX-Launcher] INFO  c.s.d.c.utils.SystemPropertiesUtil - 正在加载系统核心参数数据
09:59:09.636 [JavaFX-Launcher] INFO  c.s.d.c.utils.SystemPropertiesUtil - 系统核心参数数据加载成功
09:59:10.189 [JavaFX-Launcher] INFO  com.stickpoint.ddmusic.App - 开始加载加载远程系统配置
10:00:04.414 [JavaFX-Launcher] INFO  com.stickpoint.ddmusic.App - 开始加载本地系统核心配置参数数据
10:00:04.415 [JavaFX-Launcher] INFO  c.s.d.c.utils.SystemPropertiesUtil - 正在加载系统核心参数数据
10:00:04.416 [JavaFX-Launcher] INFO  c.s.d.c.utils.SystemPropertiesUtil - 系统核心参数数据加载成功
10:00:04.903 [JavaFX-Launcher] INFO  com.stickpoint.ddmusic.App - 开始加载加载远程系统配置
10:01:30.775 [JavaFX-Launcher] INFO  com.stickpoint.ddmusic.App - 开始加载本地系统核心配置参数数据
10:01:30.777 [JavaFX-Launcher] INFO  c.s.d.c.utils.SystemPropertiesUtil - 正在加载系统核心参数数据
10:01:30.778 [JavaFX-Launcher] INFO  c.s.d.c.utils.SystemPropertiesUtil - 系统核心参数数据加载成功
10:01:31.345 [JavaFX-Launcher] INFO  com.stickpoint.ddmusic.App - 开始加载加载远程系统配置
10:02:18.774 [JavaFX-Launcher] INFO  com.stickpoint.ddmusic.App - 开始加载本地系统核心配置参数数据
10:02:18.775 [JavaFX-Launcher] INFO  c.s.d.c.utils.SystemPropertiesUtil - 正在加载系统核心参数数据
10:02:18.776 [JavaFX-Launcher] INFO  c.s.d.c.utils.SystemPropertiesUtil - 系统核心参数数据加载成功
10:02:19.258 [JavaFX-Launcher] INFO  com.stickpoint.ddmusic.App - 开始加载加载远程系统配置
10:03:36.217 [JavaFX-Launcher] INFO  com.stickpoint.ddmusic.App - 开始加载本地系统核心配置参数数据
10:03:36.219 [JavaFX-Launcher] INFO  c.s.d.c.utils.SystemPropertiesUtil - 正在加载系统核心参数数据
10:03:36.220 [JavaFX-Launcher] INFO  c.s.d.c.utils.SystemPropertiesUtil - 系统核心参数数据加载成功
10:03:36.816 [JavaFX-Launcher] INFO  com.stickpoint.ddmusic.App - 开始加载加载远程系统配置
10:07:55.255 [JavaFX-Launcher] INFO  com.stickpoint.ddmusic.App - 开始加载本地系统核心配置参数数据
10:07:55.257 [JavaFX-Launcher] INFO  c.s.d.c.utils.SystemPropertiesUtil - 正在加载系统核心参数数据
10:07:55.257 [JavaFX-Launcher] INFO  c.s.d.c.utils.SystemPropertiesUtil - 系统核心参数数据加载成功
10:07:55.824 [JavaFX-Launcher] INFO  com.stickpoint.ddmusic.App - 开始加载加载远程系统配置
10:08:45.994 [JavaFX-Launcher] INFO  com.stickpoint.ddmusic.App - 开始加载本地系统核心配置参数数据
10:08:45.995 [JavaFX-Launcher] INFO  c.s.d.c.utils.SystemPropertiesUtil - 正在加载系统核心参数数据
10:08:45.996 [JavaFX-Launcher] INFO  c.s.d.c.utils.SystemPropertiesUtil - 系统核心参数数据加载成功
10:08:46.473 [JavaFX-Launcher] INFO  com.stickpoint.ddmusic.App - 开始加载加载远程系统配置
10:09:17.696 [JavaFX-Launcher] INFO  com.stickpoint.ddmusic.App - 开始加载本地系统核心配置参数数据
10:09:17.697 [JavaFX-Launcher] INFO  c.s.d.c.utils.SystemPropertiesUtil - 正在加载系统核心参数数据
10:09:17.698 [JavaFX-Launcher] INFO  c.s.d.c.utils.SystemPropertiesUtil - 系统核心参数数据加载成功
10:09:18.228 [JavaFX-Launcher] INFO  com.stickpoint.ddmusic.App - 开始加载加载远程系统配置
10:15:36.940 [JavaFX-Launcher] INFO  com.stickpoint.ddmusic.App - 开始加载本地系统核心配置参数数据
10:15:36.942 [JavaFX-Launcher] INFO  c.s.d.c.utils.SystemPropertiesUtil - 正在加载系统核心参数数据
10:15:36.943 [JavaFX-Launcher] INFO  c.s.d.c.utils.SystemPropertiesUtil - 系统核心参数数据加载成功
10:15:37.532 [JavaFX-Launcher] INFO  com.stickpoint.ddmusic.App - 开始加载加载远程系统配置
10:16:31.269 [JavaFX-Launcher] INFO  com.stickpoint.ddmusic.App - 开始加载本地系统核心配置参数数据
10:16:31.271 [JavaFX-Launcher] INFO  c.s.d.c.utils.SystemPropertiesUtil - 正在加载系统核心参数数据
10:16:31.271 [JavaFX-Launcher] INFO  c.s.d.c.utils.SystemPropertiesUtil - 系统核心参数数据加载成功
10:16:31.748 [JavaFX-Launcher] INFO  com.stickpoint.ddmusic.App - 开始加载加载远程系统配置
10:17:50.729 [JavaFX-Launcher] INFO  com.stickpoint.ddmusic.App - 开始加载本地系统核心配置参数数据
10:17:50.731 [JavaFX-Launcher] INFO  c.s.d.c.utils.SystemPropertiesUtil - 正在加载系统核心参数数据
10:17:50.732 [JavaFX-Launcher] INFO  c.s.d.c.utils.SystemPropertiesUtil - 系统核心参数数据加载成功
10:17:53.152 [JavaFX-Launcher] INFO  com.stickpoint.ddmusic.App - 开始加载加载远程系统配置
10:18:48.166 [JavaFX-Launcher] INFO  com.stickpoint.ddmusic.App - 开始加载本地系统核心配置参数数据
10:18:48.167 [JavaFX-Launcher] INFO  c.s.d.c.utils.SystemPropertiesUtil - 正在加载系统核心参数数据
10:18:48.168 [JavaFX-Launcher] INFO  c.s.d.c.utils.SystemPropertiesUtil - 系统核心参数数据加载成功
10:18:48.638 [JavaFX-Launcher] INFO  com.stickpoint.ddmusic.App - 开始加载加载远程系统配置
10:19:56.574 [JavaFX-Launcher] INFO  com.stickpoint.ddmusic.App - 开始加载本地系统核心配置参数数据
10:19:56.575 [JavaFX-Launcher] INFO  c.s.d.c.utils.SystemPropertiesUtil - 正在加载系统核心参数数据
10:19:56.576 [JavaFX-Launcher] INFO  c.s.d.c.utils.SystemPropertiesUtil - 系统核心参数数据加载成功
10:19:57.145 [JavaFX-Launcher] INFO  com.stickpoint.ddmusic.App - 开始加载加载远程系统配置
10:21:56.086 [JavaFX-Launcher] INFO  com.stickpoint.ddmusic.App - 开始加载本地系统核心配置参数数据
10:21:56.088 [JavaFX-Launcher] INFO  c.s.d.c.utils.SystemPropertiesUtil - 正在加载系统核心参数数据
10:21:56.089 [JavaFX-Launcher] INFO  c.s.d.c.utils.SystemPropertiesUtil - 系统核心参数数据加载成功
10:21:57.042 [JavaFX-Launcher] INFO  com.stickpoint.ddmusic.App - 开始加载加载远程系统配置
10:25:22.109 [JavaFX-Launcher] INFO  com.stickpoint.ddmusic.App - 开始加载本地系统核心配置参数数据
10:25:22.111 [JavaFX-Launcher] INFO  c.s.d.c.utils.SystemPropertiesUtil - 正在加载系统核心参数数据
10:25:22.112 [JavaFX-Launcher] INFO  c.s.d.c.utils.SystemPropertiesUtil - 系统核心参数数据加载成功
10:25:23.148 [JavaFX-Launcher] INFO  com.stickpoint.ddmusic.App - 开始加载加载远程系统配置
10:53:33.085 [JavaFX-Launcher] INFO  com.stickpoint.ddmusic.App - 开始加载本地系统核心配置参数数据
10:53:33.086 [JavaFX-Launcher] INFO  c.s.d.c.utils.SystemPropertiesUtil - 正在加载系统核心参数数据
10:53:33.087 [JavaFX-Launcher] INFO  c.s.d.c.utils.SystemPropertiesUtil - 系统核心参数数据加载成功
10:53:33.618 [JavaFX-Launcher] INFO  com.stickpoint.ddmusic.App - 开始加载加载远程系统配置
10:53:49.960 [JavaFX-Launcher] INFO  com.stickpoint.ddmusic.App - 开始加载本地系统核心配置参数数据
10:53:49.961 [JavaFX-Launcher] INFO  c.s.d.c.utils.SystemPropertiesUtil - 正在加载系统核心参数数据
10:53:49.962 [JavaFX-Launcher] INFO  c.s.d.c.utils.SystemPropertiesUtil - 系统核心参数数据加载成功
10:53:50.370 [JavaFX-Launcher] INFO  com.stickpoint.ddmusic.App - 开始加载加载远程系统配置
10:55:43.419 [JavaFX-Launcher] INFO  com.stickpoint.ddmusic.App - 开始加载本地系统核心配置参数数据
10:55:43.421 [JavaFX-Launcher] INFO  c.s.d.c.utils.SystemPropertiesUtil - 正在加载系统核心参数数据
10:55:43.422 [JavaFX-Launcher] INFO  c.s.d.c.utils.SystemPropertiesUtil - 系统核心参数数据加载成功
10:55:43.987 [JavaFX-Launcher] INFO  com.stickpoint.ddmusic.App - 开始加载加载远程系统配置
11:12:48.157 [JavaFX-Launcher] INFO  com.stickpoint.ddmusic.App - 开始加载本地系统核心配置参数数据
11:12:48.158 [JavaFX-Launcher] INFO  c.s.d.c.utils.SystemPropertiesUtil - 正在加载系统核心参数数据
11:12:48.159 [JavaFX-Launcher] INFO  c.s.d.c.utils.SystemPropertiesUtil - 系统核心参数数据加载成功
11:12:48.670 [JavaFX-Launcher] INFO  com.stickpoint.ddmusic.App - 开始加载加载远程系统配置
11:14:30.539 [JavaFX-Launcher] INFO  com.stickpoint.ddmusic.App - 开始加载本地系统核心配置参数数据
11:14:30.540 [JavaFX-Launcher] INFO  c.s.d.c.utils.SystemPropertiesUtil - 正在加载系统核心参数数据
11:14:30.541 [JavaFX-Launcher] INFO  c.s.d.c.utils.SystemPropertiesUtil - 系统核心参数数据加载成功
11:14:31.115 [JavaFX-Launcher] INFO  com.stickpoint.ddmusic.App - 开始加载加载远程系统配置
11:16:55.036 [JavaFX-Launcher] INFO  com.stickpoint.ddmusic.App - 开始加载本地系统核心配置参数数据
11:16:55.037 [JavaFX-Launcher] INFO  c.s.d.c.utils.SystemPropertiesUtil - 正在加载系统核心参数数据
11:16:55.038 [JavaFX-Launcher] INFO  c.s.d.c.utils.SystemPropertiesUtil - 系统核心参数数据加载成功
11:16:55.743 [JavaFX-Launcher] INFO  com.stickpoint.ddmusic.App - 开始加载加载远程系统配置
11:18:36.846 [JavaFX-Launcher] INFO  com.stickpoint.ddmusic.App - 开始加载本地系统核心配置参数数据
11:18:36.847 [JavaFX-Launcher] INFO  c.s.d.c.utils.SystemPropertiesUtil - 正在加载系统核心参数数据
11:18:36.848 [JavaFX-Launcher] INFO  c.s.d.c.utils.SystemPropertiesUtil - 系统核心参数数据加载成功
11:18:37.396 [JavaFX-Launcher] INFO  com.stickpoint.ddmusic.App - 开始加载加载远程系统配置
11:20:12.625 [JavaFX-Launcher] INFO  com.stickpoint.ddmusic.App - 开始加载本地系统核心配置参数数据
11:20:12.627 [JavaFX-Launcher] INFO  c.s.d.c.utils.SystemPropertiesUtil - 正在加载系统核心参数数据
11:20:12.628 [JavaFX-Launcher] INFO  c.s.d.c.utils.SystemPropertiesUtil - 系统核心参数数据加载成功
11:20:13.182 [JavaFX-Launcher] INFO  com.stickpoint.ddmusic.App - 开始加载加载远程系统配置
11:20:21.385 [JavaFX-Launcher] INFO  com.stickpoint.ddmusic.App - 开始加载本地系统核心配置参数数据
11:20:21.387 [JavaFX-Launcher] INFO  c.s.d.c.utils.SystemPropertiesUtil - 正在加载系统核心参数数据
11:20:21.387 [JavaFX-Launcher] INFO  c.s.d.c.utils.SystemPropertiesUtil - 系统核心参数数据加载成功
11:20:21.791 [JavaFX-Launcher] INFO  com.stickpoint.ddmusic.App - 开始加载加载远程系统配置
11:22:13.284 [JavaFX-Launcher] INFO  com.stickpoint.ddmusic.App - 开始加载本地系统核心配置参数数据
11:22:13.285 [JavaFX-Launcher] INFO  c.s.d.c.utils.SystemPropertiesUtil - 正在加载系统核心参数数据
11:22:13.287 [JavaFX-Launcher] INFO  c.s.d.c.utils.SystemPropertiesUtil - 系统核心参数数据加载成功
11:22:13.851 [JavaFX-Launcher] INFO  com.stickpoint.ddmusic.App - 开始加载加载远程系统配置
11:22:29.244 [JavaFX-Launcher] INFO  com.stickpoint.ddmusic.App - 开始加载本地系统核心配置参数数据
11:22:29.245 [JavaFX-Launcher] INFO  c.s.d.c.utils.SystemPropertiesUtil - 正在加载系统核心参数数据
11:22:29.246 [JavaFX-Launcher] INFO  c.s.d.c.utils.SystemPropertiesUtil - 系统核心参数数据加载成功
11:22:29.732 [JavaFX-Launcher] INFO  com.stickpoint.ddmusic.App - 开始加载加载远程系统配置
11:48:46.454 [JavaFX-Launcher] INFO  com.stickpoint.ddmusic.App - 开始加载本地系统核心配置参数数据
11:48:46.455 [JavaFX-Launcher] INFO  c.s.d.c.utils.SystemPropertiesUtil - 正在加载系统核心参数数据
11:48:46.456 [JavaFX-Launcher] INFO  c.s.d.c.utils.SystemPropertiesUtil - 系统核心参数数据加载成功
11:48:47.070 [JavaFX-Launcher] INFO  com.stickpoint.ddmusic.App - 开始加载加载远程系统配置
11:50:06.465 [JavaFX-Launcher] INFO  com.stickpoint.ddmusic.App - 开始加载本地系统核心配置参数数据
11:50:06.466 [JavaFX-Launcher] INFO  c.s.d.c.utils.SystemPropertiesUtil - 正在加载系统核心参数数据
11:50:06.468 [JavaFX-Launcher] INFO  c.s.d.c.utils.SystemPropertiesUtil - 系统核心参数数据加载成功
11:50:07.029 [JavaFX-Launcher] INFO  com.stickpoint.ddmusic.App - 开始加载加载远程系统配置
11:55:13.525 [JavaFX-Launcher] INFO  com.stickpoint.ddmusic.App - 开始加载本地系统核心配置参数数据
11:55:13.527 [JavaFX-Launcher] INFO  c.s.d.c.utils.SystemPropertiesUtil - 正在加载系统核心参数数据
11:55:13.528 [JavaFX-Launcher] INFO  c.s.d.c.utils.SystemPropertiesUtil - 系统核心参数数据加载成功
11:55:24.799 [JavaFX-Launcher] INFO  com.stickpoint.ddmusic.App - 开始加载本地系统核心配置参数数据
11:55:24.800 [JavaFX-Launcher] INFO  c.s.d.c.utils.SystemPropertiesUtil - 正在加载系统核心参数数据
11:55:24.801 [JavaFX-Launcher] INFO  c.s.d.c.utils.SystemPropertiesUtil - 系统核心参数数据加载成功
11:55:32.330 [JavaFX-Launcher] INFO  com.stickpoint.ddmusic.App - 开始加载加载远程系统配置
11:56:09.275 [JavaFX-Launcher] INFO  com.stickpoint.ddmusic.App - 开始加载本地系统核心配置参数数据
11:56:09.276 [JavaFX-Launcher] INFO  c.s.d.c.utils.SystemPropertiesUtil - 正在加载系统核心参数数据
11:56:09.277 [JavaFX-Launcher] INFO  c.s.d.c.utils.SystemPropertiesUtil - 系统核心参数数据加载成功
11:56:34.091 [JavaFX-Launcher] INFO  com.stickpoint.ddmusic.App - 开始加载本地系统核心配置参数数据
11:56:34.093 [JavaFX-Launcher] INFO  c.s.d.c.utils.SystemPropertiesUtil - 正在加载系统核心参数数据
11:56:34.094 [JavaFX-Launcher] INFO  c.s.d.c.utils.SystemPropertiesUtil - 系统核心参数数据加载成功
12:08:10.138 [JavaFX-Launcher] INFO  com.stickpoint.ddmusic.App - 开始加载本地系统核心配置参数数据
12:08:10.140 [JavaFX-Launcher] INFO  c.s.d.c.utils.SystemPropertiesUtil - 正在加载系统核心参数数据
12:08:10.140 [JavaFX-Launcher] INFO  c.s.d.c.utils.SystemPropertiesUtil - 系统核心参数数据加载成功
12:08:10.716 [JavaFX-Launcher] INFO  com.stickpoint.ddmusic.App - 开始加载加载远程系统配置
16:12:27.899 [JavaFX-Launcher] INFO  com.stickpoint.ddmusic.App - 开始加载本地系统核心配置参数数据
16:12:27.902 [JavaFX-Launcher] INFO  c.s.d.c.utils.SystemPropertiesUtil - 正在加载系统核心参数数据
16:12:27.903 [JavaFX-Launcher] INFO  c.s.d.c.utils.SystemPropertiesUtil - 系统核心参数数据加载成功
16:12:28.548 [JavaFX-Launcher] INFO  com.stickpoint.ddmusic.App - 开始加载加载远程系统配置
16:22:32.102 [JavaFX-Launcher] INFO  com.stickpoint.ddmusic.App - 开始加载本地系统核心配置参数数据
16:22:32.105 [JavaFX-Launcher] INFO  c.s.d.c.utils.SystemPropertiesUtil - 正在加载系统核心参数数据
16:22:32.106 [JavaFX-Launcher] INFO  c.s.d.c.utils.SystemPropertiesUtil - 系统核心参数数据加载成功
16:22:32.699 [JavaFX-Launcher] INFO  com.stickpoint.ddmusic.App - 开始加载加载远程系统配置
16:27:11.497 [JavaFX-Launcher] INFO  com.stickpoint.ddmusic.App - 开始加载本地系统核心配置参数数据
16:27:11.498 [JavaFX-Launcher] INFO  c.s.d.c.utils.SystemPropertiesUtil - 正在加载系统核心参数数据
16:27:11.499 [JavaFX-Launcher] INFO  c.s.d.c.utils.SystemPropertiesUtil - 系统核心参数数据加载成功
16:27:26.716 [JavaFX-Launcher] INFO  com.stickpoint.ddmusic.App - 开始加载本地系统核心配置参数数据
16:27:26.717 [JavaFX-Launcher] INFO  c.s.d.c.utils.SystemPropertiesUtil - 正在加载系统核心参数数据
16:27:26.718 [JavaFX-Launcher] INFO  c.s.d.c.utils.SystemPropertiesUtil - 系统核心参数数据加载成功
16:27:34.261 [JavaFX-Launcher] INFO  com.stickpoint.ddmusic.App - 开始加载加载远程系统配置
16:29:46.067 [JavaFX-Launcher] INFO  com.stickpoint.ddmusic.App - 开始加载本地系统核心配置参数数据
16:29:46.068 [JavaFX-Launcher] INFO  c.s.d.c.utils.SystemPropertiesUtil - 正在加载系统核心参数数据
16:29:46.069 [JavaFX-Launcher] INFO  c.s.d.c.utils.SystemPropertiesUtil - 系统核心参数数据加载成功
16:29:46.654 [JavaFX-Launcher] INFO  com.stickpoint.ddmusic.App - 开始加载加载远程系统配置
16:33:17.584 [JavaFX-Launcher] INFO  com.stickpoint.ddmusic.App - 开始加载本地系统核心配置参数数据
16:33:17.585 [JavaFX-Launcher] INFO  c.s.d.c.utils.SystemPropertiesUtil - 正在加载系统核心参数数据
16:33:17.586 [JavaFX-Launcher] INFO  c.s.d.c.utils.SystemPropertiesUtil - 系统核心参数数据加载成功
16:33:18.145 [JavaFX-Launcher] INFO  com.stickpoint.ddmusic.App - 开始加载加载远程系统配置
16:33:42.030 [JavaFX-Launcher] INFO  com.stickpoint.ddmusic.App - 开始加载本地系统核心配置参数数据
16:33:42.032 [JavaFX-Launcher] INFO  c.s.d.c.utils.SystemPropertiesUtil - 正在加载系统核心参数数据
16:33:42.032 [JavaFX-Launcher] INFO  c.s.d.c.utils.SystemPropertiesUtil - 系统核心参数数据加载成功
16:33:42.454 [JavaFX-Launcher] INFO  com.stickpoint.ddmusic.App - 开始加载加载远程系统配置
16:42:30.872 [JavaFX-Launcher] INFO  com.stickpoint.ddmusic.App - 开始加载本地系统核心配置参数数据
16:42:30.874 [JavaFX-Launcher] INFO  c.s.d.c.utils.SystemPropertiesUtil - 正在加载系统核心参数数据
16:42:30.875 [JavaFX-Launcher] INFO  c.s.d.c.utils.SystemPropertiesUtil - 系统核心参数数据加载成功
16:42:31.388 [JavaFX-Launcher] INFO  com.stickpoint.ddmusic.App - 开始加载加载远程系统配置
16:44:36.796 [JavaFX-Launcher] INFO  com.stickpoint.ddmusic.App - 开始加载本地系统核心配置参数数据
16:44:36.798 [JavaFX-Launcher] INFO  c.s.d.c.utils.SystemPropertiesUtil - 正在加载系统核心参数数据
16:44:36.798 [JavaFX-Launcher] INFO  c.s.d.c.utils.SystemPropertiesUtil - 系统核心参数数据加载成功
16:44:37.374 [JavaFX-Launcher] INFO  com.stickpoint.ddmusic.App - 开始加载加载远程系统配置
16:44:52.735 [JavaFX-Launcher] INFO  com.stickpoint.ddmusic.App - 开始加载本地系统核心配置参数数据
16:44:52.737 [JavaFX-Launcher] INFO  c.s.d.c.utils.SystemPropertiesUtil - 正在加载系统核心参数数据
16:44:52.739 [JavaFX-Launcher] INFO  c.s.d.c.utils.SystemPropertiesUtil - 系统核心参数数据加载成功
16:44:53.223 [JavaFX-Launcher] INFO  com.stickpoint.ddmusic.App - 开始加载加载远程系统配置
16:45:06.597 [JavaFX-Launcher] INFO  com.stickpoint.ddmusic.App - 开始加载本地系统核心配置参数数据
16:45:06.599 [JavaFX-Launcher] INFO  c.s.d.c.utils.SystemPropertiesUtil - 正在加载系统核心参数数据
16:45:06.600 [JavaFX-Launcher] INFO  c.s.d.c.utils.SystemPropertiesUtil - 系统核心参数数据加载成功
16:45:07.030 [JavaFX-Launcher] INFO  com.stickpoint.ddmusic.App - 开始加载加载远程系统配置
16:54:56.595 [JavaFX-Launcher] INFO  com.stickpoint.ddmusic.App - 开始加载本地系统核心配置参数数据
16:54:56.596 [JavaFX-Launcher] INFO  c.s.d.c.utils.SystemPropertiesUtil - 正在加载系统核心参数数据
16:54:56.598 [JavaFX-Launcher] INFO  c.s.d.c.utils.SystemPropertiesUtil - 系统核心参数数据加载成功
16:54:57.128 [JavaFX-Launcher] INFO  com.stickpoint.ddmusic.App - 开始加载加载远程系统配置
17:08:25.019 [JavaFX-Launcher] INFO  com.stickpoint.ddmusic.App - 开始加载本地系统核心配置参数数据
17:08:25.021 [JavaFX-Launcher] INFO  c.s.d.c.utils.SystemPropertiesUtil - 正在加载系统核心参数数据
17:08:25.021 [JavaFX-Launcher] INFO  c.s.d.c.utils.SystemPropertiesUtil - 系统核心参数数据加载成功
17:08:25.539 [JavaFX-Launcher] INFO  com.stickpoint.ddmusic.App - 开始加载加载远程系统配置
17:08:26.351 [JavaFX-Launcher] INFO  com.stickpoint.ddmusic.App - 开始加载本地系统核心配置参数数据
17:08:26.353 [JavaFX-Launcher] INFO  c.s.d.c.utils.SystemPropertiesUtil - 正在加载系统核心参数数据
17:08:26.354 [JavaFX-Launcher] INFO  c.s.d.c.utils.SystemPropertiesUtil - 系统核心参数数据加载成功
17:08:26.770 [JavaFX-Launcher] INFO  com.stickpoint.ddmusic.App - 开始加载加载远程系统配置
17:09:00.220 [JavaFX-Launcher] INFO  com.stickpoint.ddmusic.App - 开始加载本地系统核心配置参数数据
17:09:00.221 [JavaFX-Launcher] INFO  c.s.d.c.utils.SystemPropertiesUtil - 正在加载系统核心参数数据
17:09:00.223 [JavaFX-Launcher] INFO  c.s.d.c.utils.SystemPropertiesUtil - 系统核心参数数据加载成功
17:09:00.703 [JavaFX-Launcher] INFO  com.stickpoint.ddmusic.App - 开始加载加载远程系统配置
17:12:45.806 [JavaFX-Launcher] INFO  com.stickpoint.ddmusic.App - 开始加载本地系统核心配置参数数据
17:12:45.807 [JavaFX-Launcher] INFO  c.s.d.c.utils.SystemPropertiesUtil - 正在加载系统核心参数数据
17:12:45.809 [JavaFX-Launcher] INFO  c.s.d.c.utils.SystemPropertiesUtil - 系统核心参数数据加载成功
17:12:46.352 [JavaFX-Launcher] INFO  com.stickpoint.ddmusic.App - 开始加载加载远程系统配置
17:13:17.662 [JavaFX-Launcher] INFO  com.stickpoint.ddmusic.App - 开始加载本地系统核心配置参数数据
17:13:17.663 [JavaFX-Launcher] INFO  c.s.d.c.utils.SystemPropertiesUtil - 正在加载系统核心参数数据
17:13:17.664 [JavaFX-Launcher] INFO  c.s.d.c.utils.SystemPropertiesUtil - 系统核心参数数据加载成功
17:13:18.083 [JavaFX-Launcher] INFO  com.stickpoint.ddmusic.App - 开始加载加载远程系统配置
17:15:26.599 [JavaFX-Launcher] INFO  com.stickpoint.ddmusic.App - 开始加载本地系统核心配置参数数据
17:15:26.601 [JavaFX-Launcher] INFO  c.s.d.c.utils.SystemPropertiesUtil - 正在加载系统核心参数数据
17:15:26.602 [JavaFX-Launcher] INFO  c.s.d.c.utils.SystemPropertiesUtil - 系统核心参数数据加载成功
17:15:27.134 [JavaFX-Launcher] INFO  com.stickpoint.ddmusic.App - 开始加载加载远程系统配置
17:28:05.481 [JavaFX-Launcher] INFO  com.stickpoint.ddmusic.App - 开始加载本地系统核心配置参数数据
17:28:05.484 [JavaFX-Launcher] INFO  c.s.d.c.utils.SystemPropertiesUtil - 正在加载系统核心参数数据
17:28:05.485 [JavaFX-Launcher] INFO  c.s.d.c.utils.SystemPropertiesUtil - 系统核心参数数据加载成功
17:28:06.018 [JavaFX-Launcher] INFO  com.stickpoint.ddmusic.App - 开始加载加载远程系统配置
17:29:34.540 [JavaFX-Launcher] INFO  com.stickpoint.ddmusic.App - 开始加载本地系统核心配置参数数据
17:29:34.541 [JavaFX-Launcher] INFO  c.s.d.c.utils.SystemPropertiesUtil - 正在加载系统核心参数数据
17:29:34.542 [JavaFX-Launcher] INFO  c.s.d.c.utils.SystemPropertiesUtil - 系统核心参数数据加载成功
17:29:35.142 [JavaFX-Launcher] INFO  com.stickpoint.ddmusic.App - 开始加载加载远程系统配置
17:51:24.055 [JavaFX-Launcher] INFO  com.stickpoint.ddmusic.App - 开始加载本地系统核心配置参数数据
17:51:24.056 [JavaFX-Launcher] INFO  c.s.d.c.utils.SystemPropertiesUtil - 正在加载系统核心参数数据
17:51:24.057 [JavaFX-Launcher] INFO  c.s.d.c.utils.SystemPropertiesUtil - 系统核心参数数据加载成功
17:51:24.661 [JavaFX-Launcher] INFO  com.stickpoint.ddmusic.App - 开始加载加载远程系统配置
17:53:17.457 [JavaFX-Launcher] INFO  com.stickpoint.ddmusic.App - 开始加载本地系统核心配置参数数据
17:53:17.458 [JavaFX-Launcher] INFO  c.s.d.c.utils.SystemPropertiesUtil - 正在加载系统核心参数数据
17:53:17.459 [JavaFX-Launcher] INFO  c.s.d.c.utils.SystemPropertiesUtil - 系统核心参数数据加载成功
17:53:18.051 [JavaFX-Launcher] INFO  com.stickpoint.ddmusic.App - 开始加载加载远程系统配置
17:55:11.788 [JavaFX-Launcher] INFO  com.stickpoint.ddmusic.App - 开始加载本地系统核心配置参数数据
17:55:11.789 [JavaFX-Launcher] INFO  c.s.d.c.utils.SystemPropertiesUtil - 正在加载系统核心参数数据
17:55:11.790 [JavaFX-Launcher] INFO  c.s.d.c.utils.SystemPropertiesUtil - 系统核心参数数据加载成功
17:55:12.311 [JavaFX-Launcher] INFO  com.stickpoint.ddmusic.App - 开始加载加载远程系统配置
17:55:13.012 [JavaFX-Launcher] INFO  com.stickpoint.ddmusic.App - 开始加载本地系统核心配置参数数据
17:55:13.014 [JavaFX-Launcher] INFO  c.s.d.c.utils.SystemPropertiesUtil - 正在加载系统核心参数数据
17:55:13.015 [JavaFX-Launcher] INFO  c.s.d.c.utils.SystemPropertiesUtil - 系统核心参数数据加载成功
17:55:13.432 [JavaFX-Launcher] INFO  com.stickpoint.ddmusic.App - 开始加载加载远程系统配置
17:55:25.069 [JavaFX-Launcher] INFO  com.stickpoint.ddmusic.App - 开始加载本地系统核心配置参数数据
17:55:25.071 [JavaFX-Launcher] INFO  c.s.d.c.utils.SystemPropertiesUtil - 正在加载系统核心参数数据
17:55:25.072 [JavaFX-Launcher] INFO  c.s.d.c.utils.SystemPropertiesUtil - 系统核心参数数据加载成功
17:55:25.488 [JavaFX-Launcher] INFO  com.stickpoint.ddmusic.App - 开始加载加载远程系统配置
18:14:47.315 [JavaFX-Launcher] INFO  com.stickpoint.ddmusic.App - 开始加载本地系统核心配置参数数据
18:14:47.316 [JavaFX-Launcher] INFO  c.s.d.c.utils.SystemPropertiesUtil - 正在加载系统核心参数数据
18:14:47.317 [JavaFX-Launcher] INFO  c.s.d.c.utils.SystemPropertiesUtil - 系统核心参数数据加载成功
18:14:47.852 [JavaFX-Launcher] INFO  com.stickpoint.ddmusic.App - 开始加载加载远程系统配置
20:33:58.765 [JavaFX-Launcher] INFO  com.stickpoint.ddmusic.App - 开始加载本地系统核心配置参数数据
20:33:58.767 [JavaFX-Launcher] INFO  c.s.d.c.utils.SystemPropertiesUtil - 正在加载系统核心参数数据
20:33:58.768 [JavaFX-Launcher] INFO  c.s.d.c.utils.SystemPropertiesUtil - 系统核心参数数据加载成功
20:33:59.335 [JavaFX-Launcher] INFO  com.stickpoint.ddmusic.App - 开始加载加载远程系统配置
20:35:09.587 [JavaFX-Launcher] INFO  com.stickpoint.ddmusic.App - 开始加载本地系统核心配置参数数据
20:35:09.589 [JavaFX-Launcher] INFO  c.s.d.c.utils.SystemPropertiesUtil - 正在加载系统核心参数数据
20:35:09.590 [JavaFX-Launcher] INFO  c.s.d.c.utils.SystemPropertiesUtil - 系统核心参数数据加载成功
20:35:10.107 [JavaFX-Launcher] INFO  com.stickpoint.ddmusic.App - 开始加载加载远程系统配置
20:36:10.368 [JavaFX-Launcher] INFO  com.stickpoint.ddmusic.App - 开始加载本地系统核心配置参数数据
20:36:10.370 [JavaFX-Launcher] INFO  c.s.d.c.utils.SystemPropertiesUtil - 正在加载系统核心参数数据
20:36:10.371 [JavaFX-Launcher] INFO  c.s.d.c.utils.SystemPropertiesUtil - 系统核心参数数据加载成功
20:36:10.836 [JavaFX-Launcher] INFO  com.stickpoint.ddmusic.App - 开始加载加载远程系统配置
20:38:11.241 [JavaFX-Launcher] INFO  com.stickpoint.ddmusic.App - 开始加载本地系统核心配置参数数据
20:38:11.243 [JavaFX-Launcher] INFO  c.s.d.c.utils.SystemPropertiesUtil - 正在加载系统核心参数数据
20:38:11.244 [JavaFX-Launcher] INFO  c.s.d.c.utils.SystemPropertiesUtil - 系统核心参数数据加载成功
20:38:11.796 [JavaFX-Launcher] INFO  com.stickpoint.ddmusic.App - 开始加载加载远程系统配置
20:38:36.314 [JavaFX-Launcher] INFO  com.stickpoint.ddmusic.App - 开始加载本地系统核心配置参数数据
20:38:36.315 [JavaFX-Launcher] INFO  c.s.d.c.utils.SystemPropertiesUtil - 正在加载系统核心参数数据
20:38:36.315 [JavaFX-Launcher] INFO  c.s.d.c.utils.SystemPropertiesUtil - 系统核心参数数据加载成功
20:38:36.718 [JavaFX-Launcher] INFO  com.stickpoint.ddmusic.App - 开始加载加载远程系统配置
20:41:14.282 [JavaFX-Launcher] INFO  com.stickpoint.ddmusic.App - 开始加载本地系统核心配置参数数据
20:41:14.283 [JavaFX-Launcher] INFO  c.s.d.c.utils.SystemPropertiesUtil - 正在加载系统核心参数数据
20:41:14.284 [JavaFX-Launcher] INFO  c.s.d.c.utils.SystemPropertiesUtil - 系统核心参数数据加载成功
20:41:14.866 [JavaFX-Launcher] INFO  com.stickpoint.ddmusic.App - 开始加载加载远程系统配置
20:42:35.601 [JavaFX-Launcher] INFO  com.stickpoint.ddmusic.App - 开始加载本地系统核心配置参数数据
20:42:35.602 [JavaFX-Launcher] INFO  c.s.d.c.utils.SystemPropertiesUtil - 正在加载系统核心参数数据
20:42:35.603 [JavaFX-Launcher] INFO  c.s.d.c.utils.SystemPropertiesUtil - 系统核心参数数据加载成功
20:42:36.229 [JavaFX-Launcher] INFO  com.stickpoint.ddmusic.App - 开始加载加载远程系统配置
21:00:18.853 [JavaFX-Launcher] INFO  com.stickpoint.ddmusic.App - 开始加载本地系统核心配置参数数据
21:00:18.854 [JavaFX-Launcher] INFO  c.s.d.c.utils.SystemPropertiesUtil - 正在加载系统核心参数数据
21:00:18.855 [JavaFX-Launcher] INFO  c.s.d.c.utils.SystemPropertiesUtil - 系统核心参数数据加载成功
21:01:59.251 [JavaFX-Launcher] INFO  com.stickpoint.ddmusic.App - 开始加载本地系统核心配置参数数据
21:01:59.251 [JavaFX-Launcher] INFO  c.s.d.c.utils.SystemPropertiesUtil - 正在加载系统核心参数数据
21:01:59.253 [JavaFX-Launcher] INFO  c.s.d.c.utils.SystemPropertiesUtil - 系统核心参数数据加载成功
21:01:59.815 [JavaFX-Launcher] INFO  com.stickpoint.ddmusic.App - 开始加载加载远程系统配置
21:03:08.372 [JavaFX-Launcher] INFO  com.stickpoint.ddmusic.App - 开始加载本地系统核心配置参数数据
21:03:08.373 [JavaFX-Launcher] INFO  c.s.d.c.utils.SystemPropertiesUtil - 正在加载系统核心参数数据
21:03:08.375 [JavaFX-Launcher] INFO  c.s.d.c.utils.SystemPropertiesUtil - 系统核心参数数据加载成功
21:03:08.767 [JavaFX-Launcher] INFO  com.stickpoint.ddmusic.App - 开始加载加载远程系统配置
21:03:19.848 [JavaFX-Launcher] INFO  com.stickpoint.ddmusic.App - 开始加载本地系统核心配置参数数据
21:03:19.849 [JavaFX-Launcher] INFO  c.s.d.c.utils.SystemPropertiesUtil - 正在加载系统核心参数数据
21:03:19.850 [JavaFX-Launcher] INFO  c.s.d.c.utils.SystemPropertiesUtil - 系统核心参数数据加载成功
21:03:20.281 [JavaFX-Launcher] INFO  com.stickpoint.ddmusic.App - 开始加载加载远程系统配置
21:03:31.460 [JavaFX-Launcher] INFO  com.stickpoint.ddmusic.App - 开始加载本地系统核心配置参数数据
21:03:31.462 [JavaFX-Launcher] INFO  c.s.d.c.utils.SystemPropertiesUtil - 正在加载系统核心参数数据
21:03:31.463 [JavaFX-Launcher] INFO  c.s.d.c.utils.SystemPropertiesUtil - 系统核心参数数据加载成功
21:03:31.874 [JavaFX-Launcher] INFO  com.stickpoint.ddmusic.App - 开始加载加载远程系统配置
21:03:47.453 [JavaFX-Launcher] INFO  com.stickpoint.ddmusic.App - 开始加载本地系统核心配置参数数据
21:03:47.455 [JavaFX-Launcher] INFO  c.s.d.c.utils.SystemPropertiesUtil - 正在加载系统核心参数数据
21:03:47.455 [JavaFX-Launcher] INFO  c.s.d.c.utils.SystemPropertiesUtil - 系统核心参数数据加载成功
21:03:47.876 [JavaFX-Launcher] INFO  com.stickpoint.ddmusic.App - 开始加载加载远程系统配置
21:04:09.732 [JavaFX-Launcher] INFO  com.stickpoint.ddmusic.App - 开始加载本地系统核心配置参数数据
21:04:09.733 [JavaFX-Launcher] INFO  c.s.d.c.utils.SystemPropertiesUtil - 正在加载系统核心参数数据
21:04:09.734 [JavaFX-Launcher] INFO  c.s.d.c.utils.SystemPropertiesUtil - 系统核心参数数据加载成功
21:04:10.164 [JavaFX-Launcher] INFO  com.stickpoint.ddmusic.App - 开始加载加载远程系统配置
21:10:18.061 [JavaFX-Launcher] INFO  com.stickpoint.ddmusic.App - 开始加载本地系统核心配置参数数据
21:10:18.063 [JavaFX-Launcher] INFO  c.s.d.c.utils.SystemPropertiesUtil - 正在加载系统核心参数数据
21:10:18.064 [JavaFX-Launcher] INFO  c.s.d.c.utils.SystemPropertiesUtil - 系统核心参数数据加载成功
21:10:18.628 [JavaFX-Launcher] INFO  com.stickpoint.ddmusic.App - 开始加载加载远程系统配置
21:15:15.412 [JavaFX-Launcher] INFO  com.stickpoint.ddmusic.App - 开始加载本地系统核心配置参数数据
21:15:15.414 [JavaFX-Launcher] INFO  c.s.d.c.utils.SystemPropertiesUtil - 正在加载系统核心参数数据
21:15:15.414 [JavaFX-Launcher] INFO  c.s.d.c.utils.SystemPropertiesUtil - 系统核心参数数据加载成功
21:15:15.950 [JavaFX-Launcher] INFO  com.stickpoint.ddmusic.App - 开始加载加载远程系统配置
21:35:46.426 [JavaFX-Launcher] INFO  com.stickpoint.ddmusic.App - 开始加载本地系统核心配置参数数据
21:35:46.428 [JavaFX-Launcher] INFO  c.s.d.c.utils.SystemPropertiesUtil - 正在加载系统核心参数数据
21:35:46.428 [JavaFX-Launcher] INFO  c.s.d.c.utils.SystemPropertiesUtil - 系统核心参数数据加载成功
21:35:47.032 [JavaFX-Launcher] INFO  com.stickpoint.ddmusic.App - 开始加载加载远程系统配置
21:40:18.552 [JavaFX-Launcher] INFO  com.stickpoint.ddmusic.App - 开始加载本地系统核心配置参数数据
21:40:18.553 [JavaFX-Launcher] INFO  c.s.d.c.utils.SystemPropertiesUtil - 正在加载系统核心参数数据
21:40:18.554 [JavaFX-Launcher] INFO  c.s.d.c.utils.SystemPropertiesUtil - 系统核心参数数据加载成功
21:40:19.103 [JavaFX-Launcher] INFO  com.stickpoint.ddmusic.App - 开始加载加载远程系统配置
