18:36:59.160 [JavaFX Application Thread] INFO  com.stickpoint.ddmusic.App - === 应用启动调试信息 ===
18:36:59.161 [JavaFX Application Thread] INFO  com.stickpoint.ddmusic.App - Java 版本: 21.0.7
18:36:59.161 [JavaFX Application Thread] INFO  com.stickpoint.ddmusic.App - JavaFX 版本: 21.0.7
18:36:59.162 [JavaFX Application Thread] INFO  com.stickpoint.ddmusic.App - 工作目录: G:\codeData\java\javafxProjects\bendy2025\ddmusic
18:36:59.162 [JavaFX Application Thread] INFO  com.stickpoint.ddmusic.App - 1. 开始创建 HomePage
18:36:59.748 [JavaFX Application Thread] INFO  com.stickpoint.ddmusic.App - 2. HomePage 创建成功
18:36:59.748 [JavaFX Application Thread] INFO  com.stickpoint.ddmusic.App - 3. 开始创建场景
18:36:59.777 [JavaFX Application Thread] INFO  com.stickpoint.ddmusic.App - 4. 场景创建成功
18:36:59.778 [JavaFX Application Thread] INFO  com.stickpoint.ddmusic.App - 5. 设置舞台属性
18:36:59.778 [JavaFX Application Thread] INFO  com.stickpoint.ddmusic.App - 6. 舞台属性设置完成
18:36:59.779 [JavaFX Application Thread] INFO  com.stickpoint.ddmusic.App - 7. 加载图标
18:36:59.779 [JavaFX Application Thread] INFO  com.stickpoint.ddmusic.App - 图标URL: file:/G:/codeData/java/javafxProjects/bendy2025/ddmusic/target/classes/img/logo.svg
18:36:59.780 [JavaFX Application Thread] INFO  com.stickpoint.ddmusic.App - 8. 图标加载成功
18:36:59.780 [JavaFX Application Thread] INFO  com.stickpoint.ddmusic.App - 9. 显示舞台
18:36:59.992 [JavaFX Application Thread] INFO  com.stickpoint.ddmusic.App - 10. 添加窗口缩放支持
18:36:59.993 [JavaFX Application Thread] INFO  com.stickpoint.ddmusic.App - 11. 居中显示
18:36:59.994 [JavaFX Application Thread] INFO  com.stickpoint.ddmusic.App - 12. 应用启动完成
18:38:02.270 [JavaFX Application Thread] INFO  com.stickpoint.ddmusic.App - === 应用启动调试信息 ===
18:38:02.272 [JavaFX Application Thread] INFO  com.stickpoint.ddmusic.App - Java 版本: 21.0.7
18:38:02.272 [JavaFX Application Thread] INFO  com.stickpoint.ddmusic.App - JavaFX 版本: 21.0.7
18:38:02.272 [JavaFX Application Thread] INFO  com.stickpoint.ddmusic.App - 工作目录: G:\codeData\java\javafxProjects\bendy2025\ddmusic
18:38:02.272 [JavaFX Application Thread] INFO  com.stickpoint.ddmusic.App - 1. 开始创建 HomePage
18:38:02.791 [JavaFX Application Thread] INFO  com.stickpoint.ddmusic.App - 2. HomePage 创建成功
18:38:02.791 [JavaFX Application Thread] INFO  com.stickpoint.ddmusic.App - 3. 开始创建场景
18:38:02.811 [JavaFX Application Thread] INFO  com.stickpoint.ddmusic.App - 4. 场景创建成功
18:38:02.811 [JavaFX Application Thread] INFO  com.stickpoint.ddmusic.App - 5. 设置舞台属性
18:38:02.811 [JavaFX Application Thread] INFO  com.stickpoint.ddmusic.App - 6. 舞台属性设置完成
18:38:02.811 [JavaFX Application Thread] INFO  com.stickpoint.ddmusic.App - 7. 加载图标
18:38:02.812 [JavaFX Application Thread] INFO  com.stickpoint.ddmusic.App - 图标URL: file:/G:/codeData/java/javafxProjects/bendy2025/ddmusic/target/classes/img/logo.svg
18:38:02.813 [JavaFX Application Thread] INFO  com.stickpoint.ddmusic.App - 8. 图标加载成功
18:38:02.813 [JavaFX Application Thread] INFO  com.stickpoint.ddmusic.App - 9. 显示舞台
18:38:02.971 [JavaFX Application Thread] INFO  com.stickpoint.ddmusic.App - 10. 添加窗口缩放支持
18:38:02.973 [JavaFX Application Thread] INFO  com.stickpoint.ddmusic.App - 11. 居中显示
18:38:02.974 [JavaFX Application Thread] INFO  com.stickpoint.ddmusic.App - 12. 应用启动完成
18:45:07.103 [JavaFX Application Thread] INFO  com.stickpoint.ddmusic.App - === 应用启动调试信息 ===
18:45:07.105 [JavaFX Application Thread] INFO  com.stickpoint.ddmusic.App - Java 版本: 21.0.7
18:45:07.105 [JavaFX Application Thread] INFO  com.stickpoint.ddmusic.App - JavaFX 版本: 21.0.7
18:45:07.105 [JavaFX Application Thread] INFO  com.stickpoint.ddmusic.App - 工作目录: G:\codeData\java\javafxProjects\bendy2025\ddmusic
18:45:07.105 [JavaFX Application Thread] INFO  com.stickpoint.ddmusic.App - 1. 开始创建 HomePage
18:45:07.609 [JavaFX Application Thread] INFO  com.stickpoint.ddmusic.App - 2. HomePage 创建成功
18:45:07.609 [JavaFX Application Thread] INFO  com.stickpoint.ddmusic.App - 3. 开始创建场景
18:45:07.630 [JavaFX Application Thread] INFO  com.stickpoint.ddmusic.App - 4. 场景创建成功
18:45:07.630 [JavaFX Application Thread] INFO  com.stickpoint.ddmusic.App - 5. 设置舞台属性
18:45:07.630 [JavaFX Application Thread] INFO  com.stickpoint.ddmusic.App - 6. 舞台属性设置完成
18:45:07.630 [JavaFX Application Thread] INFO  com.stickpoint.ddmusic.App - 7. 加载图标
18:45:07.631 [JavaFX Application Thread] INFO  com.stickpoint.ddmusic.App - 图标URL: file:/G:/codeData/java/javafxProjects/bendy2025/ddmusic/target/classes/img/logo.svg
18:45:07.631 [JavaFX Application Thread] INFO  com.stickpoint.ddmusic.App - 8. 图标加载成功
18:45:07.631 [JavaFX Application Thread] INFO  com.stickpoint.ddmusic.App - 9. 显示舞台
18:45:07.828 [JavaFX Application Thread] INFO  com.stickpoint.ddmusic.App - 10. 添加窗口缩放支持
18:45:07.829 [JavaFX Application Thread] INFO  com.stickpoint.ddmusic.App - 11. 居中显示
18:45:07.830 [JavaFX Application Thread] INFO  com.stickpoint.ddmusic.App - 12. 应用启动完成
18:55:46.433 [JavaFX Application Thread] INFO  com.stickpoint.ddmusic.App - === 应用启动调试信息 ===
18:55:46.435 [JavaFX Application Thread] INFO  com.stickpoint.ddmusic.App - Java 版本: 21.0.7
18:55:46.435 [JavaFX Application Thread] INFO  com.stickpoint.ddmusic.App - JavaFX 版本: 21.0.7
18:55:46.435 [JavaFX Application Thread] INFO  com.stickpoint.ddmusic.App - 工作目录: G:\codeData\java\javafxProjects\bendy2025\ddmusic
18:55:46.435 [JavaFX Application Thread] INFO  com.stickpoint.ddmusic.App - 1. 开始创建 HomePage
18:55:46.981 [JavaFX Application Thread] INFO  com.stickpoint.ddmusic.App - 2. HomePage 创建成功
18:55:46.981 [JavaFX Application Thread] INFO  com.stickpoint.ddmusic.App - 3. 开始创建场景
18:55:47.001 [JavaFX Application Thread] INFO  com.stickpoint.ddmusic.App - 4. 场景创建成功
18:55:47.002 [JavaFX Application Thread] INFO  com.stickpoint.ddmusic.App - 5. 设置舞台属性
18:55:47.002 [JavaFX Application Thread] INFO  com.stickpoint.ddmusic.App - 6. 舞台属性设置完成
18:55:47.002 [JavaFX Application Thread] INFO  com.stickpoint.ddmusic.App - 7. 加载图标
18:55:47.003 [JavaFX Application Thread] INFO  com.stickpoint.ddmusic.App - 图标URL: file:/G:/codeData/java/javafxProjects/bendy2025/ddmusic/target/classes/img/logo.svg
18:55:47.003 [JavaFX Application Thread] INFO  com.stickpoint.ddmusic.App - 8. 图标加载成功
18:55:47.004 [JavaFX Application Thread] INFO  com.stickpoint.ddmusic.App - 9. 显示舞台
18:55:47.229 [JavaFX Application Thread] INFO  com.stickpoint.ddmusic.App - 10. 添加窗口缩放支持
18:55:47.231 [JavaFX Application Thread] INFO  com.stickpoint.ddmusic.App - 11. 居中显示
18:55:47.231 [JavaFX Application Thread] INFO  com.stickpoint.ddmusic.App - 12. 应用启动完成
