16:19:31.891 [JavaFX Application Thread] INFO  com.stickpoint.ddmusic.App - === 应用启动调试信息 ===
16:19:31.892 [JavaFX Application Thread] INFO  com.stickpoint.ddmusic.App - Java 版本: 21.0.7
16:19:31.893 [JavaFX Application Thread] INFO  com.stickpoint.ddmusic.App - JavaFX 版本: 21.0.7
16:19:31.893 [JavaFX Application Thread] INFO  com.stickpoint.ddmusic.App - 工作目录: G:\codeData\java\javafxProjects\bendy2025\ddmusic
16:19:31.893 [JavaFX Application Thread] INFO  com.stickpoint.ddmusic.App - 1. 开始创建 HomePage
16:19:32.542 [JavaFX Application Thread] INFO  c.s.d.p.n.MusicPlayDetailContainer - 旋转角度: 60.0
16:19:32.545 [JavaFX Application Thread] INFO  com.stickpoint.ddmusic.App - 2. HomePage 创建成功
16:19:32.545 [JavaFX Application Thread] INFO  com.stickpoint.ddmusic.App - 3. 开始创建场景
16:19:32.566 [JavaFX Application Thread] INFO  com.stickpoint.ddmusic.App - 4. 场景创建成功
16:19:32.566 [JavaFX Application Thread] INFO  com.stickpoint.ddmusic.App - 5. 设置舞台属性
16:19:32.566 [JavaFX Application Thread] INFO  com.stickpoint.ddmusic.App - 6. 舞台属性设置完成
16:19:32.567 [JavaFX Application Thread] INFO  com.stickpoint.ddmusic.App - 7. 加载图标
16:19:32.568 [JavaFX Application Thread] INFO  com.stickpoint.ddmusic.App - 图标URL: file:/G:/codeData/java/javafxProjects/bendy2025/ddmusic/target/classes/img/logo.svg
16:19:32.568 [JavaFX Application Thread] INFO  com.stickpoint.ddmusic.App - 8. 图标加载成功
16:19:32.569 [JavaFX Application Thread] INFO  com.stickpoint.ddmusic.App - 9. 显示舞台
16:19:32.804 [JavaFX Application Thread] INFO  com.stickpoint.ddmusic.App - 10. 添加窗口缩放支持
16:19:32.805 [JavaFX Application Thread] INFO  com.stickpoint.ddmusic.App - 11. 居中显示
16:19:32.806 [JavaFX Application Thread] INFO  com.stickpoint.ddmusic.App - 12. 应用启动完成
16:19:38.211 [JavaFX Application Thread] INFO  c.s.d.p.n.MusicPlayDetailContainer - 当前旋转角度: 暂停--95.0
16:19:47.540 [JavaFX Application Thread] INFO  c.s.d.p.n.MusicPlayDetailContainer - 暂停旋转
16:19:47.541 [JavaFX Application Thread] INFO  c.s.d.p.n.MusicPlayDetailContainer - 当前播放状态: PAUSED
16:19:47.542 [JavaFX Application Thread] INFO  c.s.d.p.n.MusicPlayDetailContainer - 当前旋转角度: 播放--95.0
16:19:48.973 [JavaFX Application Thread] INFO  c.s.d.p.n.MusicPlayDetailContainer - 当前旋转角度: 暂停--95.0
16:20:13.844 [JavaFX Application Thread] INFO  c.s.d.p.n.MusicPlayDetailContainer - 暂停旋转
16:20:13.844 [JavaFX Application Thread] INFO  c.s.d.p.n.MusicPlayDetailContainer - 当前播放状态: PAUSED
16:20:13.845 [JavaFX Application Thread] INFO  c.s.d.p.n.MusicPlayDetailContainer - 当前旋转角度: 播放--95.0
16:20:53.417 [JavaFX Application Thread] INFO  com.stickpoint.ddmusic.App - === 应用启动调试信息 ===
16:20:53.418 [JavaFX Application Thread] INFO  com.stickpoint.ddmusic.App - Java 版本: 21.0.7
16:20:53.418 [JavaFX Application Thread] INFO  com.stickpoint.ddmusic.App - JavaFX 版本: 21.0.7
16:20:53.418 [JavaFX Application Thread] INFO  com.stickpoint.ddmusic.App - 工作目录: G:\codeData\java\javafxProjects\bendy2025\ddmusic
16:20:53.419 [JavaFX Application Thread] INFO  com.stickpoint.ddmusic.App - 1. 开始创建 HomePage
16:20:53.899 [JavaFX Application Thread] INFO  c.s.d.p.n.MusicPlayDetailContainer - 旋转角度: 60.0
16:20:53.903 [JavaFX Application Thread] INFO  com.stickpoint.ddmusic.App - 2. HomePage 创建成功
16:20:53.903 [JavaFX Application Thread] INFO  com.stickpoint.ddmusic.App - 3. 开始创建场景
16:20:53.925 [JavaFX Application Thread] INFO  com.stickpoint.ddmusic.App - 4. 场景创建成功
16:20:53.925 [JavaFX Application Thread] INFO  com.stickpoint.ddmusic.App - 5. 设置舞台属性
16:20:53.925 [JavaFX Application Thread] INFO  com.stickpoint.ddmusic.App - 6. 舞台属性设置完成
16:20:53.926 [JavaFX Application Thread] INFO  com.stickpoint.ddmusic.App - 7. 加载图标
16:20:53.926 [JavaFX Application Thread] INFO  com.stickpoint.ddmusic.App - 图标URL: file:/G:/codeData/java/javafxProjects/bendy2025/ddmusic/target/classes/img/logo.svg
16:20:53.926 [JavaFX Application Thread] INFO  com.stickpoint.ddmusic.App - 8. 图标加载成功
16:20:53.926 [JavaFX Application Thread] INFO  com.stickpoint.ddmusic.App - 9. 显示舞台
16:20:54.152 [JavaFX Application Thread] INFO  com.stickpoint.ddmusic.App - 10. 添加窗口缩放支持
16:20:54.153 [JavaFX Application Thread] INFO  com.stickpoint.ddmusic.App - 11. 居中显示
16:20:54.153 [JavaFX Application Thread] INFO  com.stickpoint.ddmusic.App - 12. 应用启动完成
16:21:17.484 [JavaFX Application Thread] INFO  c.s.d.p.node.HomePageMenuItemPanel - === ToggleGroup 监听器被触发 ===
16:21:17.484 [JavaFX Application Thread] INFO  c.s.d.p.node.HomePageMenuItemPanel - oldToggle: null
16:21:17.485 [JavaFX Application Thread] INFO  c.s.d.p.node.HomePageMenuItemPanel - newToggle: recommend
16:21:17.485 [JavaFX Application Thread] INFO  c.s.d.p.node.HomePageMenuItemPanel - 当前选中的菜单项：recommend
16:21:17.485 [JavaFX Application Thread] INFO  c.s.d.p.node.HomePageMenuItemPanel - ================================
16:21:17.844 [JavaFX Application Thread] INFO  c.s.d.p.node.HomePageMenuItemPanel - === ToggleGroup 监听器被触发 ===
16:21:17.845 [JavaFX Application Thread] INFO  c.s.d.p.node.HomePageMenuItemPanel - oldToggle: recommend
16:21:17.845 [JavaFX Application Thread] INFO  c.s.d.p.node.HomePageMenuItemPanel - newToggle: jingxuan
16:21:17.845 [JavaFX Application Thread] INFO  c.s.d.p.node.HomePageMenuItemPanel - 当前选中的菜单项：jingxuan
16:21:17.846 [JavaFX Application Thread] INFO  c.s.d.p.node.HomePageMenuItemPanel - 上一个被选中的菜单项：recommend
16:21:17.846 [JavaFX Application Thread] INFO  c.s.d.p.node.HomePageMenuItemPanel - ================================
16:21:23.043 [JavaFX Application Thread] INFO  c.s.d.p.node.HomePageMenuItemPanel - === ToggleGroup 监听器被触发 ===
16:21:23.043 [JavaFX Application Thread] INFO  c.s.d.p.node.HomePageMenuItemPanel - oldToggle: jingxuan
16:21:23.043 [JavaFX Application Thread] INFO  c.s.d.p.node.HomePageMenuItemPanel - newToggle: podcast
16:21:23.043 [JavaFX Application Thread] INFO  c.s.d.p.node.HomePageMenuItemPanel - 当前选中的菜单项：podcast
16:21:23.043 [JavaFX Application Thread] INFO  c.s.d.p.node.HomePageMenuItemPanel - 上一个被选中的菜单项：jingxuan
16:21:23.043 [JavaFX Application Thread] INFO  c.s.d.p.node.HomePageMenuItemPanel - ================================
16:21:23.324 [JavaFX Application Thread] INFO  c.s.d.p.node.HomePageMenuItemPanel - === ToggleGroup 监听器被触发 ===
16:21:23.324 [JavaFX Application Thread] INFO  c.s.d.p.node.HomePageMenuItemPanel - oldToggle: podcast
16:21:23.324 [JavaFX Application Thread] INFO  c.s.d.p.node.HomePageMenuItemPanel - newToggle: roam
16:21:23.325 [JavaFX Application Thread] INFO  c.s.d.p.node.HomePageMenuItemPanel - 当前选中的菜单项：roam
16:21:23.325 [JavaFX Application Thread] INFO  c.s.d.p.node.HomePageMenuItemPanel - 上一个被选中的菜单项：podcast
16:21:23.325 [JavaFX Application Thread] INFO  c.s.d.p.node.HomePageMenuItemPanel - ================================
16:21:23.627 [JavaFX Application Thread] INFO  c.s.d.p.node.HomePageMenuItemPanel - === ToggleGroup 监听器被触发 ===
16:21:23.628 [JavaFX Application Thread] INFO  c.s.d.p.node.HomePageMenuItemPanel - oldToggle: roam
16:21:23.628 [JavaFX Application Thread] INFO  c.s.d.p.node.HomePageMenuItemPanel - newToggle: myMusic
16:21:23.629 [JavaFX Application Thread] INFO  c.s.d.p.node.HomePageMenuItemPanel - 当前选中的菜单项：myMusic
16:21:23.629 [JavaFX Application Thread] INFO  c.s.d.p.node.HomePageMenuItemPanel - 上一个被选中的菜单项：roam
16:21:23.629 [JavaFX Application Thread] INFO  c.s.d.p.node.HomePageMenuItemPanel - ================================
16:21:24.180 [JavaFX Application Thread] INFO  c.s.d.p.node.HomePageMenuItemPanel - === ToggleGroup 监听器被触发 ===
16:21:24.180 [JavaFX Application Thread] INFO  c.s.d.p.node.HomePageMenuItemPanel - oldToggle: myMusic
16:21:24.180 [JavaFX Application Thread] INFO  c.s.d.p.node.HomePageMenuItemPanel - newToggle: recent
16:21:24.180 [JavaFX Application Thread] INFO  c.s.d.p.node.HomePageMenuItemPanel - 当前选中的菜单项：recent
16:21:24.180 [JavaFX Application Thread] INFO  c.s.d.p.node.HomePageMenuItemPanel - 上一个被选中的菜单项：myMusic
16:21:24.180 [JavaFX Application Thread] INFO  c.s.d.p.node.HomePageMenuItemPanel - ================================
16:21:24.451 [JavaFX Application Thread] INFO  c.s.d.p.node.HomePageMenuItemPanel - === ToggleGroup 监听器被触发 ===
16:21:24.452 [JavaFX Application Thread] INFO  c.s.d.p.node.HomePageMenuItemPanel - oldToggle: recent
16:21:24.452 [JavaFX Application Thread] INFO  c.s.d.p.node.HomePageMenuItemPanel - newToggle: myPlaylist
16:21:24.452 [JavaFX Application Thread] INFO  c.s.d.p.node.HomePageMenuItemPanel - 当前选中的菜单项：myPlaylist
16:21:24.452 [JavaFX Application Thread] INFO  c.s.d.p.node.HomePageMenuItemPanel - 上一个被选中的菜单项：recent
16:21:24.452 [JavaFX Application Thread] INFO  c.s.d.p.node.HomePageMenuItemPanel - ================================
16:21:25.075 [JavaFX Application Thread] INFO  c.s.d.p.node.HomePageMenuItemPanel - === ToggleGroup 监听器被触发 ===
16:21:25.075 [JavaFX Application Thread] INFO  c.s.d.p.node.HomePageMenuItemPanel - oldToggle: myPlaylist
16:21:25.075 [JavaFX Application Thread] INFO  c.s.d.p.node.HomePageMenuItemPanel - newToggle: recommend
16:21:25.075 [JavaFX Application Thread] INFO  c.s.d.p.node.HomePageMenuItemPanel - 当前选中的菜单项：recommend
16:21:25.075 [JavaFX Application Thread] INFO  c.s.d.p.node.HomePageMenuItemPanel - 上一个被选中的菜单项：myPlaylist
16:21:25.076 [JavaFX Application Thread] INFO  c.s.d.p.node.HomePageMenuItemPanel - ================================
16:21:43.916 [JavaFX Application Thread] INFO  c.s.d.p.node.HomePageMenuItemPanel - === ToggleGroup 监听器被触发 ===
16:21:43.916 [JavaFX Application Thread] INFO  c.s.d.p.node.HomePageMenuItemPanel - oldToggle: recommend
16:21:43.917 [JavaFX Application Thread] INFO  c.s.d.p.node.HomePageMenuItemPanel - newToggle: jingxuan
16:21:43.917 [JavaFX Application Thread] INFO  c.s.d.p.node.HomePageMenuItemPanel - 当前选中的菜单项：jingxuan
16:21:43.917 [JavaFX Application Thread] INFO  c.s.d.p.node.HomePageMenuItemPanel - 上一个被选中的菜单项：recommend
16:21:43.917 [JavaFX Application Thread] INFO  c.s.d.p.node.HomePageMenuItemPanel - ================================
16:21:44.195 [JavaFX Application Thread] INFO  c.s.d.p.node.HomePageMenuItemPanel - === ToggleGroup 监听器被触发 ===
16:21:44.195 [JavaFX Application Thread] INFO  c.s.d.p.node.HomePageMenuItemPanel - oldToggle: jingxuan
16:21:44.195 [JavaFX Application Thread] INFO  c.s.d.p.node.HomePageMenuItemPanel - newToggle: podcast
16:21:44.196 [JavaFX Application Thread] INFO  c.s.d.p.node.HomePageMenuItemPanel - 当前选中的菜单项：podcast
16:21:44.196 [JavaFX Application Thread] INFO  c.s.d.p.node.HomePageMenuItemPanel - 上一个被选中的菜单项：jingxuan
16:21:44.196 [JavaFX Application Thread] INFO  c.s.d.p.node.HomePageMenuItemPanel - ================================
16:21:44.484 [JavaFX Application Thread] INFO  c.s.d.p.node.HomePageMenuItemPanel - === ToggleGroup 监听器被触发 ===
16:21:44.484 [JavaFX Application Thread] INFO  c.s.d.p.node.HomePageMenuItemPanel - oldToggle: podcast
16:21:44.484 [JavaFX Application Thread] INFO  c.s.d.p.node.HomePageMenuItemPanel - newToggle: roam
16:21:44.484 [JavaFX Application Thread] INFO  c.s.d.p.node.HomePageMenuItemPanel - 当前选中的菜单项：roam
16:21:44.484 [JavaFX Application Thread] INFO  c.s.d.p.node.HomePageMenuItemPanel - 上一个被选中的菜单项：podcast
16:21:44.484 [JavaFX Application Thread] INFO  c.s.d.p.node.HomePageMenuItemPanel - ================================
16:21:44.795 [JavaFX Application Thread] INFO  c.s.d.p.node.HomePageMenuItemPanel - === ToggleGroup 监听器被触发 ===
16:21:44.796 [JavaFX Application Thread] INFO  c.s.d.p.node.HomePageMenuItemPanel - oldToggle: roam
16:21:44.796 [JavaFX Application Thread] INFO  c.s.d.p.node.HomePageMenuItemPanel - newToggle: myMusic
16:21:44.796 [JavaFX Application Thread] INFO  c.s.d.p.node.HomePageMenuItemPanel - 当前选中的菜单项：myMusic
16:21:44.796 [JavaFX Application Thread] INFO  c.s.d.p.node.HomePageMenuItemPanel - 上一个被选中的菜单项：roam
16:21:44.796 [JavaFX Application Thread] INFO  c.s.d.p.node.HomePageMenuItemPanel - ================================
16:21:45.059 [JavaFX Application Thread] INFO  c.s.d.p.node.HomePageMenuItemPanel - === ToggleGroup 监听器被触发 ===
16:21:45.060 [JavaFX Application Thread] INFO  c.s.d.p.node.HomePageMenuItemPanel - oldToggle: myMusic
16:21:45.060 [JavaFX Application Thread] INFO  c.s.d.p.node.HomePageMenuItemPanel - newToggle: recent
16:21:45.060 [JavaFX Application Thread] INFO  c.s.d.p.node.HomePageMenuItemPanel - 当前选中的菜单项：recent
16:21:45.060 [JavaFX Application Thread] INFO  c.s.d.p.node.HomePageMenuItemPanel - 上一个被选中的菜单项：myMusic
16:21:45.060 [JavaFX Application Thread] INFO  c.s.d.p.node.HomePageMenuItemPanel - ================================
16:21:45.700 [JavaFX Application Thread] INFO  c.s.d.p.node.HomePageMenuItemPanel - === ToggleGroup 监听器被触发 ===
16:21:45.700 [JavaFX Application Thread] INFO  c.s.d.p.node.HomePageMenuItemPanel - oldToggle: recent
16:21:45.700 [JavaFX Application Thread] INFO  c.s.d.p.node.HomePageMenuItemPanel - newToggle: myPlaylist
16:21:45.700 [JavaFX Application Thread] INFO  c.s.d.p.node.HomePageMenuItemPanel - 当前选中的菜单项：myPlaylist
16:21:45.700 [JavaFX Application Thread] INFO  c.s.d.p.node.HomePageMenuItemPanel - 上一个被选中的菜单项：recent
16:21:45.701 [JavaFX Application Thread] INFO  c.s.d.p.node.HomePageMenuItemPanel - ================================
16:21:46.188 [JavaFX Application Thread] INFO  c.s.d.p.node.HomePageMenuItemPanel - === ToggleGroup 监听器被触发 ===
16:21:46.188 [JavaFX Application Thread] INFO  c.s.d.p.node.HomePageMenuItemPanel - oldToggle: myPlaylist
16:21:46.188 [JavaFX Application Thread] INFO  c.s.d.p.node.HomePageMenuItemPanel - newToggle: recommend
16:21:46.189 [JavaFX Application Thread] INFO  c.s.d.p.node.HomePageMenuItemPanel - 当前选中的菜单项：recommend
16:21:46.189 [JavaFX Application Thread] INFO  c.s.d.p.node.HomePageMenuItemPanel - 上一个被选中的菜单项：myPlaylist
16:21:46.189 [JavaFX Application Thread] INFO  c.s.d.p.node.HomePageMenuItemPanel - ================================
16:21:55.299 [JavaFX Application Thread] INFO  c.s.d.p.node.HomePageMenuItemPanel - === ToggleGroup 监听器被触发 ===
16:21:55.300 [JavaFX Application Thread] INFO  c.s.d.p.node.HomePageMenuItemPanel - oldToggle: recommend
16:21:55.300 [JavaFX Application Thread] INFO  c.s.d.p.node.HomePageMenuItemPanel - newToggle: jingxuan
16:21:55.300 [JavaFX Application Thread] INFO  c.s.d.p.node.HomePageMenuItemPanel - 当前选中的菜单项：jingxuan
16:21:55.300 [JavaFX Application Thread] INFO  c.s.d.p.node.HomePageMenuItemPanel - 上一个被选中的菜单项：recommend
16:21:55.300 [JavaFX Application Thread] INFO  c.s.d.p.node.HomePageMenuItemPanel - ================================
16:21:55.637 [JavaFX Application Thread] INFO  c.s.d.p.node.HomePageMenuItemPanel - === ToggleGroup 监听器被触发 ===
16:21:55.637 [JavaFX Application Thread] INFO  c.s.d.p.node.HomePageMenuItemPanel - oldToggle: jingxuan
16:21:55.637 [JavaFX Application Thread] INFO  c.s.d.p.node.HomePageMenuItemPanel - newToggle: recommend
16:21:55.637 [JavaFX Application Thread] INFO  c.s.d.p.node.HomePageMenuItemPanel - 当前选中的菜单项：recommend
16:21:55.637 [JavaFX Application Thread] INFO  c.s.d.p.node.HomePageMenuItemPanel - 上一个被选中的菜单项：jingxuan
16:21:55.637 [JavaFX Application Thread] INFO  c.s.d.p.node.HomePageMenuItemPanel - ================================
16:22:18.444 [JavaFX Application Thread] INFO  c.s.d.p.node.HomePageMenuItemPanel - === ToggleGroup 监听器被触发 ===
16:22:18.445 [JavaFX Application Thread] INFO  c.s.d.p.node.HomePageMenuItemPanel - oldToggle: recommend
16:22:18.445 [JavaFX Application Thread] INFO  c.s.d.p.node.HomePageMenuItemPanel - newToggle: jingxuan
16:22:18.445 [JavaFX Application Thread] INFO  c.s.d.p.node.HomePageMenuItemPanel - 当前选中的菜单项：jingxuan
16:22:18.445 [JavaFX Application Thread] INFO  c.s.d.p.node.HomePageMenuItemPanel - 上一个被选中的菜单项：recommend
16:22:18.445 [JavaFX Application Thread] INFO  c.s.d.p.node.HomePageMenuItemPanel - ================================
16:22:19.740 [JavaFX Application Thread] INFO  c.s.d.p.node.HomePageMenuItemPanel - === ToggleGroup 监听器被触发 ===
16:22:19.740 [JavaFX Application Thread] INFO  c.s.d.p.node.HomePageMenuItemPanel - oldToggle: jingxuan
16:22:19.740 [JavaFX Application Thread] INFO  c.s.d.p.node.HomePageMenuItemPanel - newToggle: recommend
16:22:19.741 [JavaFX Application Thread] INFO  c.s.d.p.node.HomePageMenuItemPanel - 当前选中的菜单项：recommend
16:22:19.741 [JavaFX Application Thread] INFO  c.s.d.p.node.HomePageMenuItemPanel - 上一个被选中的菜单项：jingxuan
16:22:19.741 [JavaFX Application Thread] INFO  c.s.d.p.node.HomePageMenuItemPanel - ================================
16:22:23.395 [JavaFX Application Thread] INFO  c.s.d.p.n.MusicPlayDetailContainer - 当前旋转角度: 暂停--95.0
16:35:39.725 [JavaFX Application Thread] INFO  com.stickpoint.ddmusic.App - === 应用启动调试信息 ===
16:35:39.727 [JavaFX Application Thread] INFO  com.stickpoint.ddmusic.App - Java 版本: 21.0.7
16:35:39.727 [JavaFX Application Thread] INFO  com.stickpoint.ddmusic.App - JavaFX 版本: 21.0.7
16:35:39.727 [JavaFX Application Thread] INFO  com.stickpoint.ddmusic.App - 工作目录: G:\codeData\java\javafxProjects\bendy2025\ddmusic
16:35:39.727 [JavaFX Application Thread] INFO  com.stickpoint.ddmusic.App - 1. 开始创建 HomePage
16:35:41.111 [JavaFX Application Thread] INFO  c.s.d.p.n.MusicPlayDetailContainer - 旋转角度: 60.0
16:35:41.114 [JavaFX Application Thread] INFO  com.stickpoint.ddmusic.App - 2. HomePage 创建成功
16:35:41.114 [JavaFX Application Thread] INFO  com.stickpoint.ddmusic.App - 3. 开始创建场景
16:35:41.133 [JavaFX Application Thread] INFO  com.stickpoint.ddmusic.App - 4. 场景创建成功
16:35:41.134 [JavaFX Application Thread] INFO  com.stickpoint.ddmusic.App - 5. 设置舞台属性
16:35:41.134 [JavaFX Application Thread] INFO  com.stickpoint.ddmusic.App - 6. 舞台属性设置完成
16:35:41.134 [JavaFX Application Thread] INFO  com.stickpoint.ddmusic.App - 7. 加载图标
16:35:41.135 [JavaFX Application Thread] INFO  com.stickpoint.ddmusic.App - 图标URL: file:/G:/codeData/java/javafxProjects/bendy2025/ddmusic/target/classes/img/logo.svg
16:35:41.135 [JavaFX Application Thread] INFO  com.stickpoint.ddmusic.App - 8. 图标加载成功
16:35:41.136 [JavaFX Application Thread] INFO  com.stickpoint.ddmusic.App - 9. 显示舞台
16:35:41.296 [JavaFX Application Thread] INFO  com.stickpoint.ddmusic.App - 10. 添加窗口缩放支持
16:35:41.297 [JavaFX Application Thread] INFO  com.stickpoint.ddmusic.App - 11. 居中显示
16:35:41.297 [JavaFX Application Thread] INFO  com.stickpoint.ddmusic.App - 12. 应用启动完成
16:35:43.982 [JavaFX Application Thread] INFO  c.s.d.p.n.MusicPlayDetailContainer - 当前旋转角度: 暂停--95.0
16:35:45.072 [JavaFX Application Thread] INFO  c.s.d.p.n.MusicPlayDetailContainer - 暂停旋转
16:35:45.072 [JavaFX Application Thread] INFO  c.s.d.p.n.MusicPlayDetailContainer - 当前播放状态: PAUSED
16:35:45.073 [JavaFX Application Thread] INFO  c.s.d.p.n.MusicPlayDetailContainer - 当前旋转角度: 播放--95.0
16:35:49.101 [JavaFX Application Thread] INFO  c.s.d.p.n.MusicPlayDetailContainer - 当前旋转角度: 暂停--95.0
16:35:52.493 [JavaFX Application Thread] INFO  c.s.d.p.n.MusicPlayDetailContainer - 暂停旋转
16:35:52.493 [JavaFX Application Thread] INFO  c.s.d.p.n.MusicPlayDetailContainer - 当前播放状态: PAUSED
16:35:52.494 [JavaFX Application Thread] INFO  c.s.d.p.n.MusicPlayDetailContainer - 当前旋转角度: 播放--95.0
16:44:46.271 [JavaFX Application Thread] INFO  com.stickpoint.ddmusic.App - === 应用启动调试信息 ===
16:44:46.272 [JavaFX Application Thread] INFO  com.stickpoint.ddmusic.App - Java 版本: 21.0.7
16:44:46.272 [JavaFX Application Thread] INFO  com.stickpoint.ddmusic.App - JavaFX 版本: 21.0.7
16:44:46.273 [JavaFX Application Thread] INFO  com.stickpoint.ddmusic.App - 工作目录: G:\codeData\java\javafxProjects\bendy2025\ddmusic
16:44:46.273 [JavaFX Application Thread] INFO  com.stickpoint.ddmusic.App - 1. 开始创建 HomePage
16:44:46.771 [JavaFX Application Thread] INFO  c.s.d.p.n.MusicPlayDetailContainer - 旋转角度: 60.0
16:44:46.777 [JavaFX Application Thread] INFO  com.stickpoint.ddmusic.App - 2. HomePage 创建成功
16:44:46.777 [JavaFX Application Thread] INFO  com.stickpoint.ddmusic.App - 3. 开始创建场景
16:44:46.797 [JavaFX Application Thread] INFO  com.stickpoint.ddmusic.App - 4. 场景创建成功
16:44:46.798 [JavaFX Application Thread] INFO  com.stickpoint.ddmusic.App - 5. 设置舞台属性
16:44:46.798 [JavaFX Application Thread] INFO  com.stickpoint.ddmusic.App - 6. 舞台属性设置完成
16:44:46.798 [JavaFX Application Thread] INFO  com.stickpoint.ddmusic.App - 7. 加载图标
16:44:46.798 [JavaFX Application Thread] INFO  com.stickpoint.ddmusic.App - 图标URL: file:/G:/codeData/java/javafxProjects/bendy2025/ddmusic/target/classes/img/logo.svg
16:44:46.799 [JavaFX Application Thread] INFO  com.stickpoint.ddmusic.App - 8. 图标加载成功
16:44:46.799 [JavaFX Application Thread] INFO  com.stickpoint.ddmusic.App - 9. 显示舞台
16:44:47.003 [JavaFX Application Thread] INFO  com.stickpoint.ddmusic.App - 10. 添加窗口缩放支持
16:44:47.006 [JavaFX Application Thread] INFO  com.stickpoint.ddmusic.App - 11. 居中显示
16:44:47.006 [JavaFX Application Thread] INFO  com.stickpoint.ddmusic.App - 12. 应用启动完成
16:46:03.846 [JavaFX Application Thread] INFO  com.stickpoint.ddmusic.App - === 应用启动调试信息 ===
16:46:03.847 [JavaFX Application Thread] INFO  com.stickpoint.ddmusic.App - Java 版本: 21.0.7
16:46:03.848 [JavaFX Application Thread] INFO  com.stickpoint.ddmusic.App - JavaFX 版本: 21.0.7
16:46:03.848 [JavaFX Application Thread] INFO  com.stickpoint.ddmusic.App - 工作目录: G:\codeData\java\javafxProjects\bendy2025\ddmusic
16:46:03.848 [JavaFX Application Thread] INFO  com.stickpoint.ddmusic.App - 1. 开始创建 HomePage
16:46:04.326 [JavaFX Application Thread] INFO  c.s.d.p.n.MusicPlayDetailContainer - 旋转角度: 60.0
16:46:04.329 [JavaFX Application Thread] INFO  com.stickpoint.ddmusic.App - 2. HomePage 创建成功
16:46:04.329 [JavaFX Application Thread] INFO  com.stickpoint.ddmusic.App - 3. 开始创建场景
16:46:04.348 [JavaFX Application Thread] INFO  com.stickpoint.ddmusic.App - 4. 场景创建成功
16:46:04.348 [JavaFX Application Thread] INFO  com.stickpoint.ddmusic.App - 5. 设置舞台属性
16:46:04.348 [JavaFX Application Thread] INFO  com.stickpoint.ddmusic.App - 6. 舞台属性设置完成
16:46:04.349 [JavaFX Application Thread] INFO  com.stickpoint.ddmusic.App - 7. 加载图标
16:46:04.349 [JavaFX Application Thread] INFO  com.stickpoint.ddmusic.App - 图标URL: file:/G:/codeData/java/javafxProjects/bendy2025/ddmusic/target/classes/img/logo.svg
16:46:04.350 [JavaFX Application Thread] INFO  com.stickpoint.ddmusic.App - 8. 图标加载成功
16:46:04.350 [JavaFX Application Thread] INFO  com.stickpoint.ddmusic.App - 9. 显示舞台
16:46:04.570 [JavaFX Application Thread] INFO  com.stickpoint.ddmusic.App - 10. 添加窗口缩放支持
16:46:04.571 [JavaFX Application Thread] INFO  com.stickpoint.ddmusic.App - 11. 居中显示
16:46:04.571 [JavaFX Application Thread] INFO  com.stickpoint.ddmusic.App - 12. 应用启动完成
16:48:33.845 [JavaFX Application Thread] INFO  com.stickpoint.ddmusic.App - === 应用启动调试信息 ===
16:48:33.847 [JavaFX Application Thread] INFO  com.stickpoint.ddmusic.App - Java 版本: 21.0.7
16:48:33.847 [JavaFX Application Thread] INFO  com.stickpoint.ddmusic.App - JavaFX 版本: 21.0.7
16:48:33.847 [JavaFX Application Thread] INFO  com.stickpoint.ddmusic.App - 工作目录: G:\codeData\java\javafxProjects\bendy2025\ddmusic
16:48:33.848 [JavaFX Application Thread] INFO  com.stickpoint.ddmusic.App - 1. 开始创建 HomePage
16:48:34.376 [JavaFX Application Thread] INFO  c.s.d.p.n.MusicPlayDetailContainer - 旋转角度: 60.0
16:48:34.379 [JavaFX Application Thread] INFO  com.stickpoint.ddmusic.App - 2. HomePage 创建成功
16:48:34.379 [JavaFX Application Thread] INFO  com.stickpoint.ddmusic.App - 3. 开始创建场景
16:48:34.398 [JavaFX Application Thread] INFO  com.stickpoint.ddmusic.App - 4. 场景创建成功
16:48:34.398 [JavaFX Application Thread] INFO  com.stickpoint.ddmusic.App - 5. 设置舞台属性
16:48:34.398 [JavaFX Application Thread] INFO  com.stickpoint.ddmusic.App - 6. 舞台属性设置完成
16:48:34.399 [JavaFX Application Thread] INFO  com.stickpoint.ddmusic.App - 7. 加载图标
16:48:34.399 [JavaFX Application Thread] INFO  com.stickpoint.ddmusic.App - 图标URL: file:/G:/codeData/java/javafxProjects/bendy2025/ddmusic/target/classes/img/logo.svg
16:48:34.399 [JavaFX Application Thread] INFO  com.stickpoint.ddmusic.App - 8. 图标加载成功
16:48:34.400 [JavaFX Application Thread] INFO  com.stickpoint.ddmusic.App - 9. 显示舞台
16:48:34.592 [JavaFX Application Thread] INFO  com.stickpoint.ddmusic.App - 10. 添加窗口缩放支持
16:48:34.594 [JavaFX Application Thread] INFO  com.stickpoint.ddmusic.App - 11. 居中显示
16:48:34.594 [JavaFX Application Thread] INFO  com.stickpoint.ddmusic.App - 12. 应用启动完成
16:51:01.202 [JavaFX Application Thread] INFO  com.stickpoint.ddmusic.App - === 应用启动调试信息 ===
16:51:01.203 [JavaFX Application Thread] INFO  com.stickpoint.ddmusic.App - Java 版本: 21.0.7
16:51:01.203 [JavaFX Application Thread] INFO  com.stickpoint.ddmusic.App - JavaFX 版本: 21.0.7
16:51:01.203 [JavaFX Application Thread] INFO  com.stickpoint.ddmusic.App - 工作目录: G:\codeData\java\javafxProjects\bendy2025\ddmusic
16:51:01.203 [JavaFX Application Thread] INFO  com.stickpoint.ddmusic.App - 1. 开始创建 HomePage
16:51:01.691 [JavaFX Application Thread] INFO  c.s.d.p.n.MusicPlayDetailContainer - 旋转角度: 60.0
16:51:01.694 [JavaFX Application Thread] INFO  com.stickpoint.ddmusic.App - 2. HomePage 创建成功
16:51:01.694 [JavaFX Application Thread] INFO  com.stickpoint.ddmusic.App - 3. 开始创建场景
16:51:01.711 [JavaFX Application Thread] INFO  com.stickpoint.ddmusic.App - 4. 场景创建成功
16:51:01.712 [JavaFX Application Thread] INFO  com.stickpoint.ddmusic.App - 5. 设置舞台属性
16:51:01.712 [JavaFX Application Thread] INFO  com.stickpoint.ddmusic.App - 6. 舞台属性设置完成
16:51:01.712 [JavaFX Application Thread] INFO  com.stickpoint.ddmusic.App - 7. 加载图标
16:51:01.712 [JavaFX Application Thread] INFO  com.stickpoint.ddmusic.App - 图标URL: file:/G:/codeData/java/javafxProjects/bendy2025/ddmusic/target/classes/img/logo.svg
16:51:01.713 [JavaFX Application Thread] INFO  com.stickpoint.ddmusic.App - 8. 图标加载成功
16:51:01.713 [JavaFX Application Thread] INFO  com.stickpoint.ddmusic.App - 9. 显示舞台
16:51:01.908 [JavaFX Application Thread] INFO  com.stickpoint.ddmusic.App - 10. 添加窗口缩放支持
16:51:01.909 [JavaFX Application Thread] INFO  com.stickpoint.ddmusic.App - 11. 居中显示
16:51:01.909 [JavaFX Application Thread] INFO  com.stickpoint.ddmusic.App - 12. 应用启动完成
16:51:44.082 [JavaFX Application Thread] INFO  c.s.d.p.n.MusicPlayDetailContainer - 当前旋转角度: 暂停--95.0
16:51:44.988 [JavaFX Application Thread] INFO  c.s.d.p.n.MusicPlayDetailContainer - 暂停旋转
16:51:44.989 [JavaFX Application Thread] INFO  c.s.d.p.n.MusicPlayDetailContainer - 当前播放状态: PAUSED
16:51:44.990 [JavaFX Application Thread] INFO  c.s.d.p.n.MusicPlayDetailContainer - 当前旋转角度: 播放--95.0
16:51:46.942 [JavaFX Application Thread] INFO  c.s.d.p.n.MusicPlayDetailContainer - 当前旋转角度: 暂停--95.0
16:51:47.892 [JavaFX Application Thread] INFO  c.s.d.p.n.MusicPlayDetailContainer - 暂停旋转
16:51:47.893 [JavaFX Application Thread] INFO  c.s.d.p.n.MusicPlayDetailContainer - 当前播放状态: PAUSED
16:51:47.893 [JavaFX Application Thread] INFO  c.s.d.p.n.MusicPlayDetailContainer - 当前旋转角度: 播放--95.0
16:52:30.785 [JavaFX Application Thread] INFO  com.stickpoint.ddmusic.App - === 应用启动调试信息 ===
16:52:30.787 [JavaFX Application Thread] INFO  com.stickpoint.ddmusic.App - Java 版本: 21.0.7
16:52:30.788 [JavaFX Application Thread] INFO  com.stickpoint.ddmusic.App - JavaFX 版本: 21.0.7
16:52:30.788 [JavaFX Application Thread] INFO  com.stickpoint.ddmusic.App - 工作目录: G:\codeData\java\javafxProjects\bendy2025\ddmusic
16:52:30.788 [JavaFX Application Thread] INFO  com.stickpoint.ddmusic.App - 1. 开始创建 HomePage
16:52:31.278 [JavaFX Application Thread] INFO  c.s.d.p.n.MusicPlayDetailContainer - 旋转角度: 60.0
16:52:31.283 [JavaFX Application Thread] INFO  com.stickpoint.ddmusic.App - 2. HomePage 创建成功
16:52:31.283 [JavaFX Application Thread] INFO  com.stickpoint.ddmusic.App - 3. 开始创建场景
16:52:31.307 [JavaFX Application Thread] INFO  com.stickpoint.ddmusic.App - 4. 场景创建成功
16:52:31.307 [JavaFX Application Thread] INFO  com.stickpoint.ddmusic.App - 5. 设置舞台属性
16:52:31.311 [JavaFX Application Thread] INFO  com.stickpoint.ddmusic.App - 6. 舞台属性设置完成
16:52:31.311 [JavaFX Application Thread] INFO  com.stickpoint.ddmusic.App - 7. 加载图标
16:52:31.312 [JavaFX Application Thread] INFO  com.stickpoint.ddmusic.App - 图标URL: file:/G:/codeData/java/javafxProjects/bendy2025/ddmusic/target/classes/img/logo.svg
16:52:31.313 [JavaFX Application Thread] INFO  com.stickpoint.ddmusic.App - 8. 图标加载成功
16:52:31.313 [JavaFX Application Thread] INFO  com.stickpoint.ddmusic.App - 9. 显示舞台
16:52:31.526 [JavaFX Application Thread] INFO  com.stickpoint.ddmusic.App - 10. 添加窗口缩放支持
16:52:31.528 [JavaFX Application Thread] INFO  com.stickpoint.ddmusic.App - 11. 居中显示
16:52:31.529 [JavaFX Application Thread] INFO  com.stickpoint.ddmusic.App - 12. 应用启动完成
16:55:57.566 [JavaFX Application Thread] INFO  com.stickpoint.ddmusic.App - === 应用启动调试信息 ===
16:55:57.568 [JavaFX Application Thread] INFO  com.stickpoint.ddmusic.App - Java 版本: 21.0.7
16:55:57.568 [JavaFX Application Thread] INFO  com.stickpoint.ddmusic.App - JavaFX 版本: 21.0.7
16:55:57.568 [JavaFX Application Thread] INFO  com.stickpoint.ddmusic.App - 工作目录: G:\codeData\java\javafxProjects\bendy2025\ddmusic
16:55:57.568 [JavaFX Application Thread] INFO  com.stickpoint.ddmusic.App - 1. 开始创建 HomePage
16:55:58.047 [JavaFX Application Thread] INFO  c.s.d.p.n.MusicPlayDetailContainer - 旋转角度: 60.0
16:55:58.050 [JavaFX Application Thread] INFO  com.stickpoint.ddmusic.App - 2. HomePage 创建成功
16:55:58.051 [JavaFX Application Thread] INFO  com.stickpoint.ddmusic.App - 3. 开始创建场景
16:55:58.069 [JavaFX Application Thread] INFO  com.stickpoint.ddmusic.App - 4. 场景创建成功
16:55:58.069 [JavaFX Application Thread] INFO  com.stickpoint.ddmusic.App - 5. 设置舞台属性
16:55:58.070 [JavaFX Application Thread] INFO  com.stickpoint.ddmusic.App - 6. 舞台属性设置完成
16:55:58.070 [JavaFX Application Thread] INFO  com.stickpoint.ddmusic.App - 7. 加载图标
16:55:58.070 [JavaFX Application Thread] INFO  com.stickpoint.ddmusic.App - 图标URL: file:/G:/codeData/java/javafxProjects/bendy2025/ddmusic/target/classes/img/logo.svg
16:55:58.071 [JavaFX Application Thread] INFO  com.stickpoint.ddmusic.App - 8. 图标加载成功
16:55:58.071 [JavaFX Application Thread] INFO  com.stickpoint.ddmusic.App - 9. 显示舞台
16:55:58.269 [JavaFX Application Thread] INFO  com.stickpoint.ddmusic.App - 10. 添加窗口缩放支持
16:55:58.270 [JavaFX Application Thread] INFO  com.stickpoint.ddmusic.App - 11. 居中显示
16:55:58.270 [JavaFX Application Thread] INFO  com.stickpoint.ddmusic.App - 12. 应用启动完成
16:58:38.397 [JavaFX Application Thread] INFO  com.stickpoint.ddmusic.App - === 应用启动调试信息 ===
16:58:38.398 [JavaFX Application Thread] INFO  com.stickpoint.ddmusic.App - Java 版本: 21.0.7
16:58:38.399 [JavaFX Application Thread] INFO  com.stickpoint.ddmusic.App - JavaFX 版本: 21.0.7
16:58:38.399 [JavaFX Application Thread] INFO  com.stickpoint.ddmusic.App - 工作目录: G:\codeData\java\javafxProjects\bendy2025\ddmusic
16:58:38.399 [JavaFX Application Thread] INFO  com.stickpoint.ddmusic.App - 1. 开始创建 HomePage
16:58:38.884 [JavaFX Application Thread] INFO  c.s.d.p.n.MusicPlayDetailContainer - 旋转角度: 60.0
16:58:38.887 [JavaFX Application Thread] INFO  com.stickpoint.ddmusic.App - 2. HomePage 创建成功
16:58:38.887 [JavaFX Application Thread] INFO  com.stickpoint.ddmusic.App - 3. 开始创建场景
16:58:38.904 [JavaFX Application Thread] INFO  com.stickpoint.ddmusic.App - 4. 场景创建成功
16:58:38.904 [JavaFX Application Thread] INFO  com.stickpoint.ddmusic.App - 5. 设置舞台属性
16:58:38.905 [JavaFX Application Thread] INFO  com.stickpoint.ddmusic.App - 6. 舞台属性设置完成
16:58:38.905 [JavaFX Application Thread] INFO  com.stickpoint.ddmusic.App - 7. 加载图标
16:58:38.905 [JavaFX Application Thread] INFO  com.stickpoint.ddmusic.App - 图标URL: file:/G:/codeData/java/javafxProjects/bendy2025/ddmusic/target/classes/img/logo.svg
16:58:38.906 [JavaFX Application Thread] INFO  com.stickpoint.ddmusic.App - 8. 图标加载成功
16:58:38.906 [JavaFX Application Thread] INFO  com.stickpoint.ddmusic.App - 9. 显示舞台
16:58:39.110 [JavaFX Application Thread] INFO  com.stickpoint.ddmusic.App - 10. 添加窗口缩放支持
16:58:39.111 [JavaFX Application Thread] INFO  com.stickpoint.ddmusic.App - 11. 居中显示
16:58:39.112 [JavaFX Application Thread] INFO  com.stickpoint.ddmusic.App - 12. 应用启动完成
17:00:57.495 [JavaFX Application Thread] INFO  com.stickpoint.ddmusic.App - === 应用启动调试信息 ===
17:00:57.496 [JavaFX Application Thread] INFO  com.stickpoint.ddmusic.App - Java 版本: 21.0.7
17:00:57.496 [JavaFX Application Thread] INFO  com.stickpoint.ddmusic.App - JavaFX 版本: 21.0.7
17:00:57.497 [JavaFX Application Thread] INFO  com.stickpoint.ddmusic.App - 工作目录: G:\codeData\java\javafxProjects\bendy2025\ddmusic
17:00:57.497 [JavaFX Application Thread] INFO  com.stickpoint.ddmusic.App - 1. 开始创建 HomePage
17:00:57.989 [JavaFX Application Thread] INFO  c.s.d.p.n.MusicPlayDetailContainer - 旋转角度: 60.0
17:00:57.992 [JavaFX Application Thread] INFO  com.stickpoint.ddmusic.App - 2. HomePage 创建成功
17:00:57.992 [JavaFX Application Thread] INFO  com.stickpoint.ddmusic.App - 3. 开始创建场景
17:00:58.010 [JavaFX Application Thread] INFO  com.stickpoint.ddmusic.App - 4. 场景创建成功
17:00:58.010 [JavaFX Application Thread] INFO  com.stickpoint.ddmusic.App - 5. 设置舞台属性
17:00:58.010 [JavaFX Application Thread] INFO  com.stickpoint.ddmusic.App - 6. 舞台属性设置完成
17:00:58.011 [JavaFX Application Thread] INFO  com.stickpoint.ddmusic.App - 7. 加载图标
17:00:58.011 [JavaFX Application Thread] INFO  com.stickpoint.ddmusic.App - 图标URL: file:/G:/codeData/java/javafxProjects/bendy2025/ddmusic/target/classes/img/logo.svg
17:00:58.011 [JavaFX Application Thread] INFO  com.stickpoint.ddmusic.App - 8. 图标加载成功
17:00:58.011 [JavaFX Application Thread] INFO  com.stickpoint.ddmusic.App - 9. 显示舞台
17:00:58.199 [JavaFX Application Thread] INFO  com.stickpoint.ddmusic.App - 10. 添加窗口缩放支持
17:00:58.200 [JavaFX Application Thread] INFO  com.stickpoint.ddmusic.App - 11. 居中显示
17:00:58.200 [JavaFX Application Thread] INFO  com.stickpoint.ddmusic.App - 12. 应用启动完成
17:59:35.737 [JavaFX Application Thread] INFO  com.stickpoint.ddmusic.App - === 应用启动调试信息 ===
17:59:35.739 [JavaFX Application Thread] INFO  com.stickpoint.ddmusic.App - Java 版本: 21.0.7
17:59:35.739 [JavaFX Application Thread] INFO  com.stickpoint.ddmusic.App - JavaFX 版本: 21.0.7
17:59:35.740 [JavaFX Application Thread] INFO  com.stickpoint.ddmusic.App - 工作目录: G:\codeData\java\javafxProjects\bendy2025\ddmusic
17:59:35.740 [JavaFX Application Thread] INFO  com.stickpoint.ddmusic.App - 1. 开始创建 HomePage
17:59:36.217 [JavaFX Application Thread] INFO  c.s.d.p.n.MusicPlayDetailContainer - 旋转角度: 60.0
17:59:36.220 [JavaFX Application Thread] INFO  com.stickpoint.ddmusic.App - 2. HomePage 创建成功
17:59:36.220 [JavaFX Application Thread] INFO  com.stickpoint.ddmusic.App - 3. 开始创建场景
17:59:36.238 [JavaFX Application Thread] INFO  com.stickpoint.ddmusic.App - 4. 场景创建成功
17:59:36.238 [JavaFX Application Thread] INFO  com.stickpoint.ddmusic.App - 5. 设置舞台属性
17:59:36.239 [JavaFX Application Thread] INFO  com.stickpoint.ddmusic.App - 6. 舞台属性设置完成
17:59:36.239 [JavaFX Application Thread] INFO  com.stickpoint.ddmusic.App - 7. 加载图标
17:59:36.239 [JavaFX Application Thread] INFO  com.stickpoint.ddmusic.App - 图标URL: file:/G:/codeData/java/javafxProjects/bendy2025/ddmusic/target/classes/img/logo.svg
17:59:36.240 [JavaFX Application Thread] INFO  com.stickpoint.ddmusic.App - 8. 图标加载成功
17:59:36.240 [JavaFX Application Thread] INFO  com.stickpoint.ddmusic.App - 9. 显示舞台
17:59:36.432 [JavaFX Application Thread] INFO  com.stickpoint.ddmusic.App - 10. 添加窗口缩放支持
17:59:36.433 [JavaFX Application Thread] INFO  com.stickpoint.ddmusic.App - 11. 居中显示
17:59:36.434 [JavaFX Application Thread] INFO  com.stickpoint.ddmusic.App - 12. 应用启动完成
18:00:06.649 [JavaFX Application Thread] INFO  com.stickpoint.ddmusic.App - === 应用启动调试信息 ===
18:00:06.651 [JavaFX Application Thread] INFO  com.stickpoint.ddmusic.App - Java 版本: 21.0.7
18:00:06.651 [JavaFX Application Thread] INFO  com.stickpoint.ddmusic.App - JavaFX 版本: 21.0.7
18:00:06.651 [JavaFX Application Thread] INFO  com.stickpoint.ddmusic.App - 工作目录: G:\codeData\java\javafxProjects\bendy2025\ddmusic
18:00:06.651 [JavaFX Application Thread] INFO  com.stickpoint.ddmusic.App - 1. 开始创建 HomePage
18:00:07.173 [JavaFX Application Thread] INFO  c.s.d.p.n.MusicPlayDetailContainer - 旋转角度: 60.0
18:00:07.179 [JavaFX Application Thread] INFO  com.stickpoint.ddmusic.App - 2. HomePage 创建成功
18:00:07.179 [JavaFX Application Thread] INFO  com.stickpoint.ddmusic.App - 3. 开始创建场景
18:00:07.205 [JavaFX Application Thread] INFO  com.stickpoint.ddmusic.App - 4. 场景创建成功
18:00:07.205 [JavaFX Application Thread] INFO  com.stickpoint.ddmusic.App - 5. 设置舞台属性
18:00:07.206 [JavaFX Application Thread] INFO  com.stickpoint.ddmusic.App - 6. 舞台属性设置完成
18:00:07.206 [JavaFX Application Thread] INFO  com.stickpoint.ddmusic.App - 7. 加载图标
18:00:07.206 [JavaFX Application Thread] INFO  com.stickpoint.ddmusic.App - 图标URL: file:/G:/codeData/java/javafxProjects/bendy2025/ddmusic/target/classes/img/logo.svg
18:00:07.206 [JavaFX Application Thread] INFO  com.stickpoint.ddmusic.App - 8. 图标加载成功
18:00:07.207 [JavaFX Application Thread] INFO  com.stickpoint.ddmusic.App - 9. 显示舞台
18:00:07.408 [JavaFX Application Thread] INFO  com.stickpoint.ddmusic.App - 10. 添加窗口缩放支持
18:00:07.409 [JavaFX Application Thread] INFO  com.stickpoint.ddmusic.App - 11. 居中显示
18:00:07.409 [JavaFX Application Thread] INFO  com.stickpoint.ddmusic.App - 12. 应用启动完成
18:01:56.133 [JavaFX Application Thread] INFO  com.stickpoint.ddmusic.App - === 应用启动调试信息 ===
18:01:56.134 [JavaFX Application Thread] INFO  com.stickpoint.ddmusic.App - Java 版本: 21.0.7
18:01:56.135 [JavaFX Application Thread] INFO  com.stickpoint.ddmusic.App - JavaFX 版本: 21.0.7
18:01:56.135 [JavaFX Application Thread] INFO  com.stickpoint.ddmusic.App - 工作目录: G:\codeData\java\javafxProjects\bendy2025\ddmusic
18:01:56.135 [JavaFX Application Thread] INFO  com.stickpoint.ddmusic.App - 1. 开始创建 HomePage
18:01:56.605 [JavaFX Application Thread] INFO  c.s.d.p.n.MusicPlayDetailContainer - 旋转角度: 60.0
18:01:56.608 [JavaFX Application Thread] INFO  com.stickpoint.ddmusic.App - 2. HomePage 创建成功
18:01:56.608 [JavaFX Application Thread] INFO  com.stickpoint.ddmusic.App - 3. 开始创建场景
18:01:56.628 [JavaFX Application Thread] INFO  com.stickpoint.ddmusic.App - 4. 场景创建成功
18:01:56.628 [JavaFX Application Thread] INFO  com.stickpoint.ddmusic.App - 5. 设置舞台属性
18:01:56.628 [JavaFX Application Thread] INFO  com.stickpoint.ddmusic.App - 6. 舞台属性设置完成
18:01:56.628 [JavaFX Application Thread] INFO  com.stickpoint.ddmusic.App - 7. 加载图标
18:01:56.628 [JavaFX Application Thread] INFO  com.stickpoint.ddmusic.App - 图标URL: file:/G:/codeData/java/javafxProjects/bendy2025/ddmusic/target/classes/img/logo.svg
18:01:56.629 [JavaFX Application Thread] INFO  com.stickpoint.ddmusic.App - 8. 图标加载成功
18:01:56.630 [JavaFX Application Thread] INFO  com.stickpoint.ddmusic.App - 9. 显示舞台
18:01:56.838 [JavaFX Application Thread] INFO  com.stickpoint.ddmusic.App - 10. 添加窗口缩放支持
18:01:56.840 [JavaFX Application Thread] INFO  com.stickpoint.ddmusic.App - 11. 居中显示
18:01:56.840 [JavaFX Application Thread] INFO  com.stickpoint.ddmusic.App - 12. 应用启动完成
18:03:02.552 [JavaFX Application Thread] INFO  com.stickpoint.ddmusic.App - === 应用启动调试信息 ===
18:03:02.554 [JavaFX Application Thread] INFO  com.stickpoint.ddmusic.App - Java 版本: 21.0.7
18:03:02.554 [JavaFX Application Thread] INFO  com.stickpoint.ddmusic.App - JavaFX 版本: 21.0.7
18:03:02.555 [JavaFX Application Thread] INFO  com.stickpoint.ddmusic.App - 工作目录: G:\codeData\java\javafxProjects\bendy2025\ddmusic
18:03:02.555 [JavaFX Application Thread] INFO  com.stickpoint.ddmusic.App - 1. 开始创建 HomePage
18:03:03.061 [JavaFX Application Thread] INFO  c.s.d.p.n.MusicPlayDetailContainer - 旋转角度: 60.0
18:03:03.066 [JavaFX Application Thread] INFO  com.stickpoint.ddmusic.App - 2. HomePage 创建成功
18:03:03.067 [JavaFX Application Thread] INFO  com.stickpoint.ddmusic.App - 3. 开始创建场景
18:03:03.094 [JavaFX Application Thread] INFO  com.stickpoint.ddmusic.App - 4. 场景创建成功
18:03:03.094 [JavaFX Application Thread] INFO  com.stickpoint.ddmusic.App - 5. 设置舞台属性
18:03:03.095 [JavaFX Application Thread] INFO  com.stickpoint.ddmusic.App - 6. 舞台属性设置完成
18:03:03.095 [JavaFX Application Thread] INFO  com.stickpoint.ddmusic.App - 7. 加载图标
18:03:03.096 [JavaFX Application Thread] INFO  com.stickpoint.ddmusic.App - 图标URL: file:/G:/codeData/java/javafxProjects/bendy2025/ddmusic/target/classes/img/logo.svg
18:03:03.097 [JavaFX Application Thread] INFO  com.stickpoint.ddmusic.App - 8. 图标加载成功
18:03:03.097 [JavaFX Application Thread] INFO  com.stickpoint.ddmusic.App - 9. 显示舞台
18:03:03.302 [JavaFX Application Thread] INFO  com.stickpoint.ddmusic.App - 10. 添加窗口缩放支持
18:03:03.303 [JavaFX Application Thread] INFO  com.stickpoint.ddmusic.App - 11. 居中显示
18:03:03.304 [JavaFX Application Thread] INFO  com.stickpoint.ddmusic.App - 12. 应用启动完成
18:05:05.639 [JavaFX Application Thread] INFO  com.stickpoint.ddmusic.App - === 应用启动调试信息 ===
18:05:05.641 [JavaFX Application Thread] INFO  com.stickpoint.ddmusic.App - Java 版本: 21.0.7
18:05:05.641 [JavaFX Application Thread] INFO  com.stickpoint.ddmusic.App - JavaFX 版本: 21.0.7
18:05:05.641 [JavaFX Application Thread] INFO  com.stickpoint.ddmusic.App - 工作目录: G:\codeData\java\javafxProjects\bendy2025\ddmusic
18:05:05.641 [JavaFX Application Thread] INFO  com.stickpoint.ddmusic.App - 1. 开始创建 HomePage
18:05:06.137 [JavaFX Application Thread] INFO  c.s.d.p.n.MusicPlayDetailContainer - 旋转角度: 60.0
18:05:06.140 [JavaFX Application Thread] INFO  com.stickpoint.ddmusic.App - 2. HomePage 创建成功
18:05:06.140 [JavaFX Application Thread] INFO  com.stickpoint.ddmusic.App - 3. 开始创建场景
18:05:06.160 [JavaFX Application Thread] INFO  com.stickpoint.ddmusic.App - 4. 场景创建成功
18:05:06.160 [JavaFX Application Thread] INFO  com.stickpoint.ddmusic.App - 5. 设置舞台属性
18:05:06.161 [JavaFX Application Thread] INFO  com.stickpoint.ddmusic.App - 6. 舞台属性设置完成
18:05:06.162 [JavaFX Application Thread] INFO  com.stickpoint.ddmusic.App - 7. 加载图标
18:05:06.162 [JavaFX Application Thread] INFO  com.stickpoint.ddmusic.App - 图标URL: file:/G:/codeData/java/javafxProjects/bendy2025/ddmusic/target/classes/img/logo.svg
18:05:06.163 [JavaFX Application Thread] INFO  com.stickpoint.ddmusic.App - 8. 图标加载成功
18:05:06.163 [JavaFX Application Thread] INFO  com.stickpoint.ddmusic.App - 9. 显示舞台
18:05:06.359 [JavaFX Application Thread] INFO  com.stickpoint.ddmusic.App - 10. 添加窗口缩放支持
18:05:06.359 [JavaFX Application Thread] INFO  com.stickpoint.ddmusic.App - 11. 居中显示
18:05:06.360 [JavaFX Application Thread] INFO  com.stickpoint.ddmusic.App - 12. 应用启动完成
18:09:46.782 [JavaFX Application Thread] INFO  com.stickpoint.ddmusic.App - === 应用启动调试信息 ===
18:09:46.784 [JavaFX Application Thread] INFO  com.stickpoint.ddmusic.App - Java 版本: 21.0.7
18:09:46.784 [JavaFX Application Thread] INFO  com.stickpoint.ddmusic.App - JavaFX 版本: 21.0.7
18:09:46.784 [JavaFX Application Thread] INFO  com.stickpoint.ddmusic.App - 工作目录: G:\codeData\java\javafxProjects\bendy2025\ddmusic
18:09:46.784 [JavaFX Application Thread] INFO  com.stickpoint.ddmusic.App - 1. 开始创建 HomePage
18:09:47.229 [JavaFX Application Thread] INFO  c.s.d.p.n.MusicPlayDetailContainer - 旋转角度: 60.0
18:09:47.231 [JavaFX Application Thread] INFO  com.stickpoint.ddmusic.App - 2. HomePage 创建成功
18:09:47.232 [JavaFX Application Thread] INFO  com.stickpoint.ddmusic.App - 3. 开始创建场景
18:09:47.252 [JavaFX Application Thread] INFO  com.stickpoint.ddmusic.App - 4. 场景创建成功
18:09:47.253 [JavaFX Application Thread] INFO  com.stickpoint.ddmusic.App - 5. 设置舞台属性
18:09:47.253 [JavaFX Application Thread] INFO  com.stickpoint.ddmusic.App - 6. 舞台属性设置完成
18:09:47.254 [JavaFX Application Thread] INFO  com.stickpoint.ddmusic.App - 7. 加载图标
18:09:47.254 [JavaFX Application Thread] INFO  com.stickpoint.ddmusic.App - 图标URL: file:/G:/codeData/java/javafxProjects/bendy2025/ddmusic/target/classes/img/logo.svg
18:09:47.255 [JavaFX Application Thread] INFO  com.stickpoint.ddmusic.App - 8. 图标加载成功
18:09:47.255 [JavaFX Application Thread] INFO  com.stickpoint.ddmusic.App - 9. 显示舞台
18:09:47.454 [JavaFX Application Thread] INFO  com.stickpoint.ddmusic.App - 10. 添加窗口缩放支持
18:09:47.455 [JavaFX Application Thread] INFO  com.stickpoint.ddmusic.App - 11. 居中显示
18:09:47.456 [JavaFX Application Thread] INFO  com.stickpoint.ddmusic.App - 12. 应用启动完成
18:10:27.657 [JavaFX Application Thread] INFO  c.s.d.p.n.MusicPlayDetailContainer - 当前旋转角度: 暂停--95.0
18:10:28.911 [JavaFX Application Thread] INFO  c.s.d.p.n.MusicPlayDetailContainer - 暂停旋转
18:10:28.912 [JavaFX Application Thread] INFO  c.s.d.p.n.MusicPlayDetailContainer - 当前播放状态: PAUSED
18:10:28.915 [JavaFX Application Thread] INFO  c.s.d.p.n.MusicPlayDetailContainer - 当前旋转角度: 播放--95.0
18:18:12.206 [JavaFX Application Thread] INFO  com.stickpoint.ddmusic.App - === 应用启动调试信息 ===
18:18:12.207 [JavaFX Application Thread] INFO  com.stickpoint.ddmusic.App - Java 版本: 21.0.7
18:18:12.208 [JavaFX Application Thread] INFO  com.stickpoint.ddmusic.App - JavaFX 版本: 21.0.7
18:18:12.208 [JavaFX Application Thread] INFO  com.stickpoint.ddmusic.App - 工作目录: G:\codeData\java\javafxProjects\bendy2025\ddmusic
18:18:12.208 [JavaFX Application Thread] INFO  com.stickpoint.ddmusic.App - 1. 开始创建 HomePage
18:18:12.707 [JavaFX Application Thread] INFO  c.s.d.p.n.MusicPlayDetailContainer - 旋转角度: 60.0
18:18:12.710 [JavaFX Application Thread] INFO  com.stickpoint.ddmusic.App - 2. HomePage 创建成功
18:18:12.710 [JavaFX Application Thread] INFO  com.stickpoint.ddmusic.App - 3. 开始创建场景
18:18:12.727 [JavaFX Application Thread] INFO  com.stickpoint.ddmusic.App - 4. 场景创建成功
18:18:12.727 [JavaFX Application Thread] INFO  com.stickpoint.ddmusic.App - 5. 设置舞台属性
18:18:12.727 [JavaFX Application Thread] INFO  com.stickpoint.ddmusic.App - 6. 舞台属性设置完成
18:18:12.728 [JavaFX Application Thread] INFO  com.stickpoint.ddmusic.App - 7. 加载图标
18:18:12.728 [JavaFX Application Thread] INFO  com.stickpoint.ddmusic.App - 图标URL: file:/G:/codeData/java/javafxProjects/bendy2025/ddmusic/target/classes/img/logo.svg
18:18:12.729 [JavaFX Application Thread] INFO  com.stickpoint.ddmusic.App - 8. 图标加载成功
18:18:12.729 [JavaFX Application Thread] INFO  com.stickpoint.ddmusic.App - 9. 显示舞台
18:18:12.941 [JavaFX Application Thread] INFO  com.stickpoint.ddmusic.App - 10. 添加窗口缩放支持
18:18:12.942 [JavaFX Application Thread] INFO  com.stickpoint.ddmusic.App - 11. 居中显示
18:18:12.942 [JavaFX Application Thread] INFO  com.stickpoint.ddmusic.App - 12. 应用启动完成
18:20:11.197 [JavaFX Application Thread] INFO  com.stickpoint.ddmusic.App - === 应用启动调试信息 ===
18:20:11.199 [JavaFX Application Thread] INFO  com.stickpoint.ddmusic.App - Java 版本: 21.0.7
18:20:11.199 [JavaFX Application Thread] INFO  com.stickpoint.ddmusic.App - JavaFX 版本: 21.0.7
18:20:11.199 [JavaFX Application Thread] INFO  com.stickpoint.ddmusic.App - 工作目录: G:\codeData\java\javafxProjects\bendy2025\ddmusic
18:20:11.199 [JavaFX Application Thread] INFO  com.stickpoint.ddmusic.App - 1. 开始创建 HomePage
18:20:11.684 [JavaFX Application Thread] INFO  c.s.d.p.n.MusicPlayDetailContainer - 旋转角度: 60.0
18:20:11.687 [JavaFX Application Thread] INFO  com.stickpoint.ddmusic.App - 2. HomePage 创建成功
18:20:11.688 [JavaFX Application Thread] INFO  com.stickpoint.ddmusic.App - 3. 开始创建场景
18:20:11.713 [JavaFX Application Thread] INFO  com.stickpoint.ddmusic.App - 4. 场景创建成功
18:20:11.713 [JavaFX Application Thread] INFO  com.stickpoint.ddmusic.App - 5. 设置舞台属性
18:20:11.714 [JavaFX Application Thread] INFO  com.stickpoint.ddmusic.App - 6. 舞台属性设置完成
18:20:11.715 [JavaFX Application Thread] INFO  com.stickpoint.ddmusic.App - 7. 加载图标
18:20:11.716 [JavaFX Application Thread] INFO  com.stickpoint.ddmusic.App - 图标URL: file:/G:/codeData/java/javafxProjects/bendy2025/ddmusic/target/classes/img/logo.svg
18:20:11.717 [JavaFX Application Thread] INFO  com.stickpoint.ddmusic.App - 8. 图标加载成功
18:20:11.717 [JavaFX Application Thread] INFO  com.stickpoint.ddmusic.App - 9. 显示舞台
18:20:11.935 [JavaFX Application Thread] INFO  com.stickpoint.ddmusic.App - 10. 添加窗口缩放支持
18:20:11.936 [JavaFX Application Thread] INFO  com.stickpoint.ddmusic.App - 11. 居中显示
18:20:11.937 [JavaFX Application Thread] INFO  com.stickpoint.ddmusic.App - 12. 应用启动完成
18:21:27.207 [JavaFX Application Thread] INFO  com.stickpoint.ddmusic.App - === 应用启动调试信息 ===
18:21:27.208 [JavaFX Application Thread] INFO  com.stickpoint.ddmusic.App - Java 版本: 21.0.7
18:21:27.208 [JavaFX Application Thread] INFO  com.stickpoint.ddmusic.App - JavaFX 版本: 21.0.7
18:21:27.208 [JavaFX Application Thread] INFO  com.stickpoint.ddmusic.App - 工作目录: G:\codeData\java\javafxProjects\bendy2025\ddmusic
18:21:27.208 [JavaFX Application Thread] INFO  com.stickpoint.ddmusic.App - 1. 开始创建 HomePage
18:21:27.923 [JavaFX Application Thread] INFO  c.s.d.p.n.MusicPlayDetailContainer - 旋转角度: 60.0
18:21:27.926 [JavaFX Application Thread] INFO  com.stickpoint.ddmusic.App - 2. HomePage 创建成功
18:21:27.926 [JavaFX Application Thread] INFO  com.stickpoint.ddmusic.App - 3. 开始创建场景
18:21:27.942 [JavaFX Application Thread] INFO  com.stickpoint.ddmusic.App - 4. 场景创建成功
18:21:27.942 [JavaFX Application Thread] INFO  com.stickpoint.ddmusic.App - 5. 设置舞台属性
18:21:27.942 [JavaFX Application Thread] INFO  com.stickpoint.ddmusic.App - 6. 舞台属性设置完成
18:21:27.943 [JavaFX Application Thread] INFO  com.stickpoint.ddmusic.App - 7. 加载图标
18:21:27.943 [JavaFX Application Thread] INFO  com.stickpoint.ddmusic.App - 图标URL: file:/G:/codeData/java/javafxProjects/bendy2025/ddmusic/target/classes/img/logo.svg
18:21:27.943 [JavaFX Application Thread] INFO  com.stickpoint.ddmusic.App - 8. 图标加载成功
18:21:27.943 [JavaFX Application Thread] INFO  com.stickpoint.ddmusic.App - 9. 显示舞台
18:21:28.122 [JavaFX Application Thread] INFO  com.stickpoint.ddmusic.App - 10. 添加窗口缩放支持
18:21:28.123 [JavaFX Application Thread] INFO  com.stickpoint.ddmusic.App - 11. 居中显示
18:21:28.123 [JavaFX Application Thread] INFO  com.stickpoint.ddmusic.App - 12. 应用启动完成
18:21:31.746 [JavaFX Application Thread] INFO  c.s.d.p.n.MusicPlayDetailContainer - 当前旋转角度: 暂停--95.0
18:21:32.926 [JavaFX Application Thread] INFO  c.s.d.p.n.MusicPlayDetailContainer - 暂停旋转
18:21:32.926 [JavaFX Application Thread] INFO  c.s.d.p.n.MusicPlayDetailContainer - 当前播放状态: PAUSED
18:21:32.930 [JavaFX Application Thread] INFO  c.s.d.p.n.MusicPlayDetailContainer - 当前旋转角度: 播放--95.0
18:29:32.859 [JavaFX Application Thread] INFO  com.stickpoint.ddmusic.App - === 应用启动调试信息 ===
18:29:32.861 [JavaFX Application Thread] INFO  com.stickpoint.ddmusic.App - Java 版本: 21.0.7
18:29:32.861 [JavaFX Application Thread] INFO  com.stickpoint.ddmusic.App - JavaFX 版本: 21.0.7
18:29:32.861 [JavaFX Application Thread] INFO  com.stickpoint.ddmusic.App - 工作目录: G:\codeData\java\javafxProjects\bendy2025\ddmusic
18:29:32.861 [JavaFX Application Thread] INFO  com.stickpoint.ddmusic.App - 1. 开始创建 HomePage
18:29:33.323 [JavaFX Application Thread] INFO  c.s.d.p.n.MusicPlayDetailContainer - 旋转角度: 60.0
18:29:33.327 [JavaFX Application Thread] INFO  com.stickpoint.ddmusic.App - 2. HomePage 创建成功
18:29:33.327 [JavaFX Application Thread] INFO  com.stickpoint.ddmusic.App - 3. 开始创建场景
18:29:33.351 [JavaFX Application Thread] INFO  com.stickpoint.ddmusic.App - 4. 场景创建成功
18:29:33.351 [JavaFX Application Thread] INFO  com.stickpoint.ddmusic.App - 5. 设置舞台属性
18:29:33.352 [JavaFX Application Thread] INFO  com.stickpoint.ddmusic.App - 6. 舞台属性设置完成
18:29:33.352 [JavaFX Application Thread] INFO  com.stickpoint.ddmusic.App - 7. 加载图标
18:29:33.352 [JavaFX Application Thread] INFO  com.stickpoint.ddmusic.App - 图标URL: file:/G:/codeData/java/javafxProjects/bendy2025/ddmusic/target/classes/img/logo.svg
18:29:33.353 [JavaFX Application Thread] INFO  com.stickpoint.ddmusic.App - 8. 图标加载成功
18:29:33.353 [JavaFX Application Thread] INFO  com.stickpoint.ddmusic.App - 9. 显示舞台
18:29:33.569 [JavaFX Application Thread] INFO  com.stickpoint.ddmusic.App - 10. 添加窗口缩放支持
18:29:33.571 [JavaFX Application Thread] INFO  com.stickpoint.ddmusic.App - 11. 居中显示
18:29:33.571 [JavaFX Application Thread] INFO  com.stickpoint.ddmusic.App - 12. 应用启动完成
18:29:47.985 [JavaFX Application Thread] INFO  c.s.d.p.n.MusicPlayDetailContainer - 当前旋转角度: 暂停--95.0
18:29:50.640 [JavaFX Application Thread] INFO  c.s.d.p.n.MusicPlayDetailContainer - 暂停旋转
18:29:50.640 [JavaFX Application Thread] INFO  c.s.d.p.n.MusicPlayDetailContainer - 当前播放状态: PAUSED
18:29:50.643 [JavaFX Application Thread] INFO  c.s.d.p.n.MusicPlayDetailContainer - 当前旋转角度: 播放--95.0
18:31:15.724 [JavaFX Application Thread] INFO  com.stickpoint.ddmusic.App - === 应用启动调试信息 ===
18:31:15.726 [JavaFX Application Thread] INFO  com.stickpoint.ddmusic.App - Java 版本: 21.0.7
18:31:15.726 [JavaFX Application Thread] INFO  com.stickpoint.ddmusic.App - JavaFX 版本: 21.0.7
18:31:15.726 [JavaFX Application Thread] INFO  com.stickpoint.ddmusic.App - 工作目录: G:\codeData\java\javafxProjects\bendy2025\ddmusic
18:31:15.726 [JavaFX Application Thread] INFO  com.stickpoint.ddmusic.App - 1. 开始创建 HomePage
18:31:16.206 [JavaFX Application Thread] INFO  c.s.d.p.n.MusicPlayDetailContainer - 旋转角度: 60.0
18:31:16.210 [JavaFX Application Thread] INFO  com.stickpoint.ddmusic.App - 2. HomePage 创建成功
18:31:16.210 [JavaFX Application Thread] INFO  com.stickpoint.ddmusic.App - 3. 开始创建场景
18:31:16.228 [JavaFX Application Thread] INFO  com.stickpoint.ddmusic.App - 4. 场景创建成功
18:31:16.229 [JavaFX Application Thread] INFO  com.stickpoint.ddmusic.App - 5. 设置舞台属性
18:31:16.229 [JavaFX Application Thread] INFO  com.stickpoint.ddmusic.App - 6. 舞台属性设置完成
18:31:16.229 [JavaFX Application Thread] INFO  com.stickpoint.ddmusic.App - 7. 加载图标
18:31:16.230 [JavaFX Application Thread] INFO  com.stickpoint.ddmusic.App - 图标URL: file:/G:/codeData/java/javafxProjects/bendy2025/ddmusic/target/classes/img/logo.svg
18:31:16.230 [JavaFX Application Thread] INFO  com.stickpoint.ddmusic.App - 8. 图标加载成功
18:31:16.230 [JavaFX Application Thread] INFO  com.stickpoint.ddmusic.App - 9. 显示舞台
18:31:16.454 [JavaFX Application Thread] INFO  com.stickpoint.ddmusic.App - 10. 添加窗口缩放支持
18:31:16.455 [JavaFX Application Thread] INFO  com.stickpoint.ddmusic.App - 11. 居中显示
18:31:16.456 [JavaFX Application Thread] INFO  com.stickpoint.ddmusic.App - 12. 应用启动完成
18:31:21.656 [JavaFX Application Thread] INFO  c.s.d.p.n.MusicPlayDetailContainer - 当前旋转角度: 暂停--95.0
18:35:42.753 [JavaFX Application Thread] INFO  com.stickpoint.ddmusic.App - === 应用启动调试信息 ===
18:35:42.754 [JavaFX Application Thread] INFO  com.stickpoint.ddmusic.App - Java 版本: 21.0.7
18:35:42.755 [JavaFX Application Thread] INFO  com.stickpoint.ddmusic.App - JavaFX 版本: 21.0.7
18:35:42.755 [JavaFX Application Thread] INFO  com.stickpoint.ddmusic.App - 工作目录: G:\codeData\java\javafxProjects\bendy2025\ddmusic
18:35:42.755 [JavaFX Application Thread] INFO  com.stickpoint.ddmusic.App - 1. 开始创建 HomePage
18:35:43.251 [JavaFX Application Thread] INFO  c.s.d.p.n.MusicPlayDetailContainer - 旋转角度: 60.0
18:35:43.259 [JavaFX Application Thread] INFO  com.stickpoint.ddmusic.App - 2. HomePage 创建成功
18:35:43.260 [JavaFX Application Thread] INFO  com.stickpoint.ddmusic.App - 3. 开始创建场景
18:35:43.278 [JavaFX Application Thread] INFO  com.stickpoint.ddmusic.App - 4. 场景创建成功
18:35:43.278 [JavaFX Application Thread] INFO  com.stickpoint.ddmusic.App - 5. 设置舞台属性
18:35:43.279 [JavaFX Application Thread] INFO  com.stickpoint.ddmusic.App - 6. 舞台属性设置完成
18:35:43.279 [JavaFX Application Thread] INFO  com.stickpoint.ddmusic.App - 7. 加载图标
18:35:43.279 [JavaFX Application Thread] INFO  com.stickpoint.ddmusic.App - 图标URL: file:/G:/codeData/java/javafxProjects/bendy2025/ddmusic/target/classes/img/logo.svg
18:35:43.280 [JavaFX Application Thread] INFO  com.stickpoint.ddmusic.App - 8. 图标加载成功
18:35:43.280 [JavaFX Application Thread] INFO  com.stickpoint.ddmusic.App - 9. 显示舞台
18:35:43.499 [JavaFX Application Thread] INFO  com.stickpoint.ddmusic.App - 10. 添加窗口缩放支持
18:35:43.500 [JavaFX Application Thread] INFO  com.stickpoint.ddmusic.App - 11. 居中显示
18:35:43.500 [JavaFX Application Thread] INFO  com.stickpoint.ddmusic.App - 12. 应用启动完成
18:35:54.510 [JavaFX Application Thread] INFO  c.s.d.p.n.MusicPlayDetailContainer - 当前旋转角度: 暂停--95.0
18:36:00.641 [JavaFX Application Thread] INFO  c.s.d.p.n.MusicPlayDetailContainer - 暂停旋转
18:36:00.641 [JavaFX Application Thread] INFO  c.s.d.p.n.MusicPlayDetailContainer - 当前播放状态: PAUSED
18:36:00.642 [JavaFX Application Thread] INFO  c.s.d.p.n.MusicPlayDetailContainer - 当前旋转角度: 播放--95.0
18:36:00.808 [JavaFX Application Thread] INFO  c.s.d.p.n.MusicPlayDetailContainer - 当前旋转角度: 暂停--95.0
18:36:01.575 [JavaFX Application Thread] INFO  c.s.d.p.n.MusicPlayDetailContainer - 暂停旋转
18:36:01.576 [JavaFX Application Thread] INFO  c.s.d.p.n.MusicPlayDetailContainer - 当前播放状态: PAUSED
18:36:01.577 [JavaFX Application Thread] INFO  c.s.d.p.n.MusicPlayDetailContainer - 当前旋转角度: 播放--95.0
18:36:58.001 [JavaFX Application Thread] INFO  c.s.d.p.node.HomePageMenuItemPanel - === ToggleGroup 监听器被触发 ===
18:36:58.001 [JavaFX Application Thread] INFO  c.s.d.p.node.HomePageMenuItemPanel - oldToggle: null
18:36:58.002 [JavaFX Application Thread] INFO  c.s.d.p.node.HomePageMenuItemPanel - newToggle: jingxuan
18:36:58.002 [JavaFX Application Thread] INFO  c.s.d.p.node.HomePageMenuItemPanel - 当前选中的菜单项：jingxuan
18:36:58.002 [JavaFX Application Thread] INFO  c.s.d.p.node.HomePageMenuItemPanel - ================================
18:36:58.568 [JavaFX Application Thread] INFO  c.s.d.p.node.HomePageMenuItemPanel - === ToggleGroup 监听器被触发 ===
18:36:58.568 [JavaFX Application Thread] INFO  c.s.d.p.node.HomePageMenuItemPanel - oldToggle: jingxuan
18:36:58.568 [JavaFX Application Thread] INFO  c.s.d.p.node.HomePageMenuItemPanel - newToggle: recommend
18:36:58.568 [JavaFX Application Thread] INFO  c.s.d.p.node.HomePageMenuItemPanel - 当前选中的菜单项：recommend
18:36:58.568 [JavaFX Application Thread] INFO  c.s.d.p.node.HomePageMenuItemPanel - 上一个被选中的菜单项：jingxuan
18:36:58.569 [JavaFX Application Thread] INFO  c.s.d.p.node.HomePageMenuItemPanel - ================================
18:36:59.096 [JavaFX Application Thread] INFO  c.s.d.p.node.HomePageMenuItemPanel - === ToggleGroup 监听器被触发 ===
18:36:59.096 [JavaFX Application Thread] INFO  c.s.d.p.node.HomePageMenuItemPanel - oldToggle: recommend
18:36:59.096 [JavaFX Application Thread] INFO  c.s.d.p.node.HomePageMenuItemPanel - newToggle: podcast
18:36:59.096 [JavaFX Application Thread] INFO  c.s.d.p.node.HomePageMenuItemPanel - 当前选中的菜单项：podcast
18:36:59.096 [JavaFX Application Thread] INFO  c.s.d.p.node.HomePageMenuItemPanel - 上一个被选中的菜单项：recommend
18:36:59.097 [JavaFX Application Thread] INFO  c.s.d.p.node.HomePageMenuItemPanel - ================================
18:36:59.928 [JavaFX Application Thread] INFO  c.s.d.p.node.HomePageMenuItemPanel - === ToggleGroup 监听器被触发 ===
18:36:59.928 [JavaFX Application Thread] INFO  c.s.d.p.node.HomePageMenuItemPanel - oldToggle: podcast
18:36:59.928 [JavaFX Application Thread] INFO  c.s.d.p.node.HomePageMenuItemPanel - newToggle: roam
18:36:59.928 [JavaFX Application Thread] INFO  c.s.d.p.node.HomePageMenuItemPanel - 当前选中的菜单项：roam
18:36:59.928 [JavaFX Application Thread] INFO  c.s.d.p.node.HomePageMenuItemPanel - 上一个被选中的菜单项：podcast
18:36:59.928 [JavaFX Application Thread] INFO  c.s.d.p.node.HomePageMenuItemPanel - ================================
18:37:00.257 [JavaFX Application Thread] INFO  c.s.d.p.node.HomePageMenuItemPanel - === ToggleGroup 监听器被触发 ===
18:37:00.257 [JavaFX Application Thread] INFO  c.s.d.p.node.HomePageMenuItemPanel - oldToggle: roam
18:37:00.257 [JavaFX Application Thread] INFO  c.s.d.p.node.HomePageMenuItemPanel - newToggle: myMusic
18:37:00.257 [JavaFX Application Thread] INFO  c.s.d.p.node.HomePageMenuItemPanel - 当前选中的菜单项：myMusic
18:37:00.258 [JavaFX Application Thread] INFO  c.s.d.p.node.HomePageMenuItemPanel - 上一个被选中的菜单项：roam
18:37:00.258 [JavaFX Application Thread] INFO  c.s.d.p.node.HomePageMenuItemPanel - ================================
18:37:00.944 [JavaFX Application Thread] INFO  c.s.d.p.node.HomePageMenuItemPanel - === ToggleGroup 监听器被触发 ===
18:37:00.944 [JavaFX Application Thread] INFO  c.s.d.p.node.HomePageMenuItemPanel - oldToggle: myMusic
18:37:00.944 [JavaFX Application Thread] INFO  c.s.d.p.node.HomePageMenuItemPanel - newToggle: recent
18:37:00.945 [JavaFX Application Thread] INFO  c.s.d.p.node.HomePageMenuItemPanel - 当前选中的菜单项：recent
18:37:00.945 [JavaFX Application Thread] INFO  c.s.d.p.node.HomePageMenuItemPanel - 上一个被选中的菜单项：myMusic
18:37:00.945 [JavaFX Application Thread] INFO  c.s.d.p.node.HomePageMenuItemPanel - ================================
18:37:01.370 [JavaFX Application Thread] INFO  c.s.d.p.node.HomePageMenuItemPanel - === ToggleGroup 监听器被触发 ===
18:37:01.370 [JavaFX Application Thread] INFO  c.s.d.p.node.HomePageMenuItemPanel - oldToggle: recent
18:37:01.370 [JavaFX Application Thread] INFO  c.s.d.p.node.HomePageMenuItemPanel - newToggle: myPlaylist
18:37:01.370 [JavaFX Application Thread] INFO  c.s.d.p.node.HomePageMenuItemPanel - 当前选中的菜单项：myPlaylist
18:37:01.370 [JavaFX Application Thread] INFO  c.s.d.p.node.HomePageMenuItemPanel - 上一个被选中的菜单项：recent
18:37:01.370 [JavaFX Application Thread] INFO  c.s.d.p.node.HomePageMenuItemPanel - ================================
18:37:01.816 [JavaFX Application Thread] INFO  c.s.d.p.node.HomePageMenuItemPanel - === ToggleGroup 监听器被触发 ===
18:37:01.816 [JavaFX Application Thread] INFO  c.s.d.p.node.HomePageMenuItemPanel - oldToggle: myPlaylist
18:37:01.816 [JavaFX Application Thread] INFO  c.s.d.p.node.HomePageMenuItemPanel - newToggle: recent
18:37:01.817 [JavaFX Application Thread] INFO  c.s.d.p.node.HomePageMenuItemPanel - 当前选中的菜单项：recent
18:37:01.817 [JavaFX Application Thread] INFO  c.s.d.p.node.HomePageMenuItemPanel - 上一个被选中的菜单项：myPlaylist
18:37:01.817 [JavaFX Application Thread] INFO  c.s.d.p.node.HomePageMenuItemPanel - ================================
18:37:02.120 [JavaFX Application Thread] INFO  c.s.d.p.node.HomePageMenuItemPanel - === ToggleGroup 监听器被触发 ===
18:37:02.121 [JavaFX Application Thread] INFO  c.s.d.p.node.HomePageMenuItemPanel - oldToggle: recent
18:37:02.121 [JavaFX Application Thread] INFO  c.s.d.p.node.HomePageMenuItemPanel - newToggle: myMusic
18:37:02.121 [JavaFX Application Thread] INFO  c.s.d.p.node.HomePageMenuItemPanel - 当前选中的菜单项：myMusic
18:37:02.121 [JavaFX Application Thread] INFO  c.s.d.p.node.HomePageMenuItemPanel - 上一个被选中的菜单项：recent
18:37:02.121 [JavaFX Application Thread] INFO  c.s.d.p.node.HomePageMenuItemPanel - ================================
18:37:03.432 [JavaFX Application Thread] INFO  c.s.d.p.node.HomePageMenuItemPanel - === ToggleGroup 监听器被触发 ===
18:37:03.432 [JavaFX Application Thread] INFO  c.s.d.p.node.HomePageMenuItemPanel - oldToggle: myMusic
18:37:03.433 [JavaFX Application Thread] INFO  c.s.d.p.node.HomePageMenuItemPanel - newToggle: recent
18:37:03.433 [JavaFX Application Thread] INFO  c.s.d.p.node.HomePageMenuItemPanel - 当前选中的菜单项：recent
18:37:03.433 [JavaFX Application Thread] INFO  c.s.d.p.node.HomePageMenuItemPanel - 上一个被选中的菜单项：myMusic
18:37:03.433 [JavaFX Application Thread] INFO  c.s.d.p.node.HomePageMenuItemPanel - ================================
18:37:04.352 [JavaFX Application Thread] INFO  c.s.d.p.node.HomePageMenuItemPanel - === ToggleGroup 监听器被触发 ===
18:37:04.352 [JavaFX Application Thread] INFO  c.s.d.p.node.HomePageMenuItemPanel - oldToggle: recent
18:37:04.353 [JavaFX Application Thread] INFO  c.s.d.p.node.HomePageMenuItemPanel - newToggle: myMusic
18:37:04.353 [JavaFX Application Thread] INFO  c.s.d.p.node.HomePageMenuItemPanel - 当前选中的菜单项：myMusic
18:37:04.353 [JavaFX Application Thread] INFO  c.s.d.p.node.HomePageMenuItemPanel - 上一个被选中的菜单项：recent
18:37:04.353 [JavaFX Application Thread] INFO  c.s.d.p.node.HomePageMenuItemPanel - ================================
