19:45:37.163 [JavaFX Application Thread] INFO  com.stickpoint.ddmusic.App - === 应用启动调试信息 ===
19:45:37.165 [JavaFX Application Thread] INFO  com.stickpoint.ddmusic.App - Java 版本: 21.0.7
19:45:37.165 [JavaFX Application Thread] INFO  com.stickpoint.ddmusic.App - JavaFX 版本: 21.0.7
19:45:37.165 [JavaFX Application Thread] INFO  com.stickpoint.ddmusic.App - 工作目录: G:\codeData\java\javafxProjects\bendy2025\ddmusic
19:45:37.165 [JavaFX Application Thread] INFO  com.stickpoint.ddmusic.App - 1. 开始创建 HomePage
19:45:37.780 [JavaFX Application Thread] INFO  com.stickpoint.ddmusic.App - 2. HomePage 创建成功
19:45:37.780 [JavaFX Application Thread] INFO  com.stickpoint.ddmusic.App - 3. 开始创建场景
19:45:37.809 [JavaFX Application Thread] INFO  com.stickpoint.ddmusic.App - 4. 场景创建成功
19:45:37.810 [JavaFX Application Thread] INFO  com.stickpoint.ddmusic.App - 5. 设置舞台属性
19:45:37.810 [JavaFX Application Thread] INFO  com.stickpoint.ddmusic.App - 6. 舞台属性设置完成
19:45:37.811 [JavaFX Application Thread] INFO  com.stickpoint.ddmusic.App - 7. 加载图标
19:45:37.812 [JavaFX Application Thread] INFO  com.stickpoint.ddmusic.App - 图标URL: file:/G:/codeData/java/javafxProjects/bendy2025/ddmusic/target/classes/img/logo.svg
19:45:37.813 [JavaFX Application Thread] INFO  com.stickpoint.ddmusic.App - 8. 图标加载成功
19:45:37.813 [JavaFX Application Thread] INFO  com.stickpoint.ddmusic.App - 9. 显示舞台
19:45:37.986 [JavaFX Application Thread] INFO  com.stickpoint.ddmusic.App - 10. 添加窗口缩放支持
19:45:37.987 [JavaFX Application Thread] INFO  com.stickpoint.ddmusic.App - 11. 居中显示
19:45:37.988 [JavaFX Application Thread] INFO  com.stickpoint.ddmusic.App - 12. 应用启动完成
19:45:45.043 [JavaFX Application Thread] INFO  c.s.d.p.n.MusicPlayDetailContainer - 暂停旋转
19:45:45.043 [JavaFX Application Thread] INFO  c.s.d.p.n.MusicPlayDetailContainer - 当前播放状态: PAUSED
19:48:01.319 [JavaFX Application Thread] INFO  com.stickpoint.ddmusic.App - === 应用启动调试信息 ===
19:48:01.320 [JavaFX Application Thread] INFO  com.stickpoint.ddmusic.App - Java 版本: 21.0.7
19:48:01.320 [JavaFX Application Thread] INFO  com.stickpoint.ddmusic.App - JavaFX 版本: 21.0.7
19:48:01.321 [JavaFX Application Thread] INFO  com.stickpoint.ddmusic.App - 工作目录: G:\codeData\java\javafxProjects\bendy2025\ddmusic
19:48:01.321 [JavaFX Application Thread] INFO  com.stickpoint.ddmusic.App - 1. 开始创建 HomePage
19:48:01.823 [JavaFX Application Thread] INFO  com.stickpoint.ddmusic.App - 2. HomePage 创建成功
19:48:01.825 [JavaFX Application Thread] INFO  com.stickpoint.ddmusic.App - 3. 开始创建场景
19:48:01.851 [JavaFX Application Thread] INFO  com.stickpoint.ddmusic.App - 4. 场景创建成功
19:48:01.852 [JavaFX Application Thread] INFO  com.stickpoint.ddmusic.App - 5. 设置舞台属性
19:48:01.852 [JavaFX Application Thread] INFO  com.stickpoint.ddmusic.App - 6. 舞台属性设置完成
19:48:01.852 [JavaFX Application Thread] INFO  com.stickpoint.ddmusic.App - 7. 加载图标
19:48:01.852 [JavaFX Application Thread] INFO  com.stickpoint.ddmusic.App - 图标URL: file:/G:/codeData/java/javafxProjects/bendy2025/ddmusic/target/classes/img/logo.svg
19:48:01.854 [JavaFX Application Thread] INFO  com.stickpoint.ddmusic.App - 8. 图标加载成功
19:48:01.854 [JavaFX Application Thread] INFO  com.stickpoint.ddmusic.App - 9. 显示舞台
19:48:02.098 [JavaFX Application Thread] INFO  com.stickpoint.ddmusic.App - 10. 添加窗口缩放支持
19:48:02.099 [JavaFX Application Thread] INFO  com.stickpoint.ddmusic.App - 11. 居中显示
19:48:02.099 [JavaFX Application Thread] INFO  com.stickpoint.ddmusic.App - 12. 应用启动完成
19:48:13.276 [JavaFX Application Thread] INFO  c.s.d.p.n.MusicPlayDetailContainer - 暂停旋转
19:48:13.276 [JavaFX Application Thread] INFO  c.s.d.p.n.MusicPlayDetailContainer - 当前播放状态: PAUSED
19:50:48.161 [JavaFX Application Thread] INFO  com.stickpoint.ddmusic.App - === 应用启动调试信息 ===
19:50:48.163 [JavaFX Application Thread] INFO  com.stickpoint.ddmusic.App - Java 版本: 21.0.7
19:50:48.164 [JavaFX Application Thread] INFO  com.stickpoint.ddmusic.App - JavaFX 版本: 21.0.7
19:50:48.164 [JavaFX Application Thread] INFO  com.stickpoint.ddmusic.App - 工作目录: G:\codeData\java\javafxProjects\bendy2025\ddmusic
19:50:48.164 [JavaFX Application Thread] INFO  com.stickpoint.ddmusic.App - 1. 开始创建 HomePage
19:50:48.654 [JavaFX Application Thread] INFO  com.stickpoint.ddmusic.App - 2. HomePage 创建成功
19:50:48.654 [JavaFX Application Thread] INFO  com.stickpoint.ddmusic.App - 3. 开始创建场景
19:50:48.675 [JavaFX Application Thread] INFO  com.stickpoint.ddmusic.App - 4. 场景创建成功
19:50:48.676 [JavaFX Application Thread] INFO  com.stickpoint.ddmusic.App - 5. 设置舞台属性
19:50:48.676 [JavaFX Application Thread] INFO  com.stickpoint.ddmusic.App - 6. 舞台属性设置完成
19:50:48.677 [JavaFX Application Thread] INFO  com.stickpoint.ddmusic.App - 7. 加载图标
19:50:48.678 [JavaFX Application Thread] INFO  com.stickpoint.ddmusic.App - 图标URL: file:/G:/codeData/java/javafxProjects/bendy2025/ddmusic/target/classes/img/logo.svg
19:50:48.678 [JavaFX Application Thread] INFO  com.stickpoint.ddmusic.App - 8. 图标加载成功
19:50:48.679 [JavaFX Application Thread] INFO  com.stickpoint.ddmusic.App - 9. 显示舞台
19:50:48.892 [JavaFX Application Thread] INFO  com.stickpoint.ddmusic.App - 10. 添加窗口缩放支持
19:50:48.894 [JavaFX Application Thread] INFO  com.stickpoint.ddmusic.App - 11. 居中显示
19:50:48.894 [JavaFX Application Thread] INFO  com.stickpoint.ddmusic.App - 12. 应用启动完成
19:50:56.222 [JavaFX Application Thread] INFO  c.s.d.p.n.MusicPlayDetailContainer - 暂停旋转
19:50:56.223 [JavaFX Application Thread] INFO  c.s.d.p.n.MusicPlayDetailContainer - 当前播放状态: PAUSED
19:51:03.541 [JavaFX Application Thread] INFO  c.s.d.p.n.MusicPlayDetailContainer - 暂停旋转
19:51:03.543 [JavaFX Application Thread] INFO  c.s.d.p.n.MusicPlayDetailContainer - 当前播放状态: PAUSED
19:54:03.884 [JavaFX Application Thread] INFO  com.stickpoint.ddmusic.App - === 应用启动调试信息 ===
19:54:03.885 [JavaFX Application Thread] INFO  com.stickpoint.ddmusic.App - Java 版本: 21.0.7
19:54:03.885 [JavaFX Application Thread] INFO  com.stickpoint.ddmusic.App - JavaFX 版本: 21.0.7
19:54:03.885 [JavaFX Application Thread] INFO  com.stickpoint.ddmusic.App - 工作目录: G:\codeData\java\javafxProjects\bendy2025\ddmusic
19:54:03.886 [JavaFX Application Thread] INFO  com.stickpoint.ddmusic.App - 1. 开始创建 HomePage
19:54:04.379 [JavaFX Application Thread] INFO  com.stickpoint.ddmusic.App - 2. HomePage 创建成功
19:54:04.379 [JavaFX Application Thread] INFO  com.stickpoint.ddmusic.App - 3. 开始创建场景
19:54:04.409 [JavaFX Application Thread] INFO  com.stickpoint.ddmusic.App - 4. 场景创建成功
19:54:04.409 [JavaFX Application Thread] INFO  com.stickpoint.ddmusic.App - 5. 设置舞台属性
19:54:04.409 [JavaFX Application Thread] INFO  com.stickpoint.ddmusic.App - 6. 舞台属性设置完成
19:54:04.410 [JavaFX Application Thread] INFO  com.stickpoint.ddmusic.App - 7. 加载图标
19:54:04.410 [JavaFX Application Thread] INFO  com.stickpoint.ddmusic.App - 图标URL: file:/G:/codeData/java/javafxProjects/bendy2025/ddmusic/target/classes/img/logo.svg
19:54:04.410 [JavaFX Application Thread] INFO  com.stickpoint.ddmusic.App - 8. 图标加载成功
19:54:04.410 [JavaFX Application Thread] INFO  com.stickpoint.ddmusic.App - 9. 显示舞台
19:54:04.608 [JavaFX Application Thread] INFO  com.stickpoint.ddmusic.App - 10. 添加窗口缩放支持
19:54:04.609 [JavaFX Application Thread] INFO  com.stickpoint.ddmusic.App - 11. 居中显示
19:54:04.609 [JavaFX Application Thread] INFO  com.stickpoint.ddmusic.App - 12. 应用启动完成
19:55:02.315 [JavaFX Application Thread] INFO  c.s.d.p.n.MusicPlayDetailContainer - 暂停旋转
19:55:02.316 [JavaFX Application Thread] INFO  c.s.d.p.n.MusicPlayDetailContainer - 当前播放状态: PAUSED
21:42:02.522 [JavaFX Application Thread] INFO  com.stickpoint.ddmusic.App - === 应用启动调试信息 ===
21:42:02.524 [JavaFX Application Thread] INFO  com.stickpoint.ddmusic.App - Java 版本: 21.0.7
21:42:02.524 [JavaFX Application Thread] INFO  com.stickpoint.ddmusic.App - JavaFX 版本: 21.0.7
21:42:02.524 [JavaFX Application Thread] INFO  com.stickpoint.ddmusic.App - 工作目录: G:\codeData\java\javafxProjects\bendy2025\ddmusic
21:42:02.525 [JavaFX Application Thread] INFO  com.stickpoint.ddmusic.App - 1. 开始创建 HomePage
21:42:03.141 [JavaFX Application Thread] INFO  com.stickpoint.ddmusic.App - 2. HomePage 创建成功
21:42:03.141 [JavaFX Application Thread] INFO  com.stickpoint.ddmusic.App - 3. 开始创建场景
21:42:03.178 [JavaFX Application Thread] INFO  com.stickpoint.ddmusic.App - 4. 场景创建成功
21:42:03.179 [JavaFX Application Thread] INFO  com.stickpoint.ddmusic.App - 5. 设置舞台属性
21:42:03.180 [JavaFX Application Thread] INFO  com.stickpoint.ddmusic.App - 6. 舞台属性设置完成
21:42:03.181 [JavaFX Application Thread] INFO  com.stickpoint.ddmusic.App - 7. 加载图标
21:42:03.181 [JavaFX Application Thread] INFO  com.stickpoint.ddmusic.App - 图标URL: file:/G:/codeData/java/javafxProjects/bendy2025/ddmusic/target/classes/img/logo.svg
21:42:03.182 [JavaFX Application Thread] INFO  com.stickpoint.ddmusic.App - 8. 图标加载成功
21:42:03.183 [JavaFX Application Thread] INFO  com.stickpoint.ddmusic.App - 9. 显示舞台
21:42:03.455 [JavaFX Application Thread] INFO  com.stickpoint.ddmusic.App - 10. 添加窗口缩放支持
21:42:03.456 [JavaFX Application Thread] INFO  com.stickpoint.ddmusic.App - 11. 居中显示
21:42:03.457 [JavaFX Application Thread] INFO  com.stickpoint.ddmusic.App - 12. 应用启动完成
21:42:07.642 [JavaFX Application Thread] INFO  c.s.d.p.n.MusicPlayDetailContainer - 暂停旋转
21:42:07.644 [JavaFX Application Thread] INFO  c.s.d.p.n.MusicPlayDetailContainer - 当前播放状态: PAUSED
21:43:58.352 [JavaFX Application Thread] INFO  com.stickpoint.ddmusic.App - === 应用启动调试信息 ===
21:43:58.354 [JavaFX Application Thread] INFO  com.stickpoint.ddmusic.App - Java 版本: 21.0.7
21:43:58.354 [JavaFX Application Thread] INFO  com.stickpoint.ddmusic.App - JavaFX 版本: 21.0.7
21:43:58.354 [JavaFX Application Thread] INFO  com.stickpoint.ddmusic.App - 工作目录: G:\codeData\java\javafxProjects\bendy2025\ddmusic
21:43:58.355 [JavaFX Application Thread] INFO  com.stickpoint.ddmusic.App - 1. 开始创建 HomePage
21:43:58.871 [JavaFX Application Thread] INFO  com.stickpoint.ddmusic.App - 2. HomePage 创建成功
21:43:58.871 [JavaFX Application Thread] INFO  com.stickpoint.ddmusic.App - 3. 开始创建场景
21:43:58.897 [JavaFX Application Thread] INFO  com.stickpoint.ddmusic.App - 4. 场景创建成功
21:43:58.897 [JavaFX Application Thread] INFO  com.stickpoint.ddmusic.App - 5. 设置舞台属性
21:43:58.898 [JavaFX Application Thread] INFO  com.stickpoint.ddmusic.App - 6. 舞台属性设置完成
21:43:58.898 [JavaFX Application Thread] INFO  com.stickpoint.ddmusic.App - 7. 加载图标
21:43:58.898 [JavaFX Application Thread] INFO  com.stickpoint.ddmusic.App - 图标URL: file:/G:/codeData/java/javafxProjects/bendy2025/ddmusic/target/classes/img/logo.svg
21:43:58.899 [JavaFX Application Thread] INFO  com.stickpoint.ddmusic.App - 8. 图标加载成功
21:43:58.900 [JavaFX Application Thread] INFO  com.stickpoint.ddmusic.App - 9. 显示舞台
21:43:59.087 [JavaFX Application Thread] INFO  com.stickpoint.ddmusic.App - 10. 添加窗口缩放支持
21:43:59.088 [JavaFX Application Thread] INFO  com.stickpoint.ddmusic.App - 11. 居中显示
21:43:59.088 [JavaFX Application Thread] INFO  com.stickpoint.ddmusic.App - 12. 应用启动完成
21:44:56.756 [JavaFX Application Thread] INFO  c.s.d.p.n.MusicPlayDetailContainer - 暂停旋转
21:44:56.756 [JavaFX Application Thread] INFO  c.s.d.p.n.MusicPlayDetailContainer - 当前播放状态: PAUSED
21:45:21.572 [JavaFX Application Thread] INFO  c.s.d.p.n.MusicPlayDetailContainer - 暂停旋转
21:45:21.573 [JavaFX Application Thread] INFO  c.s.d.p.n.MusicPlayDetailContainer - 当前播放状态: PAUSED
21:45:34.427 [JavaFX Application Thread] INFO  c.s.d.p.node.HomePageMenuItemPanel - === ToggleGroup 监听器被触发 ===
21:45:34.427 [JavaFX Application Thread] INFO  c.s.d.p.node.HomePageMenuItemPanel - oldToggle: null
21:45:34.428 [JavaFX Application Thread] INFO  c.s.d.p.node.HomePageMenuItemPanel - newToggle: recommend
21:45:34.428 [JavaFX Application Thread] INFO  c.s.d.p.node.HomePageMenuItemPanel - 当前选中的菜单项：recommend
21:45:34.428 [JavaFX Application Thread] INFO  c.s.d.p.node.HomePageMenuItemPanel - ================================
21:45:35.251 [JavaFX Application Thread] INFO  c.s.d.p.node.HomePageMenuItemPanel - === ToggleGroup 监听器被触发 ===
21:45:35.251 [JavaFX Application Thread] INFO  c.s.d.p.node.HomePageMenuItemPanel - oldToggle: recommend
21:45:35.251 [JavaFX Application Thread] INFO  c.s.d.p.node.HomePageMenuItemPanel - newToggle: myPlaylist
21:45:35.252 [JavaFX Application Thread] INFO  c.s.d.p.node.HomePageMenuItemPanel - 当前选中的菜单项：myPlaylist
21:45:35.252 [JavaFX Application Thread] INFO  c.s.d.p.node.HomePageMenuItemPanel - 上一个被选中的菜单项：recommend
21:45:35.252 [JavaFX Application Thread] INFO  c.s.d.p.node.HomePageMenuItemPanel - ================================
21:45:35.804 [JavaFX Application Thread] INFO  c.s.d.p.node.HomePageMenuItemPanel - === ToggleGroup 监听器被触发 ===
21:45:35.804 [JavaFX Application Thread] INFO  c.s.d.p.node.HomePageMenuItemPanel - oldToggle: myPlaylist
21:45:35.804 [JavaFX Application Thread] INFO  c.s.d.p.node.HomePageMenuItemPanel - newToggle: recent
21:45:35.805 [JavaFX Application Thread] INFO  c.s.d.p.node.HomePageMenuItemPanel - 当前选中的菜单项：recent
21:45:35.805 [JavaFX Application Thread] INFO  c.s.d.p.node.HomePageMenuItemPanel - 上一个被选中的菜单项：myPlaylist
21:45:35.805 [JavaFX Application Thread] INFO  c.s.d.p.node.HomePageMenuItemPanel - ================================
21:46:15.843 [JavaFX Application Thread] INFO  c.s.d.p.n.MusicPlayDetailContainer - 暂停旋转
21:46:15.844 [JavaFX Application Thread] INFO  c.s.d.p.n.MusicPlayDetailContainer - 当前播放状态: PAUSED
21:47:11.889 [JavaFX Application Thread] INFO  com.stickpoint.ddmusic.App - === 应用启动调试信息 ===
21:47:11.891 [JavaFX Application Thread] INFO  com.stickpoint.ddmusic.App - Java 版本: 21.0.7
21:47:11.891 [JavaFX Application Thread] INFO  com.stickpoint.ddmusic.App - JavaFX 版本: 21.0.7
21:47:11.891 [JavaFX Application Thread] INFO  com.stickpoint.ddmusic.App - 工作目录: G:\codeData\java\javafxProjects\bendy2025\ddmusic
21:47:11.891 [JavaFX Application Thread] INFO  com.stickpoint.ddmusic.App - 1. 开始创建 HomePage
21:47:12.391 [JavaFX Application Thread] INFO  com.stickpoint.ddmusic.App - 2. HomePage 创建成功
21:47:12.391 [JavaFX Application Thread] INFO  com.stickpoint.ddmusic.App - 3. 开始创建场景
21:47:12.410 [JavaFX Application Thread] INFO  com.stickpoint.ddmusic.App - 4. 场景创建成功
21:47:12.410 [JavaFX Application Thread] INFO  com.stickpoint.ddmusic.App - 5. 设置舞台属性
21:47:12.411 [JavaFX Application Thread] INFO  com.stickpoint.ddmusic.App - 6. 舞台属性设置完成
21:47:12.412 [JavaFX Application Thread] INFO  com.stickpoint.ddmusic.App - 7. 加载图标
21:47:12.412 [JavaFX Application Thread] INFO  com.stickpoint.ddmusic.App - 图标URL: file:/G:/codeData/java/javafxProjects/bendy2025/ddmusic/target/classes/img/logo.svg
21:47:12.413 [JavaFX Application Thread] INFO  com.stickpoint.ddmusic.App - 8. 图标加载成功
21:47:12.413 [JavaFX Application Thread] INFO  com.stickpoint.ddmusic.App - 9. 显示舞台
21:47:12.590 [JavaFX Application Thread] INFO  com.stickpoint.ddmusic.App - 10. 添加窗口缩放支持
21:47:12.591 [JavaFX Application Thread] INFO  com.stickpoint.ddmusic.App - 11. 居中显示
21:47:12.592 [JavaFX Application Thread] INFO  com.stickpoint.ddmusic.App - 12. 应用启动完成
21:47:18.667 [JavaFX Application Thread] INFO  c.s.d.p.n.MusicPlayDetailContainer - 暂停旋转
21:47:18.668 [JavaFX Application Thread] INFO  c.s.d.p.n.MusicPlayDetailContainer - 当前播放状态: PAUSED
21:47:22.198 [JavaFX Application Thread] INFO  c.s.d.p.n.MusicPlayDetailContainer - 暂停旋转
21:47:22.198 [JavaFX Application Thread] INFO  c.s.d.p.n.MusicPlayDetailContainer - 当前播放状态: PAUSED
21:47:32.025 [JavaFX Application Thread] INFO  com.stickpoint.ddmusic.App - === 应用启动调试信息 ===
21:47:32.026 [JavaFX Application Thread] INFO  com.stickpoint.ddmusic.App - Java 版本: 21.0.7
21:47:32.027 [JavaFX Application Thread] INFO  com.stickpoint.ddmusic.App - JavaFX 版本: 21.0.7
21:47:32.027 [JavaFX Application Thread] INFO  com.stickpoint.ddmusic.App - 工作目录: G:\codeData\java\javafxProjects\bendy2025\ddmusic
21:47:32.027 [JavaFX Application Thread] INFO  com.stickpoint.ddmusic.App - 1. 开始创建 HomePage
21:47:32.536 [JavaFX Application Thread] INFO  com.stickpoint.ddmusic.App - 2. HomePage 创建成功
21:47:32.536 [JavaFX Application Thread] INFO  com.stickpoint.ddmusic.App - 3. 开始创建场景
21:47:32.560 [JavaFX Application Thread] INFO  com.stickpoint.ddmusic.App - 4. 场景创建成功
21:47:32.561 [JavaFX Application Thread] INFO  com.stickpoint.ddmusic.App - 5. 设置舞台属性
21:47:32.562 [JavaFX Application Thread] INFO  com.stickpoint.ddmusic.App - 6. 舞台属性设置完成
21:47:32.562 [JavaFX Application Thread] INFO  com.stickpoint.ddmusic.App - 7. 加载图标
21:47:32.563 [JavaFX Application Thread] INFO  com.stickpoint.ddmusic.App - 图标URL: file:/G:/codeData/java/javafxProjects/bendy2025/ddmusic/target/classes/img/logo.svg
21:47:32.564 [JavaFX Application Thread] INFO  com.stickpoint.ddmusic.App - 8. 图标加载成功
21:47:32.564 [JavaFX Application Thread] INFO  com.stickpoint.ddmusic.App - 9. 显示舞台
21:47:32.765 [JavaFX Application Thread] INFO  com.stickpoint.ddmusic.App - 10. 添加窗口缩放支持
21:47:32.766 [JavaFX Application Thread] INFO  com.stickpoint.ddmusic.App - 11. 居中显示
21:47:32.766 [JavaFX Application Thread] INFO  com.stickpoint.ddmusic.App - 12. 应用启动完成
21:47:37.251 [JavaFX Application Thread] INFO  c.s.d.p.n.MusicPlayDetailContainer - 暂停旋转
21:47:37.252 [JavaFX Application Thread] INFO  c.s.d.p.n.MusicPlayDetailContainer - 当前播放状态: PAUSED
21:47:50.027 [JavaFX Application Thread] INFO  c.s.d.p.n.MusicPlayDetailContainer - 暂停旋转
21:47:50.028 [JavaFX Application Thread] INFO  c.s.d.p.n.MusicPlayDetailContainer - 当前播放状态: PAUSED
